>>> [0mINFO[0m >>> === Starting Invoice Generation (Refactored) ===
>>> [0mINFO[0m >>> Started at: 15:31:21
>>> [36mDEBUG[0m >>> [generate_invoice.py:285 in main()] Arguments: {'input_data_file': 'C:\\Users\\JPZ031127\\Desktop\\refactor\\invoice_generator\\JF.json', 'output': 'C:\\Users\\JPZ031127\\Desktop\\refactor\\result_test2.xlsx', 'templatedir': 'C:\\Users\\JPZ031127\\Desktop\\refactor\\invoice_generator\\template', 'configdir': 'C:\\Users\\JPZ031127\\Desktop\\refactor\\invoice_generator\\config_bundled', 'DAF': True, 'custom': False, 'debug': True, 'log_level': 'INFO'}
>>> [0mINFO[0m >>> Deriving paths from input: C:\Users\JPZ031127\Desktop\refactor\invoice_generator\JF.json
>>> [36mDEBUG[0m >>> [generate_invoice.py:68 in derive_paths()] Derived initial template name part: 'JF'
>>> [36mDEBUG[0m >>> [generate_invoice.py:74 in derive_paths()] Checking for exact match: Template='C:\Users\JPZ031127\Desktop\refactor\invoice_generator\template\JF.xlsx', Config='C:\Users\JPZ031127\Desktop\refactor\invoice_generator\config_bundled\JF_config.json'
>>> [0mINFO[0m >>> Found exact match for template and bundled config (subdir): C:\Users\JPZ031127\Desktop\refactor\invoice_generator\config_bundled\JF_config\JF_config.json
>>> [36mDEBUG[0m >>> [config_loader.py:54 in _load()] Loading configuration from: C:\Users\JPZ031127\Desktop\refactor\invoice_generator\config_bundled\JF_config\JF_config.json
>>> [0mINFO[0m >>> Configuration loaded successfully.
>>> [0mINFO[0m >>> Detected bundled config version: 2.1_developer_optimized
>>> [0mINFO[0m >>> Loading data from: C:\Users\JPZ031127\Desktop\refactor\invoice_generator\JF.json
>>> [0mINFO[0m >>> Template will be loaded as read-only for state capture
>>> [0mINFO[0m >>> Loading template and creating new workbook...
>>> [36mDEBUG[0m >>> [generate_invoice.py:320 in main()] Loading template from: C:\Users\JPZ031127\Desktop\refactor\invoice_generator\template\JF.xlsx
>>> [36mDEBUG[0m >>> [generate_invoice.py:325 in main()] Template loaded successfully (read_only=False)
>>> [36mDEBUG[0m >>> [generate_invoice.py:326 in main()]    Template sheets: ['Contract', 'Invoice', 'Packing list']
>>> [36mDEBUG[0m >>> [generate_invoice.py:330 in main()] Found 3 sheets in template
>>> [36mDEBUG[0m >>> [generate_invoice.py:333 in main()] Creating new output workbook using WorkbookBuilder...
>>> [0mINFO[0m >>> Creating new workbook with 3 sheets
>>> [36mDEBUG[0m >>> [workbook_builder.py:45 in build()] Created sheet: 'Contract'
>>> [36mDEBUG[0m >>> [workbook_builder.py:45 in build()] Created sheet: 'Invoice'
>>> [36mDEBUG[0m >>> [workbook_builder.py:45 in build()] Created sheet: 'Packing list'
>>> [0mINFO[0m >>> New workbook created successfully
>>> [36mDEBUG[0m >>> [generate_invoice.py:338 in main()] New output workbook created with 3 sheets
>>> [36mDEBUG[0m >>> [generate_invoice.py:344 in main()] Both template (read) and output (write) workbooks ready
>>> [36mDEBUG[0m >>> [generate_invoice.py:363 in main()] DEBUG: Globally calculated final grand total pallets: 26
>>> [0mINFO[0m >>> Processing sheet 'Invoice'
>>> [36mDEBUG[0m >>> [config_loader.py:123 in get_styling_config()] get_styling_config for 'Invoice'
>>> [36mDEBUG[0m >>> [config_loader.py:124 in get_styling_config()] Keys in sheet_styling: ['_comment', 'columns', 'row_contexts']
>>> [36mDEBUG[0m >>> [config_loader.py:129 in get_styling_config()] NEW FORMAT detected - returning columns + row_contexts as-is
>>> [0mINFO[0m >>> Processing sheet 'Invoice' as single table/aggregation
>>> [36mDEBUG[0m >>> [single_table_processor.py:48 in process()] Calculated weight totals for Invoice: N.W=7822.0000, G.W=8407.0000
>>> [36mDEBUG[0m >>> [config_loader.py:123 in get_styling_config()] get_styling_config for 'Invoice'
>>> [36mDEBUG[0m >>> [config_loader.py:124 in get_styling_config()] Keys in sheet_styling: ['_comment', 'columns', 'row_contexts']
>>> [36mDEBUG[0m >>> [config_loader.py:129 in get_styling_config()] NEW FORMAT detected - returning columns + row_contexts as-is
>>> [36mDEBUG[0m >>> [builder_config_resolver.py:197 in _adapt_invoice_data_for_sheet()] Sheet Invoice (data_source=aggregation) will use processed_tables_data['1'] for metadata (inv_no, inv_date, inv_ref)
>>> [36mDEBUG[0m >>> [single_table_processor.py:73 in process()] layout_config keys: ['sheet_config', 'blanks', 'static_content', 'merge_rules', 'enable_text_replacement', 'skip_data_table_builder']
>>> [36mDEBUG[0m >>> [single_table_processor.py:74 in process()] skip_data_table_builder in layout_config: False
>>> [36mDEBUG[0m >>> [single_table_processor.py:75 in process()] skip_data_table_builder in sheet_config: NOT SET
>>> [36mDEBUG[0m >>> [builder_config_resolver.py:465 in _construct_header_info()] Column filtering: 7 total → 7 after filtering (DAF=True, custom=False)
>>> [36mDEBUG[0m >>> [single_table_processor.py:86 in process()] header_info keys: ['second_row_index', 'column_map', 'column_id_map', 'num_columns', 'column_formats', 'column_colspan']
>>> [36mDEBUG[0m >>> [builder_config_resolver.py:465 in _construct_header_info()] Column filtering: 7 total → 7 after filtering (DAF=True, custom=False)
>>> [36mDEBUG[0m >>> [builder_config_resolver.py:197 in _adapt_invoice_data_for_sheet()] Sheet Invoice (data_source=aggregation) will use processed_tables_data['1'] for metadata (inv_no, inv_date, inv_ref)
>>> [0mINFO[0m >>> Merged 3 static values into first 3 data rows
>>> [0mINFO[0m >>> Successfully resolved table data using TableDataAdapter
>>> [36mDEBUG[0m >>> [layout_builder.py:132 in __init__()] LayoutBuilder initialized: skip_data_table_builder=False
>>> [0mINFO[0m >>> Building layout for sheet 'Invoice'
>>> [36mDEBUG[0m >>> [layout_builder.py:149 in build()] Reading from template, writing to output worksheet
>>> [36mDEBUG[0m >>> [layout_builder.py:178 in build()] [LayoutBuilder DEBUG] sheet_name=Invoice, header_row=1, table_header_row=21
>>> [36mDEBUG[0m >>> [layout_builder.py:179 in build()] [LayoutBuilder DEBUG] all_sheet_configs keys: ['_comment', 'Invoice', 'Contract', 'Packing list']
>>> [36mDEBUG[0m >>> [layout_builder.py:189 in build()] [LayoutBuilder DEBUG] template_header: rows 1-20, table_header: row 21, footer_start: row 25
>>> [0mINFO[0m >>> Capturing template state from template worksheet
>>> [36mDEBUG[0m >>> [template_state_builder.py:50 in __init__()] TemplateStateBuilder init: worksheet=Invoice, header_end=20, footer_start=25
>>> [36mDEBUG[0m >>> [template_state_builder.py:79 in __init__()] Template dimensions: max_col=15, max_row=35, num_header_cols=0
>>> [36mDEBUG[0m >>> [template_state_builder.py:83 in __init__()] Capturing template state during init
>>> [36mDEBUG[0m >>> [template_state_builder.py:84 in __init__()] Header: rows 1-20, Footer: rows 25-35
>>> [36mDEBUG[0m >>> [template_state_builder.py:255 in _capture_header()] === CAPTURING HEADER (rows 1 to 20) ===
>>> [36mDEBUG[0m >>> [template_state_builder.py:265 in _capture_header()]   Header starts at row 1, ends at row 20
>>> [36mDEBUG[0m >>> [template_state_builder.py:266 in _capture_header()]   Max columns: 15
>>> [36mDEBUG[0m >>> [template_state_builder.py:312 in _capture_header()]   Row 1: A1='CALIFOR UPHOLSTERY MATERIALS CO., LTD.'
>>> [36mDEBUG[0m >>> [template_state_builder.py:320 in _capture_header()]     Style: A1: value='CALIFOR UPHOLSTERY MATERIALS C...', font(name=Times New Roman, size=20.0, bold, color=Values must be of type <class 'str'>), align(h=center, v=center)
>>> [36mDEBUG[0m >>> [template_state_builder.py:320 in _capture_header()]     Style: B1: font(name=Times New Roman, size=20.0, bold, color=Values must be of type <class 'str'>), align(h=center, v=center)
>>> [36mDEBUG[0m >>> [template_state_builder.py:312 in _capture_header()]   Row 2: A2=' XIN BAVET SEZ, Road No. 316A, Trapeang Bon and  P'
>>> [36mDEBUG[0m >>> [template_state_builder.py:320 in _capture_header()]     Style: A2: value=' XIN BAVET SEZ, Road No. 316A,...', font(name=Times New Roman, size=11.0, color=Values must be of type <class 'str'>), align(h=center, v=center)
>>> [36mDEBUG[0m >>> [template_state_builder.py:320 in _capture_header()]     Style: B2: font(name=Times New Roman, size=11.0, color=Values must be of type <class 'str'>), align(h=center, v=center)
>>> [36mDEBUG[0m >>> [template_state_builder.py:312 in _capture_header()]   Row 3: A3='Svay Rieng Province, Kingdom of Cambodia.'
>>> [36mDEBUG[0m >>> [template_state_builder.py:320 in _capture_header()]     Style: A3: value='Svay Rieng Province, Kingdom o...', font(name=Times New Roman, size=11.0, color=Values must be of type <class 'str'>), align(h=center, v=top)
>>> [36mDEBUG[0m >>> [template_state_builder.py:320 in _capture_header()]     Style: B3: font(name=Times New Roman, size=11.0, color=Values must be of type <class 'str'>), align(h=center, v=top)
>>> [36mDEBUG[0m >>> [template_state_builder.py:312 in _capture_header()]   Row 4: A4='VAT:L001-901903209'
>>> [36mDEBUG[0m >>> [template_state_builder.py:320 in _capture_header()]     Style: A4: value='VAT:L001-901903209', font(name=Times New Roman, size=11.0, color=Values must be of type <class 'str'>), align(h=center, v=center)
>>> [36mDEBUG[0m >>> [template_state_builder.py:320 in _capture_header()]     Style: B4: font(name=Times New Roman, size=11.0, color=Values must be of type <class 'str'>), align(h=center, v=center)
>>> [36mDEBUG[0m >>> [template_state_builder.py:312 in _capture_header()]   Row 5: A5='Tel: +855   975910636'
>>> [36mDEBUG[0m >>> [template_state_builder.py:320 in _capture_header()]     Style: A5: value='Tel: +855   975910636', font(name=Times New Roman, size=11.0, color=Values must be of type <class 'str'>), border(B:medium), align(h=center, v=top)
>>> [36mDEBUG[0m >>> [template_state_builder.py:320 in _capture_header()]     Style: B5: font(name=Times New Roman, size=11.0, color=Values must be of type <class 'str'>), border(B:medium), align(h=center, v=top)
>>> [36mDEBUG[0m >>> [template_state_builder.py:312 in _capture_header()]   Row 6: A6='INVOICE'
>>> [36mDEBUG[0m >>> [template_state_builder.py:320 in _capture_header()]     Style: A6: value='INVOICE', font(name=Times New Roman, size=24.0, bold, color=Values must be of type <class 'str'>), border(T:medium), align(h=center, v=center)
>>> [36mDEBUG[0m >>> [template_state_builder.py:320 in _capture_header()]     Style: B6: font(name=Times New Roman, size=24.0, bold, color=Values must be of type <class 'str'>), border(T:medium), align(h=center, v=center)
>>> [36mDEBUG[0m >>> [template_state_builder.py:283 in _capture_header()]   METADATA CELL K7: value=None
>>> [36mDEBUG[0m >>> [template_state_builder.py:312 in _capture_header()]   Row 7: F7='Ref No.:', G7='JFREF'
>>> [36mDEBUG[0m >>> [template_state_builder.py:320 in _capture_header()]     Style: A7: font(name=Times New Roman, size=11.0, color=Values must be of type <class 'str'>)
>>> [36mDEBUG[0m >>> [template_state_builder.py:320 in _capture_header()]     Style: B7: font(name=Times New Roman, size=11.0, color=Values must be of type <class 'str'>)
>>> [36mDEBUG[0m >>> [template_state_builder.py:283 in _capture_header()]   METADATA CELL K8: value=None
>>> [36mDEBUG[0m >>> [template_state_builder.py:312 in _capture_header()]   Row 8: A8='EXPORTER:', B8='CALIFOR UPHOLSTERY MATERIALS CO., LTD.', F8='INVOICE NO :', G8='JFINV'
>>> [36mDEBUG[0m >>> [template_state_builder.py:320 in _capture_header()]     Style: A8: value='EXPORTER:', font(name=Times New Roman, size=11.0, bold, color=Values must be of type <class 'str'>), align(h=right)
>>> [36mDEBUG[0m >>> [template_state_builder.py:320 in _capture_header()]     Style: B8: value='CALIFOR UPHOLSTERY MATERIALS C...', font(name=Times New Roman, size=12.0, bold, color=Values must be of type <class 'str'>)
>>> [36mDEBUG[0m >>> [template_state_builder.py:283 in _capture_header()]   METADATA CELL K9: value=None
>>> [36mDEBUG[0m >>> [template_state_builder.py:312 in _capture_header()]   Row 9: B9='XIN BAVET SEZ, Road No. 316A, Trapeang Bon and Pre', F9='Date:', G9='JFTIME'
>>> [36mDEBUG[0m >>> [template_state_builder.py:320 in _capture_header()]     Style: A9: font(name=Times New Roman, size=11.0, color=Values must be of type <class 'str'>)
>>> [36mDEBUG[0m >>> [template_state_builder.py:320 in _capture_header()]     Style: B9: value='XIN BAVET SEZ, Road No. 316A, ...', font(name=Times New Roman, size=11.0, color=Values must be of type <class 'str'>)
>>> [36mDEBUG[0m >>> [template_state_builder.py:312 in _capture_header()]   Row 10: B10='Prey Kokir Commune, Chantrea District,Svay Rieng P', F10='FCA :', G10='BAVET, SVAYRIENG'
>>> [36mDEBUG[0m >>> [template_state_builder.py:320 in _capture_header()]     Style: A10: font(name=Times New Roman, size=11.0, color=Values must be of type <class 'str'>)
>>> [36mDEBUG[0m >>> [template_state_builder.py:320 in _capture_header()]     Style: B10: value='Prey Kokir Commune, Chantrea D...', font(name=Times New Roman, size=11.0, color=Values must be of type <class 'str'>)
>>> [36mDEBUG[0m >>> [template_state_builder.py:312 in _capture_header()]   Row 11: B11='Tel: +855   975910636'
>>> [36mDEBUG[0m >>> [template_state_builder.py:320 in _capture_header()]     Style: A11: font(name=Times New Roman, size=11.0, color=Values must be of type <class 'str'>)
>>> [36mDEBUG[0m >>> [template_state_builder.py:320 in _capture_header()]     Style: B11: value='Tel: +855   975910636', font(name=Times New Roman, size=11.0, color=Values must be of type <class 'str'>)
>>> [36mDEBUG[0m >>> [template_state_builder.py:312 in _capture_header()]   Row 13: A13='CONSIGNEE :', B13='JASON FURNITURE VIET NAM COMPANY LIMITED'
>>> [36mDEBUG[0m >>> [template_state_builder.py:320 in _capture_header()]     Style: A13: value='CONSIGNEE :', font(name=Times New Roman, size=12.0, bold, color=Values must be of type <class 'str'>), align(h=right)
>>> [36mDEBUG[0m >>> [template_state_builder.py:320 in _capture_header()]     Style: B13: value='JASON FURNITURE VIET NAM COMPA...', font(name=Times New Roman, size=11.0, bold, color=Values must be of type <class 'str'>)
>>> [36mDEBUG[0m >>> [template_state_builder.py:312 in _capture_header()]   Row 14: B14='LOT 37, 38, 39, 40, 41, 44, 50, 51, 54?55, 56?B2 C'
>>> [36mDEBUG[0m >>> [template_state_builder.py:320 in _capture_header()]     Style: A14: font(name=Times New Roman, size=11.0, color=Values must be of type <class 'str'>)
>>> [36mDEBUG[0m >>> [template_state_builder.py:320 in _capture_header()]     Style: B14: value='LOT 37, 38, 39, 40, 41, 44, 50...', font(name=Times New Roman, size=11.0, bold, color=Values must be of type <class 'str'>), align(v=center)
>>> [36mDEBUG[0m >>> [template_state_builder.py:312 in _capture_header()]   Row 15: B15='BINH PHUOC WARD,DONG NAI PROVINCE, VIETNAM'
>>> [36mDEBUG[0m >>> [template_state_builder.py:320 in _capture_header()]     Style: A15: font(name=Times New Roman, size=11.0, color=Values must be of type <class 'str'>)
>>> [36mDEBUG[0m >>> [template_state_builder.py:320 in _capture_header()]     Style: B15: value='BINH PHUOC WARD,DONG NAI PROVI...', font(name=Times New Roman, size=11.0, color=Values must be of type <class 'str'>), align(v=center)
>>> [36mDEBUG[0m >>> [template_state_builder.py:312 in _capture_header()]   Row 16: B16='Contact Person : Mr. Thuy   TEl: 0379367084'
>>> [36mDEBUG[0m >>> [template_state_builder.py:320 in _capture_header()]     Style: A16: font(name=Times New Roman, size=11.0, color=Values must be of type <class 'str'>)
>>> [36mDEBUG[0m >>> [template_state_builder.py:320 in _capture_header()]     Style: B16: value='Contact Person : Mr. Thuy   TE...', font(name=Times New Roman, size=11.0, color=Values must be of type <class 'str'>), align(v=center)
>>> [36mDEBUG[0m >>> [template_state_builder.py:312 in _capture_header()]   Row 17: B17='EMAlL:jyangbin4720@dingtalk.com jialy@kukahome.com'
>>> [36mDEBUG[0m >>> [template_state_builder.py:320 in _capture_header()]     Style: A17: font(name=Times New Roman, size=11.0, color=Values must be of type <class 'str'>)
>>> [36mDEBUG[0m >>> [template_state_builder.py:320 in _capture_header()]     Style: B17: value='EMAlL:jyangbin4720@dingtalk.co...', font(name=Times New Roman, size=11.0, color=Values must be of type <class 'str'>), align(v=center)
>>> [36mDEBUG[0m >>> [template_state_builder.py:312 in _capture_header()]   Row 18: B18='dailin@kukahome.com huanggf@kukahome.com zhangzp@k'
>>> [36mDEBUG[0m >>> [template_state_builder.py:320 in _capture_header()]     Style: A18: font(name=Times New Roman, size=11.0, color=Values must be of type <class 'str'>)
>>> [36mDEBUG[0m >>> [template_state_builder.py:320 in _capture_header()]     Style: B18: value='dailin@kukahome.com huanggf@ku...', font(name=Times New Roman, size=11.0, color=Values must be of type <class 'str'>), align(v=center)
>>> [36mDEBUG[0m >>> [template_state_builder.py:312 in _capture_header()]   Row 19: A19='SHIP: ', B19='BY?TRUCK?FROM?BAVET, SVAY RIENG, CAMBODIA?TO DONG '
>>> [36mDEBUG[0m >>> [template_state_builder.py:320 in _capture_header()]     Style: A19: value='SHIP: ', font(name=Calibri, size=11.0, bold, color=Values must be of type <class 'str'>), align(h=right)
>>> [36mDEBUG[0m >>> [template_state_builder.py:320 in _capture_header()]     Style: B19: value='BY?TRUCK?FROM?BAVET, SVAY RIEN...', font(name=Times New Roman, size=11.0, color=Values must be of type <class 'str'>)
>>> [36mDEBUG[0m >>> [template_state_builder.py:332 in _capture_header()]   Captured 6 merged cells: A1:G1, A3:G3, A6:G6 ... (3 more)
>>> [36mDEBUG[0m >>> [template_state_builder.py:339 in _capture_header()]   [OK] Header capture complete: 20 rows captured (rows 1-20), 6 merges
>>> [36mDEBUG[0m >>> [template_state_builder.py:349 in _capture_footer()] === CAPTURING FOOTER (starting from row 25) ===
>>> [36mDEBUG[0m >>> [template_state_builder.py:350 in _capture_footer()]   Max columns: 15, max search row: 35
>>> [36mDEBUG[0m >>> [template_state_builder.py:381 in _capture_footer()]   Footer ends at row 33 (9 footer rows)
>>> [36mDEBUG[0m >>> [template_state_builder.py:419 in _capture_footer()]   Row 25: A25='Manufacture:', B25='CALIFOR UPHOLSTERY MATERIALS CO., LTD.
XIN BAVET S'
>>> [36mDEBUG[0m >>> [template_state_builder.py:427 in _capture_footer()]     Style: A25: value='Manufacture:', font(name=Times New Roman, size=11.0, bold, color=Values must be of type <class 'str'>), align(v=top)
>>> [36mDEBUG[0m >>> [template_state_builder.py:427 in _capture_footer()]     Style: B25: value='CALIFOR UPHOLSTERY MATERIALS C...', font(name=Times New Roman, size=10.0, color=Values must be of type <class 'str'>), align(h=left, v=top, wrap)
>>> [36mDEBUG[0m >>> [template_state_builder.py:419 in _capture_footer()]   Row 26: A26='BENEFICIARY BANK?BANK OF CHINA(HONG KONG)LIMITED P'
>>> [36mDEBUG[0m >>> [template_state_builder.py:427 in _capture_footer()]     Style: A26: value='BENEFICIARY BANK?BANK OF CHINA...', font(name=Times New Roman, size=11.0, color=Values must be of type <class 'str'>), align(v=top, wrap)
>>> [36mDEBUG[0m >>> [template_state_builder.py:427 in _capture_footer()]     Style: B26: font(name=Times New Roman, size=11.0, color=Values must be of type <class 'str'>), align(v=top, wrap)
>>> [36mDEBUG[0m >>> [template_state_builder.py:419 in _capture_footer()]   Row 27: A27='A/C NO:100001100764430'
>>> [36mDEBUG[0m >>> [template_state_builder.py:427 in _capture_footer()]     Style: A27: value='A/C NO:100001100764430', font(name=Times New Roman, size=11.0, color=Values must be of type <class 'str'>), align(v=top)
>>> [36mDEBUG[0m >>> [template_state_builder.py:427 in _capture_footer()]     Style: B27: font(name=Times New Roman, size=11.0, color=Values must be of type <class 'str'>), align(v=top)
>>> [36mDEBUG[0m >>> [template_state_builder.py:419 in _capture_footer()]   Row 28: A28='SWIFT CODE  ?BKCHKHPPXXX'
>>> [36mDEBUG[0m >>> [template_state_builder.py:427 in _capture_footer()]     Style: A28: value='SWIFT CODE  ?BKCHKHPPXXX', font(name=Times New Roman, size=11.0, color=Values must be of type <class 'str'>), align(v=top)
>>> [36mDEBUG[0m >>> [template_state_builder.py:427 in _capture_footer()]     Style: B28: font(name=Times New Roman, size=11.0, color=Values must be of type <class 'str'>), align(v=top)
>>> [36mDEBUG[0m >>> [template_state_builder.py:419 in _capture_footer()]   Row 29: E29='CALIFOR UPHOLSTERY MATERIALS CO., LTD.'
>>> [36mDEBUG[0m >>> [template_state_builder.py:427 in _capture_footer()]     Style: A29: font(name=Calibri, size=11.0, color=Values must be of type <class 'str'>)
>>> [36mDEBUG[0m >>> [template_state_builder.py:427 in _capture_footer()]     Style: B29: font(name=Calibri, size=11.0, color=Values must be of type <class 'str'>)
>>> [36mDEBUG[0m >>> [template_state_builder.py:419 in _capture_footer()]   Row 30: F30='Sign & Stamp'
>>> [36mDEBUG[0m >>> [template_state_builder.py:427 in _capture_footer()]     Style: A30: font(name=Calibri, size=11.0, color=Values must be of type <class 'str'>)
>>> [36mDEBUG[0m >>> [template_state_builder.py:427 in _capture_footer()]     Style: B30: font(name=Calibri, size=11.0, color=Values must be of type <class 'str'>)
>>> [36mDEBUG[0m >>> [template_state_builder.py:419 in _capture_footer()]   Row 33: F33='ZENG XUELI'
>>> [36mDEBUG[0m >>> [template_state_builder.py:427 in _capture_footer()]     Style: A33: font(name=Calibri, size=11.0, color=Values must be of type <class 'str'>)
>>> [36mDEBUG[0m >>> [template_state_builder.py:427 in _capture_footer()]     Style: B33: font(name=Calibri, size=11.0, color=Values must be of type <class 'str'>)
>>> [36mDEBUG[0m >>> [template_state_builder.py:439 in _capture_footer()]   Captured 4 merged cells: B25:C25, A27:G27, A26:C26 ... (1 more)
>>> [36mDEBUG[0m >>> [template_state_builder.py:457 in _capture_footer()]   [OK] Footer capture complete: 9 rows, 4 merges, template footer start: 25, non-empty cells: 8
>>> [36mDEBUG[0m >>> [template_state_builder.py:88 in __init__()] State captured: 20 header rows, 9 footer rows
>>> [36mDEBUG[0m >>> [layout_builder.py:213 in build()] Template state captured successfully: 20 header rows, 9 footer rows
>>> [0mINFO[0m >>> Applying text replacements to template state
>>> [36mDEBUG[0m >>> [template_state_builder.py:964 in apply_text_replacements()] === apply_text_replacements START ===
>>> [36mDEBUG[0m >>> [template_state_builder.py:974 in apply_text_replacements()]   Total formulas in header: 0
>>> [36mDEBUG[0m >>> [template_state_builder.py:1072 in _apply_rules_to_cell()] Data path ['processed_tables_data', '1', 'inv_ref', 0] resolved to: None
>>> [36mDEBUG[0m >>> [template_state_builder.py:1072 in _apply_rules_to_cell()] Data path ['processed_tables_data', '1', 'inv_no', 0] resolved to: None
>>> [36mDEBUG[0m >>> [template_state_builder.py:1072 in _apply_rules_to_cell()] Data path ['processed_tables_data', '1', 'inv_date', 0] resolved to: None
>>> [36mDEBUG[0m >>> [template_state_builder.py:1079 in _apply_rules_to_cell()] Using hardcoded replacement: 'DAF' for 'FCA'
>>> [36mDEBUG[0m >>> [template_state_builder.py:1089 in _apply_rules_to_cell()] Replacing substring 'FCA' with 'DAF' in 'FCA :'
>>> [36mDEBUG[0m >>> [template_state_builder.py:1079 in _apply_rules_to_cell()] Using hardcoded replacement: 'BAVET' for 'BAVET, SVAYRIENG'
>>> [36mDEBUG[0m >>> [template_state_builder.py:1085 in _apply_rules_to_cell()] Replacing 'BAVET, SVAYRIENG' with 'BAVET'
>>> [0mINFO[0m >>> [TemplateStateBuilder] Text replacements complete: 2 changes made
>>> [0mINFO[0m >>> Text replacements applied to template state: 2 changes made
>>> [36mDEBUG[0m >>> [layout_builder.py:237 in build()] Deferring template header restoration until after table building
>>> [36mDEBUG[0m >>> [layout_builder.py:248 in build()] Keeping NEW format styling (columns + row_contexts) as dict
>>> [36mDEBUG[0m >>> [layout_builder.py:306 in build()] Column 'col_static': template cols 1-1 → output cols 1-1
>>> [36mDEBUG[0m >>> [layout_builder.py:306 in build()] Column 'col_po': template cols 2-2 → output cols 2-2
>>> [36mDEBUG[0m >>> [layout_builder.py:306 in build()] Column 'col_item': template cols 3-3 → output cols 3-3
>>> [36mDEBUG[0m >>> [layout_builder.py:306 in build()] Column 'col_desc': template cols 4-4 → output cols 4-4
>>> [36mDEBUG[0m >>> [layout_builder.py:306 in build()] Column 'col_qty_sf': template cols 5-5 → output cols 5-5
>>> [36mDEBUG[0m >>> [layout_builder.py:306 in build()] Column 'col_unit_price': template cols 6-6 → output cols 6-6
>>> [36mDEBUG[0m >>> [layout_builder.py:306 in build()] Column 'col_amount': template cols 7-7 → output cols 7-7
>>> [0mINFO[0m >>> Built column mapping for template shifting: 7 active Excel columns
>>> [36mDEBUG[0m >>> [layout_builder.py:327 in build()] Creating HeaderBuilder at row 21
>>> [36mDEBUG[0m >>> [layout_builder.py:328 in build()] HeaderBuilder input - bundled_columns: 7, legacy_layout: 0
>>> [36mDEBUG[0m >>> [header_builder.py:47 in __init__()] HeaderBuilder received styling_dict type: <class 'dict'>
>>> [36mDEBUG[0m >>> [header_builder.py:49 in __init__()] Keys in styling_dict: ['columns', 'row_contexts']
>>> [36mDEBUG[0m >>> [style_registry.py:115 in _load_columns()] Loaded column 'col_static': alignment=center, vertical_alignment=None
>>> [36mDEBUG[0m >>> [style_registry.py:115 in _load_columns()] Loaded column 'col_po': alignment=center, vertical_alignment=None
>>> [36mDEBUG[0m >>> [style_registry.py:115 in _load_columns()] Loaded column 'col_item': alignment=center, vertical_alignment=None
>>> [36mDEBUG[0m >>> [style_registry.py:115 in _load_columns()] Loaded column 'col_desc': alignment=center, vertical_alignment=None
>>> [36mDEBUG[0m >>> [style_registry.py:115 in _load_columns()] Loaded column 'col_qty_sf': alignment=center, vertical_alignment=None
>>> [36mDEBUG[0m >>> [style_registry.py:115 in _load_columns()] Loaded column 'col_unit_price': alignment=center, vertical_alignment=None
>>> [36mDEBUG[0m >>> [style_registry.py:115 in _load_columns()] Loaded column 'col_amount': alignment=center, vertical_alignment=None
>>> [36mDEBUG[0m >>> [style_registry.py:117 in _load_columns()] Loaded 7 column styles: ['col_static', 'col_po', 'col_item', 'col_desc', 'col_qty_sf', 'col_unit_price', 'col_amount']
>>> [36mDEBUG[0m >>> [style_registry.py:135 in _load_row_contexts()] Loaded 3 row contexts: ['header', 'data', 'footer']
>>> [0mINFO[0m >>> StyleRegistry initialized successfully for HeaderBuilder
>>> [0mINFO[0m >>> Using BUNDLED config (columns=7)
>>> [36mDEBUG[0m >>> [header_builder.py:69 in __init__()] Sample bundled column: id='col_static', header='Mark & N?', format='None'
>>> [36mDEBUG[0m >>> [header_builder.py:71 in __init__()] Converted to 7 header cells
>>> [36mDEBUG[0m >>> [layout_builder.py:336 in build()] Calling HeaderBuilder.build() starting at row 21
>>> [36mDEBUG[0m >>> [style_registry.py:175 in get_style()] Column 'col_static' style dict: {'format': '@', 'alignment': 'center', 'vertical_alignment': None, 'width': 24.71, 'wrap_text': False}
>>> [36mDEBUG[0m >>> [style_registry.py:177 in get_style()] After column merge: {'format': '@', 'alignment': 'center', 'width': 24.71, 'wrap_text': False}
>>> [36mDEBUG[0m >>> [header_builder.py:137 in build()] Applied StyleRegistry style to header cell col_static
>>> [36mDEBUG[0m >>> [header_builder.py:144 in build()] Applied header row height 35 to row 21
>>> [36mDEBUG[0m >>> [style_registry.py:175 in get_style()] Column 'col_po' style dict: {'format': '@', 'alignment': 'center', 'vertical_alignment': None, 'width': 28, 'wrap_text': False}
>>> [36mDEBUG[0m >>> [style_registry.py:177 in get_style()] After column merge: {'format': '@', 'alignment': 'center', 'width': 28, 'wrap_text': False}
>>> [36mDEBUG[0m >>> [header_builder.py:137 in build()] Applied StyleRegistry style to header cell col_po
>>> [36mDEBUG[0m >>> [style_registry.py:175 in get_style()] Column 'col_item' style dict: {'format': '@', 'alignment': 'center', 'vertical_alignment': None, 'width': 22.14, 'wrap_text': False}
>>> [36mDEBUG[0m >>> [style_registry.py:177 in get_style()] After column merge: {'format': '@', 'alignment': 'center', 'width': 22.14, 'wrap_text': False}
>>> [36mDEBUG[0m >>> [header_builder.py:137 in build()] Applied StyleRegistry style to header cell col_item
>>> [36mDEBUG[0m >>> [style_registry.py:175 in get_style()] Column 'col_desc' style dict: {'format': '@', 'alignment': 'center', 'vertical_alignment': None, 'width': 20, 'wrap_text': True}
>>> [36mDEBUG[0m >>> [style_registry.py:177 in get_style()] After column merge: {'format': '@', 'alignment': 'center', 'width': 20, 'wrap_text': True}
>>> [36mDEBUG[0m >>> [header_builder.py:137 in build()] Applied StyleRegistry style to header cell col_desc
>>> [36mDEBUG[0m >>> [style_registry.py:175 in get_style()] Column 'col_qty_sf' style dict: {'format': '#,##0.00', 'alignment': 'center', 'vertical_alignment': None, 'width': 15, 'wrap_text': False}
>>> [36mDEBUG[0m >>> [style_registry.py:177 in get_style()] After column merge: {'format': '#,##0.00', 'alignment': 'center', 'width': 15, 'wrap_text': False}
>>> [36mDEBUG[0m >>> [header_builder.py:137 in build()] Applied StyleRegistry style to header cell col_qty_sf
>>> [36mDEBUG[0m >>> [style_registry.py:175 in get_style()] Column 'col_unit_price' style dict: {'format': '#,##0.00', 'alignment': 'center', 'vertical_alignment': None, 'width': 15, 'wrap_text': False}
>>> [36mDEBUG[0m >>> [style_registry.py:177 in get_style()] After column merge: {'format': '#,##0.00', 'alignment': 'center', 'width': 15, 'wrap_text': False}
>>> [36mDEBUG[0m >>> [header_builder.py:137 in build()] Applied StyleRegistry style to header cell col_unit_price
>>> [36mDEBUG[0m >>> [style_registry.py:175 in get_style()] Column 'col_amount' style dict: {'format': '#,##0.00', 'alignment': 'center', 'vertical_alignment': None, 'width': 18, 'wrap_text': False}
>>> [36mDEBUG[0m >>> [style_registry.py:177 in get_style()] After column merge: {'format': '#,##0.00', 'alignment': 'center', 'width': 18, 'wrap_text': False}
>>> [36mDEBUG[0m >>> [header_builder.py:137 in build()] Applied StyleRegistry style to header cell col_amount
>>> [36mDEBUG[0m >>> [layout_builder.py:346 in build()] HeaderBuilder completed - rows 21-21, 7 columns
>>> [36mDEBUG[0m >>> [layout_builder.py:351 in build()] POST-HeaderBuilder - Cell(21,1) font: name=Times New Roman, size=12.0, bold=True
>>> [36mDEBUG[0m >>> [layout_builder.py:369 in build()] skip_data_table_builder = False
>>> [0mINFO[0m >>> Entering data table builder block
>>> [36mDEBUG[0m >>> [layout_builder.py:386 in build()] [LayoutBuilder DEBUG] self.provided_resolved_data = True
>>> [36mDEBUG[0m >>> [layout_builder.py:387 in build()] [LayoutBuilder DEBUG] self.provided_data_source_type = aggregation
>>> [36mDEBUG[0m >>> [layout_builder.py:388 in build()] [LayoutBuilder DEBUG] self.provided_data_source = <class 'dict'>
>>> [0mINFO[0m >>> Using resolver-provided resolved_data (modern approach)
>>> [36mDEBUG[0m >>> [layout_builder.py:473 in build()] Creating DataTableBuilder - Expected to start at row 22
>>> [36mDEBUG[0m >>> [layout_builder.py:474 in build()] DataTableBuilder input - data_source_type: None, has_data: False
>>> [36mDEBUG[0m >>> [style_registry.py:115 in _load_columns()] Loaded column 'col_static': alignment=center, vertical_alignment=None
>>> [36mDEBUG[0m >>> [style_registry.py:115 in _load_columns()] Loaded column 'col_po': alignment=center, vertical_alignment=None
>>> [36mDEBUG[0m >>> [style_registry.py:115 in _load_columns()] Loaded column 'col_item': alignment=center, vertical_alignment=None
>>> [36mDEBUG[0m >>> [style_registry.py:115 in _load_columns()] Loaded column 'col_desc': alignment=center, vertical_alignment=None
>>> [36mDEBUG[0m >>> [style_registry.py:115 in _load_columns()] Loaded column 'col_qty_sf': alignment=center, vertical_alignment=None
>>> [36mDEBUG[0m >>> [style_registry.py:115 in _load_columns()] Loaded column 'col_unit_price': alignment=center, vertical_alignment=None
>>> [36mDEBUG[0m >>> [style_registry.py:115 in _load_columns()] Loaded column 'col_amount': alignment=center, vertical_alignment=None
>>> [36mDEBUG[0m >>> [style_registry.py:117 in _load_columns()] Loaded 7 column styles: ['col_static', 'col_po', 'col_item', 'col_desc', 'col_qty_sf', 'col_unit_price', 'col_amount']
>>> [36mDEBUG[0m >>> [style_registry.py:135 in _load_row_contexts()] Loaded 3 row contexts: ['header', 'data', 'footer']
>>> [0mINFO[0m >>> StyleRegistry initialized successfully for DataTableBuilder
>>> [36mDEBUG[0m >>> [data_table_builder.py:93 in __init__()] DataTableBuilder initialized with 6 total rows (including any static rows)
>>> [36mDEBUG[0m >>> [layout_builder.py:484 in build()] Calling DataTableBuilder.build()
>>> [36mDEBUG[0m >>> [data_table_builder.py:115 in _update_leather_summary()] Checking row description: 'L LEESWORTH BUFFALO OCEAN U43809'
>>> [36mDEBUG[0m >>> [data_table_builder.py:124 in _update_leather_summary()] Found BUFFALO leather row: L LEESWORTH BUFFALO OCEAN U43809
>>> [36mDEBUG[0m >>> [data_table_builder.py:146 in _update_leather_summary()] Added 140491 to BUFFALO col_item. New total: 140491
>>> [36mDEBUG[0m >>> [data_table_builder.py:146 in _update_leather_summary()] Added 80284.8 to BUFFALO col_qty_sf. New total: 80284.8
>>> [36mDEBUG[0m >>> [data_table_builder.py:146 in _update_leather_summary()] Added 0.92 to BUFFALO col_unit_price. New total: 0.92
>>> [36mDEBUG[0m >>> [style_registry.py:175 in get_style()] Column 'col_po' style dict: {'format': '@', 'alignment': 'center', 'vertical_alignment': None, 'width': 28, 'wrap_text': False}
>>> [36mDEBUG[0m >>> [style_registry.py:177 in get_style()] After column merge: {'format': '@', 'alignment': 'center', 'width': 28, 'wrap_text': False}
>>> [36mDEBUG[0m >>> [data_table_builder.py:233 in build()] Applied row height 35 to row 22
>>> [36mDEBUG[0m >>> [style_registry.py:175 in get_style()] Column 'col_item' style dict: {'format': '@', 'alignment': 'center', 'vertical_alignment': None, 'width': 22.14, 'wrap_text': False}
>>> [36mDEBUG[0m >>> [style_registry.py:177 in get_style()] After column merge: {'format': '@', 'alignment': 'center', 'width': 22.14, 'wrap_text': False}
>>> [36mDEBUG[0m >>> [style_registry.py:175 in get_style()] Column 'col_desc' style dict: {'format': '@', 'alignment': 'center', 'vertical_alignment': None, 'width': 20, 'wrap_text': True}
>>> [36mDEBUG[0m >>> [style_registry.py:177 in get_style()] After column merge: {'format': '@', 'alignment': 'center', 'width': 20, 'wrap_text': True}
>>> [36mDEBUG[0m >>> [style_registry.py:175 in get_style()] Column 'col_qty_sf' style dict: {'format': '#,##0.00', 'alignment': 'center', 'vertical_alignment': None, 'width': 15, 'wrap_text': False}
>>> [36mDEBUG[0m >>> [style_registry.py:177 in get_style()] After column merge: {'format': '#,##0.00', 'alignment': 'center', 'width': 15, 'wrap_text': False}
>>> [36mDEBUG[0m >>> [style_registry.py:175 in get_style()] Column 'col_unit_price' style dict: {'format': '#,##0.00', 'alignment': 'center', 'vertical_alignment': None, 'width': 15, 'wrap_text': False}
>>> [36mDEBUG[0m >>> [style_registry.py:177 in get_style()] After column merge: {'format': '#,##0.00', 'alignment': 'center', 'width': 15, 'wrap_text': False}
>>> [36mDEBUG[0m >>> [style_registry.py:175 in get_style()] Column 'col_amount' style dict: {'format': '#,##0.00', 'alignment': 'center', 'vertical_alignment': None, 'width': 18, 'wrap_text': False}
>>> [36mDEBUG[0m >>> [style_registry.py:177 in get_style()] After column merge: {'format': '#,##0.00', 'alignment': 'center', 'width': 18, 'wrap_text': False}
>>> [36mDEBUG[0m >>> [style_registry.py:175 in get_style()] Column 'col_static' style dict: {'format': '@', 'alignment': 'center', 'vertical_alignment': None, 'width': 24.71, 'wrap_text': False}
>>> [36mDEBUG[0m >>> [style_registry.py:177 in get_style()] After column merge: {'format': '@', 'alignment': 'center', 'width': 24.71, 'wrap_text': False}
>>> [36mDEBUG[0m >>> [data_table_builder.py:115 in _update_leather_summary()] Checking row description: 'L LEESWORTH BUFFALO OCEAN U43809'
>>> [36mDEBUG[0m >>> [data_table_builder.py:124 in _update_leather_summary()] Found BUFFALO leather row: L LEESWORTH BUFFALO OCEAN U43809
>>> [36mDEBUG[0m >>> [data_table_builder.py:146 in _update_leather_summary()] Added 140491 to BUFFALO col_item. New total: 280982
>>> [36mDEBUG[0m >>> [data_table_builder.py:146 in _update_leather_summary()] Added 31079.6 to BUFFALO col_qty_sf. New total: 111364.4
>>> [36mDEBUG[0m >>> [data_table_builder.py:146 in _update_leather_summary()] Added 0.92 to BUFFALO col_unit_price. New total: 1.84
>>> [36mDEBUG[0m >>> [style_registry.py:175 in get_style()] Column 'col_po' style dict: {'format': '@', 'alignment': 'center', 'vertical_alignment': None, 'width': 28, 'wrap_text': False}
>>> [36mDEBUG[0m >>> [style_registry.py:177 in get_style()] After column merge: {'format': '@', 'alignment': 'center', 'width': 28, 'wrap_text': False}
>>> [36mDEBUG[0m >>> [data_table_builder.py:233 in build()] Applied row height 35 to row 23
>>> [36mDEBUG[0m >>> [style_registry.py:175 in get_style()] Column 'col_item' style dict: {'format': '@', 'alignment': 'center', 'vertical_alignment': None, 'width': 22.14, 'wrap_text': False}
>>> [36mDEBUG[0m >>> [style_registry.py:177 in get_style()] After column merge: {'format': '@', 'alignment': 'center', 'width': 22.14, 'wrap_text': False}
>>> [36mDEBUG[0m >>> [style_registry.py:175 in get_style()] Column 'col_desc' style dict: {'format': '@', 'alignment': 'center', 'vertical_alignment': None, 'width': 20, 'wrap_text': True}
>>> [36mDEBUG[0m >>> [style_registry.py:177 in get_style()] After column merge: {'format': '@', 'alignment': 'center', 'width': 20, 'wrap_text': True}
>>> [36mDEBUG[0m >>> [style_registry.py:175 in get_style()] Column 'col_qty_sf' style dict: {'format': '#,##0.00', 'alignment': 'center', 'vertical_alignment': None, 'width': 15, 'wrap_text': False}
>>> [36mDEBUG[0m >>> [style_registry.py:177 in get_style()] After column merge: {'format': '#,##0.00', 'alignment': 'center', 'width': 15, 'wrap_text': False}
>>> [36mDEBUG[0m >>> [style_registry.py:175 in get_style()] Column 'col_unit_price' style dict: {'format': '#,##0.00', 'alignment': 'center', 'vertical_alignment': None, 'width': 15, 'wrap_text': False}
>>> [36mDEBUG[0m >>> [style_registry.py:177 in get_style()] After column merge: {'format': '#,##0.00', 'alignment': 'center', 'width': 15, 'wrap_text': False}
>>> [36mDEBUG[0m >>> [style_registry.py:175 in get_style()] Column 'col_amount' style dict: {'format': '#,##0.00', 'alignment': 'center', 'vertical_alignment': None, 'width': 18, 'wrap_text': False}
>>> [36mDEBUG[0m >>> [style_registry.py:177 in get_style()] After column merge: {'format': '#,##0.00', 'alignment': 'center', 'width': 18, 'wrap_text': False}
>>> [36mDEBUG[0m >>> [style_registry.py:175 in get_style()] Column 'col_static' style dict: {'format': '@', 'alignment': 'center', 'vertical_alignment': None, 'width': 24.71, 'wrap_text': False}
>>> [36mDEBUG[0m >>> [style_registry.py:177 in get_style()] After column merge: {'format': '@', 'alignment': 'center', 'width': 24.71, 'wrap_text': False}
>>> [36mDEBUG[0m >>> [data_table_builder.py:115 in _update_leather_summary()] Checking row description: 'L MINDANAO BUFFALO COCONUT'
>>> [36mDEBUG[0m >>> [data_table_builder.py:124 in _update_leather_summary()] Found BUFFALO leather row: L MINDANAO BUFFALO COCONUT
>>> [36mDEBUG[0m >>> [data_table_builder.py:146 in _update_leather_summary()] Added 140488 to BUFFALO col_item. New total: 421470
>>> [36mDEBUG[0m >>> [data_table_builder.py:146 in _update_leather_summary()] Added 35739.2 to BUFFALO col_qty_sf. New total: 147103.59999999998
>>> [36mDEBUG[0m >>> [data_table_builder.py:146 in _update_leather_summary()] Added 0.9 to BUFFALO col_unit_price. New total: 2.74
>>> [36mDEBUG[0m >>> [style_registry.py:175 in get_style()] Column 'col_po' style dict: {'format': '@', 'alignment': 'center', 'vertical_alignment': None, 'width': 28, 'wrap_text': False}
>>> [36mDEBUG[0m >>> [style_registry.py:177 in get_style()] After column merge: {'format': '@', 'alignment': 'center', 'width': 28, 'wrap_text': False}
>>> [36mDEBUG[0m >>> [data_table_builder.py:233 in build()] Applied row height 35 to row 24
>>> [36mDEBUG[0m >>> [style_registry.py:175 in get_style()] Column 'col_item' style dict: {'format': '@', 'alignment': 'center', 'vertical_alignment': None, 'width': 22.14, 'wrap_text': False}
>>> [36mDEBUG[0m >>> [style_registry.py:177 in get_style()] After column merge: {'format': '@', 'alignment': 'center', 'width': 22.14, 'wrap_text': False}
>>> [36mDEBUG[0m >>> [style_registry.py:175 in get_style()] Column 'col_desc' style dict: {'format': '@', 'alignment': 'center', 'vertical_alignment': None, 'width': 20, 'wrap_text': True}
>>> [36mDEBUG[0m >>> [style_registry.py:177 in get_style()] After column merge: {'format': '@', 'alignment': 'center', 'width': 20, 'wrap_text': True}
>>> [36mDEBUG[0m >>> [style_registry.py:175 in get_style()] Column 'col_qty_sf' style dict: {'format': '#,##0.00', 'alignment': 'center', 'vertical_alignment': None, 'width': 15, 'wrap_text': False}
>>> [36mDEBUG[0m >>> [style_registry.py:177 in get_style()] After column merge: {'format': '#,##0.00', 'alignment': 'center', 'width': 15, 'wrap_text': False}
>>> [36mDEBUG[0m >>> [style_registry.py:175 in get_style()] Column 'col_unit_price' style dict: {'format': '#,##0.00', 'alignment': 'center', 'vertical_alignment': None, 'width': 15, 'wrap_text': False}
>>> [36mDEBUG[0m >>> [style_registry.py:177 in get_style()] After column merge: {'format': '#,##0.00', 'alignment': 'center', 'width': 15, 'wrap_text': False}
>>> [36mDEBUG[0m >>> [style_registry.py:175 in get_style()] Column 'col_amount' style dict: {'format': '#,##0.00', 'alignment': 'center', 'vertical_alignment': None, 'width': 18, 'wrap_text': False}
>>> [36mDEBUG[0m >>> [style_registry.py:177 in get_style()] After column merge: {'format': '#,##0.00', 'alignment': 'center', 'width': 18, 'wrap_text': False}
>>> [36mDEBUG[0m >>> [style_registry.py:175 in get_style()] Column 'col_static' style dict: {'format': '@', 'alignment': 'center', 'vertical_alignment': None, 'width': 24.71, 'wrap_text': False}
>>> [36mDEBUG[0m >>> [style_registry.py:177 in get_style()] After column merge: {'format': '@', 'alignment': 'center', 'width': 24.71, 'wrap_text': False}
>>> [36mDEBUG[0m >>> [data_table_builder.py:115 in _update_leather_summary()] Checking row description: 'L MINDANAO BUFFALO COCONUT'
>>> [36mDEBUG[0m >>> [data_table_builder.py:124 in _update_leather_summary()] Found BUFFALO leather row: L MINDANAO BUFFALO COCONUT
>>> [36mDEBUG[0m >>> [data_table_builder.py:146 in _update_leather_summary()] Added 140488 to BUFFALO col_item. New total: 561958
>>> [36mDEBUG[0m >>> [data_table_builder.py:146 in _update_leather_summary()] Added 37456.6 to BUFFALO col_qty_sf. New total: 184560.19999999998
>>> [36mDEBUG[0m >>> [data_table_builder.py:146 in _update_leather_summary()] Added 0.9 to BUFFALO col_unit_price. New total: 3.64
>>> [36mDEBUG[0m >>> [style_registry.py:175 in get_style()] Column 'col_po' style dict: {'format': '@', 'alignment': 'center', 'vertical_alignment': None, 'width': 28, 'wrap_text': False}
>>> [36mDEBUG[0m >>> [style_registry.py:177 in get_style()] After column merge: {'format': '@', 'alignment': 'center', 'width': 28, 'wrap_text': False}
>>> [36mDEBUG[0m >>> [data_table_builder.py:233 in build()] Applied row height 35 to row 25
>>> [36mDEBUG[0m >>> [style_registry.py:175 in get_style()] Column 'col_item' style dict: {'format': '@', 'alignment': 'center', 'vertical_alignment': None, 'width': 22.14, 'wrap_text': False}
>>> [36mDEBUG[0m >>> [style_registry.py:177 in get_style()] After column merge: {'format': '@', 'alignment': 'center', 'width': 22.14, 'wrap_text': False}
>>> [36mDEBUG[0m >>> [style_registry.py:175 in get_style()] Column 'col_desc' style dict: {'format': '@', 'alignment': 'center', 'vertical_alignment': None, 'width': 20, 'wrap_text': True}
>>> [36mDEBUG[0m >>> [style_registry.py:177 in get_style()] After column merge: {'format': '@', 'alignment': 'center', 'width': 20, 'wrap_text': True}
>>> [36mDEBUG[0m >>> [style_registry.py:175 in get_style()] Column 'col_qty_sf' style dict: {'format': '#,##0.00', 'alignment': 'center', 'vertical_alignment': None, 'width': 15, 'wrap_text': False}
>>> [36mDEBUG[0m >>> [style_registry.py:177 in get_style()] After column merge: {'format': '#,##0.00', 'alignment': 'center', 'width': 15, 'wrap_text': False}
>>> [36mDEBUG[0m >>> [style_registry.py:175 in get_style()] Column 'col_unit_price' style dict: {'format': '#,##0.00', 'alignment': 'center', 'vertical_alignment': None, 'width': 15, 'wrap_text': False}
>>> [36mDEBUG[0m >>> [style_registry.py:177 in get_style()] After column merge: {'format': '#,##0.00', 'alignment': 'center', 'width': 15, 'wrap_text': False}
>>> [36mDEBUG[0m >>> [style_registry.py:175 in get_style()] Column 'col_amount' style dict: {'format': '#,##0.00', 'alignment': 'center', 'vertical_alignment': None, 'width': 18, 'wrap_text': False}
>>> [36mDEBUG[0m >>> [style_registry.py:177 in get_style()] After column merge: {'format': '#,##0.00', 'alignment': 'center', 'width': 18, 'wrap_text': False}
>>> [36mDEBUG[0m >>> [data_table_builder.py:115 in _update_leather_summary()] Checking row description: 'L MINDANAO BUFFALO STEELU59504'
>>> [36mDEBUG[0m >>> [data_table_builder.py:124 in _update_leather_summary()] Found BUFFALO leather row: L MINDANAO BUFFALO STEELU59504
>>> [36mDEBUG[0m >>> [data_table_builder.py:146 in _update_leather_summary()] Added 140489 to BUFFALO col_item. New total: 702447
>>> [36mDEBUG[0m >>> [data_table_builder.py:146 in _update_leather_summary()] Added 34748.4 to BUFFALO col_qty_sf. New total: 219308.59999999998
>>> [36mDEBUG[0m >>> [data_table_builder.py:146 in _update_leather_summary()] Added 0.9 to BUFFALO col_unit_price. New total: 4.54
>>> [36mDEBUG[0m >>> [style_registry.py:175 in get_style()] Column 'col_po' style dict: {'format': '@', 'alignment': 'center', 'vertical_alignment': None, 'width': 28, 'wrap_text': False}
>>> [36mDEBUG[0m >>> [style_registry.py:177 in get_style()] After column merge: {'format': '@', 'alignment': 'center', 'width': 28, 'wrap_text': False}
>>> [36mDEBUG[0m >>> [data_table_builder.py:233 in build()] Applied row height 35 to row 26
>>> [36mDEBUG[0m >>> [style_registry.py:175 in get_style()] Column 'col_item' style dict: {'format': '@', 'alignment': 'center', 'vertical_alignment': None, 'width': 22.14, 'wrap_text': False}
>>> [36mDEBUG[0m >>> [style_registry.py:177 in get_style()] After column merge: {'format': '@', 'alignment': 'center', 'width': 22.14, 'wrap_text': False}
>>> [36mDEBUG[0m >>> [style_registry.py:175 in get_style()] Column 'col_desc' style dict: {'format': '@', 'alignment': 'center', 'vertical_alignment': None, 'width': 20, 'wrap_text': True}
>>> [36mDEBUG[0m >>> [style_registry.py:177 in get_style()] After column merge: {'format': '@', 'alignment': 'center', 'width': 20, 'wrap_text': True}
>>> [36mDEBUG[0m >>> [style_registry.py:175 in get_style()] Column 'col_qty_sf' style dict: {'format': '#,##0.00', 'alignment': 'center', 'vertical_alignment': None, 'width': 15, 'wrap_text': False}
>>> [36mDEBUG[0m >>> [style_registry.py:177 in get_style()] After column merge: {'format': '#,##0.00', 'alignment': 'center', 'width': 15, 'wrap_text': False}
>>> [36mDEBUG[0m >>> [style_registry.py:175 in get_style()] Column 'col_unit_price' style dict: {'format': '#,##0.00', 'alignment': 'center', 'vertical_alignment': None, 'width': 15, 'wrap_text': False}
>>> [36mDEBUG[0m >>> [style_registry.py:177 in get_style()] After column merge: {'format': '#,##0.00', 'alignment': 'center', 'width': 15, 'wrap_text': False}
>>> [36mDEBUG[0m >>> [style_registry.py:175 in get_style()] Column 'col_amount' style dict: {'format': '#,##0.00', 'alignment': 'center', 'vertical_alignment': None, 'width': 18, 'wrap_text': False}
>>> [36mDEBUG[0m >>> [style_registry.py:177 in get_style()] After column merge: {'format': '#,##0.00', 'alignment': 'center', 'width': 18, 'wrap_text': False}
>>> [36mDEBUG[0m >>> [data_table_builder.py:115 in _update_leather_summary()] Checking row description: 'L MINDANAO BUFFALO STEELU59504'
>>> [36mDEBUG[0m >>> [data_table_builder.py:124 in _update_leather_summary()] Found BUFFALO leather row: L MINDANAO BUFFALO STEELU59504
>>> [36mDEBUG[0m >>> [data_table_builder.py:146 in _update_leather_summary()] Added 140489 to BUFFALO col_item. New total: 842936
>>> [36mDEBUG[0m >>> [data_table_builder.py:146 in _update_leather_summary()] Added 18571.0 to BUFFALO col_qty_sf. New total: 237879.59999999998
>>> [36mDEBUG[0m >>> [data_table_builder.py:146 in _update_leather_summary()] Added 0.9 to BUFFALO col_unit_price. New total: 5.44
>>> [36mDEBUG[0m >>> [style_registry.py:175 in get_style()] Column 'col_po' style dict: {'format': '@', 'alignment': 'center', 'vertical_alignment': None, 'width': 28, 'wrap_text': False}
>>> [36mDEBUG[0m >>> [style_registry.py:177 in get_style()] After column merge: {'format': '@', 'alignment': 'center', 'width': 28, 'wrap_text': False}
>>> [36mDEBUG[0m >>> [data_table_builder.py:233 in build()] Applied row height 35 to row 27
>>> [36mDEBUG[0m >>> [style_registry.py:175 in get_style()] Column 'col_item' style dict: {'format': '@', 'alignment': 'center', 'vertical_alignment': None, 'width': 22.14, 'wrap_text': False}
>>> [36mDEBUG[0m >>> [style_registry.py:177 in get_style()] After column merge: {'format': '@', 'alignment': 'center', 'width': 22.14, 'wrap_text': False}
>>> [36mDEBUG[0m >>> [style_registry.py:175 in get_style()] Column 'col_desc' style dict: {'format': '@', 'alignment': 'center', 'vertical_alignment': None, 'width': 20, 'wrap_text': True}
>>> [36mDEBUG[0m >>> [style_registry.py:177 in get_style()] After column merge: {'format': '@', 'alignment': 'center', 'width': 20, 'wrap_text': True}
>>> [36mDEBUG[0m >>> [style_registry.py:175 in get_style()] Column 'col_qty_sf' style dict: {'format': '#,##0.00', 'alignment': 'center', 'vertical_alignment': None, 'width': 15, 'wrap_text': False}
>>> [36mDEBUG[0m >>> [style_registry.py:177 in get_style()] After column merge: {'format': '#,##0.00', 'alignment': 'center', 'width': 15, 'wrap_text': False}
>>> [36mDEBUG[0m >>> [style_registry.py:175 in get_style()] Column 'col_unit_price' style dict: {'format': '#,##0.00', 'alignment': 'center', 'vertical_alignment': None, 'width': 15, 'wrap_text': False}
>>> [36mDEBUG[0m >>> [style_registry.py:177 in get_style()] After column merge: {'format': '#,##0.00', 'alignment': 'center', 'width': 15, 'wrap_text': False}
>>> [36mDEBUG[0m >>> [style_registry.py:175 in get_style()] Column 'col_amount' style dict: {'format': '#,##0.00', 'alignment': 'center', 'vertical_alignment': None, 'width': 18, 'wrap_text': False}
>>> [36mDEBUG[0m >>> [style_registry.py:177 in get_style()] After column merge: {'format': '#,##0.00', 'alignment': 'center', 'width': 18, 'wrap_text': False}
>>> [36mDEBUG[0m >>> [data_table_builder.py:276 in build()] Applying vertical merges to columns: ['col_desc']
>>> [36mDEBUG[0m >>> [data_table_builder.py:280 in build()]   Merging contiguous cells in column 'col_desc' (index 4) from row 22 to 27
>>> [0mINFO[0m >>> DataTableBuilder completed: 6 data rows written (rows 22-27)
>>> [36mDEBUG[0m >>> [layout_builder.py:500 in build()] DataTableBuilder completed - rows 22-27 (6 rows), footer at row 28
>>> [0mINFO[0m >>> Restoring template header AFTER table build (correct column alignment)
>>> [36mDEBUG[0m >>> [layout_builder.py:512 in build()] Template header will use actual column count: 7
>>> [36mDEBUG[0m >>> [layout_builder.py:513 in build()] Template header ends at row 20
>>> [36mDEBUG[0m >>> [layout_builder.py:514 in build()] Table header row is at: 21
>>> [36mDEBUG[0m >>> [layout_builder.py:515 in build()] These should NOT overlap! (template_end < table_header)
>>> [36mDEBUG[0m >>> [template_state_builder.py:107 in set_column_mapping()] Column mapping set: 7 columns mapped
>>> [36mDEBUG[0m >>> [template_state_builder.py:108 in set_column_mapping()]   Active: {1: 1, 2: 2, 3: 3, 4: 4, 5: 5, 6: 6, 7: 7}
>>> [0mINFO[0m >>> Applied column mapping to template state for filtered columns
>>> [36mDEBUG[0m >>> [template_state_builder.py:471 in restore_header_only()] Restoring header to new worksheet
>>> [36mDEBUG[0m >>> [template_state_builder.py:472 in restore_header_only()] Header rows: 20, Header merges: 6
>>> [36mDEBUG[0m >>> [template_state_builder.py:475 in restore_header_only()] Dynamic column stretch: Template=15 cols, Actual=7 cols
>>> [36mDEBUG[0m >>> [template_state_builder.py:477 in restore_header_only()] Using column mapping to shift template content
>>> [36mDEBUG[0m >>> [template_state_builder.py:601 in restore_header_only()] Merged: A1:G1
>>> [36mDEBUG[0m >>> [template_state_builder.py:601 in restore_header_only()] Merged: A3:G3
>>> [36mDEBUG[0m >>> [template_state_builder.py:601 in restore_header_only()] Merged: A6:G6
>>> [36mDEBUG[0m >>> [template_state_builder.py:601 in restore_header_only()] Merged: A5:G5
>>> [36mDEBUG[0m >>> [template_state_builder.py:601 in restore_header_only()] Merged: A4:G4
>>> [36mDEBUG[0m >>> [template_state_builder.py:601 in restore_header_only()] Merged: A2:G2
>>> [36mDEBUG[0m >>> [template_state_builder.py:622 in restore_header_only()] Header restoration complete
>>> [0mINFO[0m >>> Template header restored successfully with 7 columns (rows 1-20)
>>> [36mDEBUG[0m >>> [layout_builder.py:550 in build()] Checking FooterBuilder - skip_footer_builder=False
>>> [36mDEBUG[0m >>> [layout_builder.py:598 in build()] Creating FooterBuilder at row 28
>>> [36mDEBUG[0m >>> [layout_builder.py:599 in build()] FooterBuilder input - footer_type: regular, add_blank_before: False, pallet_count: 26
>>> [36mDEBUG[0m >>> [style_registry.py:115 in _load_columns()] Loaded column 'col_static': alignment=center, vertical_alignment=None
>>> [36mDEBUG[0m >>> [style_registry.py:115 in _load_columns()] Loaded column 'col_po': alignment=center, vertical_alignment=None
>>> [36mDEBUG[0m >>> [style_registry.py:115 in _load_columns()] Loaded column 'col_item': alignment=center, vertical_alignment=None
>>> [36mDEBUG[0m >>> [style_registry.py:115 in _load_columns()] Loaded column 'col_desc': alignment=center, vertical_alignment=None
>>> [36mDEBUG[0m >>> [style_registry.py:115 in _load_columns()] Loaded column 'col_qty_sf': alignment=center, vertical_alignment=None
>>> [36mDEBUG[0m >>> [style_registry.py:115 in _load_columns()] Loaded column 'col_unit_price': alignment=center, vertical_alignment=None
>>> [36mDEBUG[0m >>> [style_registry.py:115 in _load_columns()] Loaded column 'col_amount': alignment=center, vertical_alignment=None
>>> [36mDEBUG[0m >>> [style_registry.py:117 in _load_columns()] Loaded 7 column styles: ['col_static', 'col_po', 'col_item', 'col_desc', 'col_qty_sf', 'col_unit_price', 'col_amount']
>>> [36mDEBUG[0m >>> [style_registry.py:135 in _load_row_contexts()] Loaded 3 row contexts: ['header', 'data', 'footer']
>>> [0mINFO[0m >>> StyleRegistry initialized successfully for FooterBuilder
>>> [36mDEBUG[0m >>> [layout_builder.py:610 in build()] Calling FooterBuilder.build() with footer_row_position=28
>>> [0mINFO[0m >>> [FooterBuilder] build() called - footer_row_num=28
>>> [36mDEBUG[0m >>> [footer_builder.py:203 in build()] [FooterBuilder] footer_config exists: True
>>> [36mDEBUG[0m >>> [footer_builder.py:204 in build()] [FooterBuilder] footer_config keys: ['total_text_column_id', 'pallet_count_column_id', 'sum_column_ids', 'merge_rules', 'add_ons']
>>> [0mINFO[0m >>> [FooterBuilder] Starting footer generation at row 28
>>> [36mDEBUG[0m >>> [footer_builder.py:231 in build()] [DEBUG] footer_config add_ons: {'before_footer': {'enabled': False, 'column_id': 'col_po', 'text': 'HS.CODE: 4107.12.00'}, 'weight_summary': {'enabled': True, 'label_col_id': 'col_po', 'value_col_id': 'col_item', 'mode': ['daf', 'standard']}, 'leather_summary': {'enabled': False, 'mode': ['daf', 'standard']}}
>>> [36mDEBUG[0m >>> [footer_builder.py:234 in build()] [DEBUG] before_footer enabled: False
>>> [0mINFO[0m >>> [FooterBuilder] Building regular footer at row 28
>>> [36mDEBUG[0m >>> [footer_builder.py:293 in _build_regular_footer()] [FooterBuilder._build_regular_footer] Starting at row 28
>>> [36mDEBUG[0m >>> [footer_builder.py:462 in _build_footer_common()] [FooterBuilder._build_footer_common] Row 28, text='TOTAL:'
>>> [36mDEBUG[0m >>> [footer_builder.py:467 in _build_footer_common()] [FooterBuilder._build_footer_common] num_columns=7, column_map has 7 entries
>>> [0mINFO[0m >>> [FooterBuilder._build_footer_common] TOTAL TEXT DEBUG:
>>> [0mINFO[0m >>>    total_text='TOTAL:'
>>> [0mINFO[0m >>>    total_text_col_id='col_po'
>>> [0mINFO[0m >>>    total_text_col_idx=2
>>> [0mINFO[0m >>>    column_map_by_id={'col_static': 1, 'col_po': 2, 'col_item': 3, 'col_desc': 4, 'col_qty_sf': 5, 'col_unit_price': 6, 'col_amount': 7}
>>> [36mDEBUG[0m >>> [style_registry.py:175 in get_style()] Column 'col_po' style dict: {'format': '@', 'alignment': 'center', 'vertical_alignment': None, 'width': 28, 'wrap_text': False}
>>> [36mDEBUG[0m >>> [style_registry.py:177 in get_style()] After column merge: {'format': '@', 'alignment': 'center', 'width': 28, 'wrap_text': False}
>>> [36mDEBUG[0m >>> [footer_builder.py:158 in _apply_footer_cell_style()] Applied StyleRegistry style to footer cell col_po (borders=yes)
>>> [36mDEBUG[0m >>> [footer_builder.py:166 in _apply_footer_cell_style()] Applied footer row height 35 to row 28
>>> [0mINFO[0m >>> [FooterBuilder._build_footer_common] WROTE TOTAL TEXT to B28 value='TOTAL:'
>>> [36mDEBUG[0m >>> [footer_builder.py:494 in _build_footer_common()] [FooterBuilder._build_footer_common] Pallet count: 26 at col_id=col_item, col_idx=3
>>> [36mDEBUG[0m >>> [style_registry.py:175 in get_style()] Column 'col_item' style dict: {'format': '@', 'alignment': 'center', 'vertical_alignment': None, 'width': 22.14, 'wrap_text': False}
>>> [36mDEBUG[0m >>> [style_registry.py:177 in get_style()] After column merge: {'format': '@', 'alignment': 'center', 'width': 22.14, 'wrap_text': False}
>>> [36mDEBUG[0m >>> [footer_builder.py:158 in _apply_footer_cell_style()] Applied StyleRegistry style to footer cell col_item (borders=yes)
>>> [36mDEBUG[0m >>> [footer_builder.py:500 in _build_footer_common()] [FooterBuilder._build_footer_common] Wrote pallet text to C28
>>> [36mDEBUG[0m >>> [footer_builder.py:504 in _build_footer_common()] [FooterBuilder._build_footer_common] Sum columns: ['col_qty_sf', 'col_amount'], sum_ranges: [(22, 27)]
>>> [36mDEBUG[0m >>> [style_registry.py:175 in get_style()] Column 'col_qty_sf' style dict: {'format': '#,##0.00', 'alignment': 'center', 'vertical_alignment': None, 'width': 15, 'wrap_text': False}
>>> [36mDEBUG[0m >>> [style_registry.py:177 in get_style()] After column merge: {'format': '#,##0.00', 'alignment': 'center', 'width': 15, 'wrap_text': False}
>>> [36mDEBUG[0m >>> [footer_builder.py:158 in _apply_footer_cell_style()] Applied StyleRegistry style to footer cell col_qty_sf (borders=yes)
>>> [36mDEBUG[0m >>> [footer_builder.py:515 in _build_footer_common()] [FooterBuilder._build_footer_common] Wrote formula to E28: =SUM(E22:E27)
>>> [36mDEBUG[0m >>> [style_registry.py:175 in get_style()] Column 'col_amount' style dict: {'format': '#,##0.00', 'alignment': 'center', 'vertical_alignment': None, 'width': 18, 'wrap_text': False}
>>> [36mDEBUG[0m >>> [style_registry.py:177 in get_style()] After column merge: {'format': '#,##0.00', 'alignment': 'center', 'width': 18, 'wrap_text': False}
>>> [36mDEBUG[0m >>> [footer_builder.py:158 in _apply_footer_cell_style()] Applied StyleRegistry style to footer cell col_amount (borders=yes)
>>> [36mDEBUG[0m >>> [footer_builder.py:515 in _build_footer_common()] [FooterBuilder._build_footer_common] Wrote formula to G28: =SUM(G22:G27)
>>> [36mDEBUG[0m >>> [style_registry.py:175 in get_style()] Column 'col_static' style dict: {'format': '@', 'alignment': 'center', 'vertical_alignment': None, 'width': 24.71, 'wrap_text': False}
>>> [36mDEBUG[0m >>> [style_registry.py:177 in get_style()] After column merge: {'format': '@', 'alignment': 'center', 'width': 24.71, 'wrap_text': False}
>>> [36mDEBUG[0m >>> [footer_builder.py:158 in _apply_footer_cell_style()] Applied StyleRegistry style to footer cell col_static (borders=yes)
>>> [36mDEBUG[0m >>> [style_registry.py:175 in get_style()] Column 'col_po' style dict: {'format': '@', 'alignment': 'center', 'vertical_alignment': None, 'width': 28, 'wrap_text': False}
>>> [36mDEBUG[0m >>> [style_registry.py:177 in get_style()] After column merge: {'format': '@', 'alignment': 'center', 'width': 28, 'wrap_text': False}
>>> [36mDEBUG[0m >>> [footer_builder.py:158 in _apply_footer_cell_style()] Applied StyleRegistry style to footer cell col_po (borders=yes)
>>> [36mDEBUG[0m >>> [style_registry.py:175 in get_style()] Column 'col_item' style dict: {'format': '@', 'alignment': 'center', 'vertical_alignment': None, 'width': 22.14, 'wrap_text': False}
>>> [36mDEBUG[0m >>> [style_registry.py:177 in get_style()] After column merge: {'format': '@', 'alignment': 'center', 'width': 22.14, 'wrap_text': False}
>>> [36mDEBUG[0m >>> [footer_builder.py:158 in _apply_footer_cell_style()] Applied StyleRegistry style to footer cell col_item (borders=yes)
>>> [36mDEBUG[0m >>> [style_registry.py:175 in get_style()] Column 'col_desc' style dict: {'format': '@', 'alignment': 'center', 'vertical_alignment': None, 'width': 20, 'wrap_text': True}
>>> [36mDEBUG[0m >>> [style_registry.py:177 in get_style()] After column merge: {'format': '@', 'alignment': 'center', 'width': 20, 'wrap_text': True}
>>> [36mDEBUG[0m >>> [footer_builder.py:158 in _apply_footer_cell_style()] Applied StyleRegistry style to footer cell col_desc (borders=yes)
>>> [36mDEBUG[0m >>> [style_registry.py:175 in get_style()] Column 'col_qty_sf' style dict: {'format': '#,##0.00', 'alignment': 'center', 'vertical_alignment': None, 'width': 15, 'wrap_text': False}
>>> [36mDEBUG[0m >>> [style_registry.py:177 in get_style()] After column merge: {'format': '#,##0.00', 'alignment': 'center', 'width': 15, 'wrap_text': False}
>>> [36mDEBUG[0m >>> [footer_builder.py:158 in _apply_footer_cell_style()] Applied StyleRegistry style to footer cell col_qty_sf (borders=yes)
>>> [36mDEBUG[0m >>> [style_registry.py:175 in get_style()] Column 'col_unit_price' style dict: {'format': '#,##0.00', 'alignment': 'center', 'vertical_alignment': None, 'width': 15, 'wrap_text': False}
>>> [36mDEBUG[0m >>> [style_registry.py:177 in get_style()] After column merge: {'format': '#,##0.00', 'alignment': 'center', 'width': 15, 'wrap_text': False}
>>> [36mDEBUG[0m >>> [footer_builder.py:158 in _apply_footer_cell_style()] Applied StyleRegistry style to footer cell col_unit_price (borders=yes)
>>> [36mDEBUG[0m >>> [style_registry.py:175 in get_style()] Column 'col_amount' style dict: {'format': '#,##0.00', 'alignment': 'center', 'vertical_alignment': None, 'width': 18, 'wrap_text': False}
>>> [36mDEBUG[0m >>> [style_registry.py:177 in get_style()] After column merge: {'format': '#,##0.00', 'alignment': 'center', 'width': 18, 'wrap_text': False}
>>> [36mDEBUG[0m >>> [footer_builder.py:158 in _apply_footer_cell_style()] Applied StyleRegistry style to footer cell col_amount (borders=yes)
>>> [36mDEBUG[0m >>> [footer_builder.py:533 in _build_footer_common()] [FooterBuilder._build_footer_common] Applied styling to 7 cells
>>> [36mDEBUG[0m >>> [footer_builder.py:296 in _build_regular_footer()] [FooterBuilder._build_regular_footer] Complete
>>> [0mINFO[0m >>> [FooterBuilder] Regular footer built successfully at row 28
>>> [36mDEBUG[0m >>> [footer_builder.py:310 in _process_footer_addons()] [_process_footer_addons] Processing add-ons: ['before_footer', 'weight_summary', 'leather_summary']
>>> [36mDEBUG[0m >>> [footer_builder.py:316 in _process_footer_addons()] Building weight_summary add-on at row 29
>>> [36mDEBUG[0m >>> [footer_builder.py:661 in _build_weight_summary_addon()] [FooterBuilder._build_weight_summary_addon] Starting at row 29
>>> [36mDEBUG[0m >>> [footer_builder.py:680 in _build_weight_summary_addon()] Weight summary context check: total_net_weight=7822.0, total_gross_weight=8407.0, all_tables_data=None
>>> [36mDEBUG[0m >>> [footer_builder.py:686 in _build_weight_summary_addon()] Using pre-calculated weight totals: N.W=7822.0, G.W=8407.0
>>> [36mDEBUG[0m >>> [footer_builder.py:732 in _build_weight_summary_addon()] Weight totals: N.W=7822.0, G.W=8407.0
>>> [36mDEBUG[0m >>> [style_registry.py:175 in get_style()] Column 'col_po' style dict: {'format': '@', 'alignment': 'center', 'vertical_alignment': None, 'width': 28, 'wrap_text': False}
>>> [36mDEBUG[0m >>> [style_registry.py:177 in get_style()] After column merge: {'format': '@', 'alignment': 'center', 'width': 28, 'wrap_text': False}
>>> [36mDEBUG[0m >>> [footer_builder.py:158 in _apply_footer_cell_style()] Applied StyleRegistry style to footer cell col_po (borders=yes)
>>> [36mDEBUG[0m >>> [footer_builder.py:166 in _apply_footer_cell_style()] Applied footer row height 35 to row 29
>>> [36mDEBUG[0m >>> [style_registry.py:175 in get_style()] Column 'col_item' style dict: {'format': '@', 'alignment': 'center', 'vertical_alignment': None, 'width': 22.14, 'wrap_text': False}
>>> [36mDEBUG[0m >>> [style_registry.py:177 in get_style()] After column merge: {'format': '@', 'alignment': 'center', 'width': 22.14, 'wrap_text': False}
>>> [36mDEBUG[0m >>> [footer_builder.py:158 in _apply_footer_cell_style()] Applied StyleRegistry style to footer cell col_item (borders=yes)
>>> [36mDEBUG[0m >>> [style_registry.py:175 in get_style()] Column 'col_static' style dict: {'format': '@', 'alignment': 'center', 'vertical_alignment': None, 'width': 24.71, 'wrap_text': False}
>>> [36mDEBUG[0m >>> [style_registry.py:177 in get_style()] After column merge: {'format': '@', 'alignment': 'center', 'width': 24.71, 'wrap_text': False}
>>> [36mDEBUG[0m >>> [footer_builder.py:158 in _apply_footer_cell_style()] Applied StyleRegistry style to footer cell col_static (borders=yes)
>>> [36mDEBUG[0m >>> [style_registry.py:175 in get_style()] Column 'col_desc' style dict: {'format': '@', 'alignment': 'center', 'vertical_alignment': None, 'width': 20, 'wrap_text': True}
>>> [36mDEBUG[0m >>> [style_registry.py:177 in get_style()] After column merge: {'format': '@', 'alignment': 'center', 'width': 20, 'wrap_text': True}
>>> [36mDEBUG[0m >>> [footer_builder.py:158 in _apply_footer_cell_style()] Applied StyleRegistry style to footer cell col_desc (borders=yes)
>>> [36mDEBUG[0m >>> [style_registry.py:175 in get_style()] Column 'col_qty_sf' style dict: {'format': '#,##0.00', 'alignment': 'center', 'vertical_alignment': None, 'width': 15, 'wrap_text': False}
>>> [36mDEBUG[0m >>> [style_registry.py:177 in get_style()] After column merge: {'format': '#,##0.00', 'alignment': 'center', 'width': 15, 'wrap_text': False}
>>> [36mDEBUG[0m >>> [footer_builder.py:158 in _apply_footer_cell_style()] Applied StyleRegistry style to footer cell col_qty_sf (borders=yes)
>>> [36mDEBUG[0m >>> [style_registry.py:175 in get_style()] Column 'col_unit_price' style dict: {'format': '#,##0.00', 'alignment': 'center', 'vertical_alignment': None, 'width': 15, 'wrap_text': False}
>>> [36mDEBUG[0m >>> [style_registry.py:177 in get_style()] After column merge: {'format': '#,##0.00', 'alignment': 'center', 'width': 15, 'wrap_text': False}
>>> [36mDEBUG[0m >>> [footer_builder.py:158 in _apply_footer_cell_style()] Applied StyleRegistry style to footer cell col_unit_price (borders=yes)
>>> [36mDEBUG[0m >>> [style_registry.py:175 in get_style()] Column 'col_amount' style dict: {'format': '#,##0.00', 'alignment': 'center', 'vertical_alignment': None, 'width': 18, 'wrap_text': False}
>>> [36mDEBUG[0m >>> [style_registry.py:177 in get_style()] After column merge: {'format': '#,##0.00', 'alignment': 'center', 'width': 18, 'wrap_text': False}
>>> [36mDEBUG[0m >>> [footer_builder.py:158 in _apply_footer_cell_style()] Applied StyleRegistry style to footer cell col_amount (borders=yes)
>>> [36mDEBUG[0m >>> [style_registry.py:175 in get_style()] Column 'col_po' style dict: {'format': '@', 'alignment': 'center', 'vertical_alignment': None, 'width': 28, 'wrap_text': False}
>>> [36mDEBUG[0m >>> [style_registry.py:177 in get_style()] After column merge: {'format': '@', 'alignment': 'center', 'width': 28, 'wrap_text': False}
>>> [36mDEBUG[0m >>> [footer_builder.py:158 in _apply_footer_cell_style()] Applied StyleRegistry style to footer cell col_po (borders=yes)
>>> [36mDEBUG[0m >>> [footer_builder.py:166 in _apply_footer_cell_style()] Applied footer row height 35 to row 30
>>> [36mDEBUG[0m >>> [style_registry.py:175 in get_style()] Column 'col_item' style dict: {'format': '@', 'alignment': 'center', 'vertical_alignment': None, 'width': 22.14, 'wrap_text': False}
>>> [36mDEBUG[0m >>> [style_registry.py:177 in get_style()] After column merge: {'format': '@', 'alignment': 'center', 'width': 22.14, 'wrap_text': False}
>>> [36mDEBUG[0m >>> [footer_builder.py:158 in _apply_footer_cell_style()] Applied StyleRegistry style to footer cell col_item (borders=yes)
>>> [36mDEBUG[0m >>> [style_registry.py:175 in get_style()] Column 'col_static' style dict: {'format': '@', 'alignment': 'center', 'vertical_alignment': None, 'width': 24.71, 'wrap_text': False}
>>> [36mDEBUG[0m >>> [style_registry.py:177 in get_style()] After column merge: {'format': '@', 'alignment': 'center', 'width': 24.71, 'wrap_text': False}
>>> [36mDEBUG[0m >>> [footer_builder.py:158 in _apply_footer_cell_style()] Applied StyleRegistry style to footer cell col_static (borders=yes)
>>> [36mDEBUG[0m >>> [style_registry.py:175 in get_style()] Column 'col_desc' style dict: {'format': '@', 'alignment': 'center', 'vertical_alignment': None, 'width': 20, 'wrap_text': True}
>>> [36mDEBUG[0m >>> [style_registry.py:177 in get_style()] After column merge: {'format': '@', 'alignment': 'center', 'width': 20, 'wrap_text': True}
>>> [36mDEBUG[0m >>> [footer_builder.py:158 in _apply_footer_cell_style()] Applied StyleRegistry style to footer cell col_desc (borders=yes)
>>> [36mDEBUG[0m >>> [style_registry.py:175 in get_style()] Column 'col_qty_sf' style dict: {'format': '#,##0.00', 'alignment': 'center', 'vertical_alignment': None, 'width': 15, 'wrap_text': False}
>>> [36mDEBUG[0m >>> [style_registry.py:177 in get_style()] After column merge: {'format': '#,##0.00', 'alignment': 'center', 'width': 15, 'wrap_text': False}
>>> [36mDEBUG[0m >>> [footer_builder.py:158 in _apply_footer_cell_style()] Applied StyleRegistry style to footer cell col_qty_sf (borders=yes)
>>> [36mDEBUG[0m >>> [style_registry.py:175 in get_style()] Column 'col_unit_price' style dict: {'format': '#,##0.00', 'alignment': 'center', 'vertical_alignment': None, 'width': 15, 'wrap_text': False}
>>> [36mDEBUG[0m >>> [style_registry.py:177 in get_style()] After column merge: {'format': '#,##0.00', 'alignment': 'center', 'width': 15, 'wrap_text': False}
>>> [36mDEBUG[0m >>> [footer_builder.py:158 in _apply_footer_cell_style()] Applied StyleRegistry style to footer cell col_unit_price (borders=yes)
>>> [36mDEBUG[0m >>> [style_registry.py:175 in get_style()] Column 'col_amount' style dict: {'format': '#,##0.00', 'alignment': 'center', 'vertical_alignment': None, 'width': 18, 'wrap_text': False}
>>> [36mDEBUG[0m >>> [style_registry.py:177 in get_style()] After column merge: {'format': '#,##0.00', 'alignment': 'center', 'width': 18, 'wrap_text': False}
>>> [36mDEBUG[0m >>> [footer_builder.py:158 in _apply_footer_cell_style()] Applied StyleRegistry style to footer cell col_amount (borders=yes)
>>> [36mDEBUG[0m >>> [footer_builder.py:785 in _build_weight_summary_addon()] [FooterBuilder._build_weight_summary_addon] Complete - wrote rows 29-30
>>> [36mDEBUG[0m >>> [footer_builder.py:324 in _process_footer_addons()] [_process_footer_addons] leather_summary config: {'enabled': False, 'mode': ['daf', 'standard']}
>>> [36mDEBUG[0m >>> [footer_builder.py:334 in _process_footer_addons()] [_process_footer_addons] leather_summary NOT enabled
>>> [0mINFO[0m >>> [FooterBuilder] COMPLETE - Started at 28, ended at 30, total rows: 3
>>> [36mDEBUG[0m >>> [layout_builder.py:623 in build()] FooterBuilder completed - rows 28-30 (3 rows), next available: 31
>>> [36mDEBUG[0m >>> [layout_builder.py:709 in _apply_footer_row_height()] Applied footer height 35 to row 28 (NEW format)
>>> [36mDEBUG[0m >>> [layout_builder.py:709 in _apply_footer_row_height()] Applied footer height 35 to row 29 (NEW format)
>>> [36mDEBUG[0m >>> [layout_builder.py:709 in _apply_footer_row_height()] Applied footer height 35 to row 30 (NEW format)
>>> [0mINFO[0m >>> Restoring template footer after row 31
>>> [36mDEBUG[0m >>> [layout_builder.py:658 in build()] Template footer restoration - Source rows: 25-35 (11 rows), Target start: 31
>>> [36mDEBUG[0m >>> [layout_builder.py:666 in build()] Using actual column count from config: 7
>>> [36mDEBUG[0m >>> [template_state_builder.py:107 in set_column_mapping()] Column mapping set: 7 columns mapped
>>> [36mDEBUG[0m >>> [template_state_builder.py:108 in set_column_mapping()]   Active: {1: 1, 2: 2, 3: 3, 4: 4, 5: 5, 6: 6, 7: 7}
>>> [0mINFO[0m >>> Applied column mapping to template state for footer restoration
>>> [36mDEBUG[0m >>> [template_state_builder.py:637 in restore_footer_only()] restore_footer_only called with:
>>> [36mDEBUG[0m >>> [template_state_builder.py:638 in restore_footer_only()] footer_start_row parameter: 31
>>> [36mDEBUG[0m >>> [template_state_builder.py:639 in restore_footer_only()] self.template_footer_start_row: 25
>>> [36mDEBUG[0m >>> [template_state_builder.py:640 in restore_footer_only()] self.template_footer_end_row: 33
>>> [36mDEBUG[0m >>> [template_state_builder.py:641 in restore_footer_only()] len(self.footer_state): 9
>>> [36mDEBUG[0m >>> [template_state_builder.py:644 in restore_footer_only()] Restoring template footer starting at row 31
>>> [36mDEBUG[0m >>> [template_state_builder.py:645 in restore_footer_only()] Template footer rows: 9, Footer merges: 4
>>> [36mDEBUG[0m >>> [template_state_builder.py:648 in restore_footer_only()] Dynamic column stretch: Template=15 cols, Actual=7 cols
>>> [36mDEBUG[0m >>> [template_state_builder.py:650 in restore_footer_only()] Using column mapping to shift template content
>>> [36mDEBUG[0m >>> [template_state_builder.py:654 in restore_footer_only()] Calculated offset: 6 (footer_start_row=31 - template_footer_start_row=25)
>>> [36mDEBUG[0m >>> [template_state_builder.py:655 in restore_footer_only()] offset: 6
>>> [36mDEBUG[0m >>> [template_state_builder.py:713 in restore_footer_only()] actual_row: 31, template_col: 1, output_col: 1
>>> [36mDEBUG[0m >>> [template_state_builder.py:713 in restore_footer_only()] actual_row: 31, template_col: 2, output_col: 2
>>> [36mDEBUG[0m >>> [template_state_builder.py:713 in restore_footer_only()] actual_row: 31, template_col: 3, output_col: 3
>>> [36mDEBUG[0m >>> [template_state_builder.py:713 in restore_footer_only()] actual_row: 31, template_col: 4, output_col: 4
>>> [36mDEBUG[0m >>> [template_state_builder.py:713 in restore_footer_only()] actual_row: 31, template_col: 5, output_col: 5
>>> [36mDEBUG[0m >>> [template_state_builder.py:713 in restore_footer_only()] actual_row: 31, template_col: 6, output_col: 6
>>> [36mDEBUG[0m >>> [template_state_builder.py:713 in restore_footer_only()] actual_row: 31, template_col: 7, output_col: 7
>>> [36mDEBUG[0m >>> [template_state_builder.py:713 in restore_footer_only()] actual_row: 31, template_col: 8, output_col: 8
>>> [36mDEBUG[0m >>> [template_state_builder.py:713 in restore_footer_only()] actual_row: 31, template_col: 9, output_col: 9
>>> [36mDEBUG[0m >>> [template_state_builder.py:713 in restore_footer_only()] actual_row: 31, template_col: 10, output_col: 10
>>> [36mDEBUG[0m >>> [template_state_builder.py:713 in restore_footer_only()] actual_row: 31, template_col: 11, output_col: 11
>>> [36mDEBUG[0m >>> [template_state_builder.py:713 in restore_footer_only()] actual_row: 31, template_col: 12, output_col: 12
>>> [36mDEBUG[0m >>> [template_state_builder.py:713 in restore_footer_only()] actual_row: 31, template_col: 13, output_col: 13
>>> [36mDEBUG[0m >>> [template_state_builder.py:713 in restore_footer_only()] actual_row: 31, template_col: 14, output_col: 14
>>> [36mDEBUG[0m >>> [template_state_builder.py:713 in restore_footer_only()] actual_row: 31, template_col: 15, output_col: 15
>>> [36mDEBUG[0m >>> [template_state_builder.py:713 in restore_footer_only()] actual_row: 32, template_col: 1, output_col: 1
>>> [36mDEBUG[0m >>> [template_state_builder.py:713 in restore_footer_only()] actual_row: 32, template_col: 2, output_col: 2
>>> [36mDEBUG[0m >>> [template_state_builder.py:713 in restore_footer_only()] actual_row: 32, template_col: 3, output_col: 3
>>> [36mDEBUG[0m >>> [template_state_builder.py:713 in restore_footer_only()] actual_row: 32, template_col: 4, output_col: 4
>>> [36mDEBUG[0m >>> [template_state_builder.py:713 in restore_footer_only()] actual_row: 32, template_col: 5, output_col: 5
>>> [36mDEBUG[0m >>> [template_state_builder.py:713 in restore_footer_only()] actual_row: 32, template_col: 6, output_col: 6
>>> [36mDEBUG[0m >>> [template_state_builder.py:713 in restore_footer_only()] actual_row: 32, template_col: 7, output_col: 7
>>> [36mDEBUG[0m >>> [template_state_builder.py:713 in restore_footer_only()] actual_row: 32, template_col: 8, output_col: 8
>>> [36mDEBUG[0m >>> [template_state_builder.py:713 in restore_footer_only()] actual_row: 32, template_col: 9, output_col: 9
>>> [36mDEBUG[0m >>> [template_state_builder.py:713 in restore_footer_only()] actual_row: 32, template_col: 10, output_col: 10
>>> [36mDEBUG[0m >>> [template_state_builder.py:713 in restore_footer_only()] actual_row: 32, template_col: 11, output_col: 11
>>> [36mDEBUG[0m >>> [template_state_builder.py:713 in restore_footer_only()] actual_row: 32, template_col: 12, output_col: 12
>>> [36mDEBUG[0m >>> [template_state_builder.py:713 in restore_footer_only()] actual_row: 32, template_col: 13, output_col: 13
>>> [36mDEBUG[0m >>> [template_state_builder.py:713 in restore_footer_only()] actual_row: 32, template_col: 14, output_col: 14
>>> [36mDEBUG[0m >>> [template_state_builder.py:713 in restore_footer_only()] actual_row: 32, template_col: 15, output_col: 15
>>> [36mDEBUG[0m >>> [template_state_builder.py:713 in restore_footer_only()] actual_row: 33, template_col: 1, output_col: 1
>>> [36mDEBUG[0m >>> [template_state_builder.py:713 in restore_footer_only()] actual_row: 33, template_col: 2, output_col: 2
>>> [36mDEBUG[0m >>> [template_state_builder.py:713 in restore_footer_only()] actual_row: 33, template_col: 3, output_col: 3
>>> [36mDEBUG[0m >>> [template_state_builder.py:713 in restore_footer_only()] actual_row: 33, template_col: 4, output_col: 4
>>> [36mDEBUG[0m >>> [template_state_builder.py:713 in restore_footer_only()] actual_row: 33, template_col: 5, output_col: 5
>>> [36mDEBUG[0m >>> [template_state_builder.py:713 in restore_footer_only()] actual_row: 33, template_col: 6, output_col: 6
>>> [36mDEBUG[0m >>> [template_state_builder.py:713 in restore_footer_only()] actual_row: 33, template_col: 7, output_col: 7
>>> [36mDEBUG[0m >>> [template_state_builder.py:713 in restore_footer_only()] actual_row: 33, template_col: 8, output_col: 8
>>> [36mDEBUG[0m >>> [template_state_builder.py:713 in restore_footer_only()] actual_row: 33, template_col: 9, output_col: 9
>>> [36mDEBUG[0m >>> [template_state_builder.py:713 in restore_footer_only()] actual_row: 33, template_col: 10, output_col: 10
>>> [36mDEBUG[0m >>> [template_state_builder.py:713 in restore_footer_only()] actual_row: 33, template_col: 11, output_col: 11
>>> [36mDEBUG[0m >>> [template_state_builder.py:713 in restore_footer_only()] actual_row: 33, template_col: 12, output_col: 12
>>> [36mDEBUG[0m >>> [template_state_builder.py:713 in restore_footer_only()] actual_row: 33, template_col: 13, output_col: 13
>>> [36mDEBUG[0m >>> [template_state_builder.py:713 in restore_footer_only()] actual_row: 33, template_col: 14, output_col: 14
>>> [36mDEBUG[0m >>> [template_state_builder.py:713 in restore_footer_only()] actual_row: 33, template_col: 15, output_col: 15
>>> [36mDEBUG[0m >>> [template_state_builder.py:713 in restore_footer_only()] actual_row: 34, template_col: 1, output_col: 1
>>> [36mDEBUG[0m >>> [template_state_builder.py:713 in restore_footer_only()] actual_row: 34, template_col: 2, output_col: 2
>>> [36mDEBUG[0m >>> [template_state_builder.py:713 in restore_footer_only()] actual_row: 34, template_col: 3, output_col: 3
>>> [36mDEBUG[0m >>> [template_state_builder.py:713 in restore_footer_only()] actual_row: 34, template_col: 4, output_col: 4
>>> [36mDEBUG[0m >>> [template_state_builder.py:713 in restore_footer_only()] actual_row: 34, template_col: 5, output_col: 5
>>> [36mDEBUG[0m >>> [template_state_builder.py:713 in restore_footer_only()] actual_row: 34, template_col: 6, output_col: 6
>>> [36mDEBUG[0m >>> [template_state_builder.py:713 in restore_footer_only()] actual_row: 34, template_col: 7, output_col: 7
>>> [36mDEBUG[0m >>> [template_state_builder.py:713 in restore_footer_only()] actual_row: 34, template_col: 8, output_col: 8
>>> [36mDEBUG[0m >>> [template_state_builder.py:713 in restore_footer_only()] actual_row: 34, template_col: 9, output_col: 9
>>> [36mDEBUG[0m >>> [template_state_builder.py:713 in restore_footer_only()] actual_row: 34, template_col: 10, output_col: 10
>>> [36mDEBUG[0m >>> [template_state_builder.py:713 in restore_footer_only()] actual_row: 34, template_col: 11, output_col: 11
>>> [36mDEBUG[0m >>> [template_state_builder.py:713 in restore_footer_only()] actual_row: 34, template_col: 12, output_col: 12
>>> [36mDEBUG[0m >>> [template_state_builder.py:713 in restore_footer_only()] actual_row: 34, template_col: 13, output_col: 13
>>> [36mDEBUG[0m >>> [template_state_builder.py:713 in restore_footer_only()] actual_row: 34, template_col: 14, output_col: 14
>>> [36mDEBUG[0m >>> [template_state_builder.py:713 in restore_footer_only()] actual_row: 34, template_col: 15, output_col: 15
>>> [36mDEBUG[0m >>> [template_state_builder.py:713 in restore_footer_only()] actual_row: 35, template_col: 1, output_col: 1
>>> [36mDEBUG[0m >>> [template_state_builder.py:713 in restore_footer_only()] actual_row: 35, template_col: 2, output_col: 2
>>> [36mDEBUG[0m >>> [template_state_builder.py:713 in restore_footer_only()] actual_row: 35, template_col: 3, output_col: 3
>>> [36mDEBUG[0m >>> [template_state_builder.py:713 in restore_footer_only()] actual_row: 35, template_col: 4, output_col: 4
>>> [36mDEBUG[0m >>> [template_state_builder.py:713 in restore_footer_only()] actual_row: 35, template_col: 5, output_col: 5
>>> [36mDEBUG[0m >>> [template_state_builder.py:713 in restore_footer_only()] actual_row: 35, template_col: 6, output_col: 6
>>> [36mDEBUG[0m >>> [template_state_builder.py:713 in restore_footer_only()] actual_row: 35, template_col: 7, output_col: 7
>>> [36mDEBUG[0m >>> [template_state_builder.py:713 in restore_footer_only()] actual_row: 35, template_col: 8, output_col: 8
>>> [36mDEBUG[0m >>> [template_state_builder.py:713 in restore_footer_only()] actual_row: 35, template_col: 9, output_col: 9
>>> [36mDEBUG[0m >>> [template_state_builder.py:713 in restore_footer_only()] actual_row: 35, template_col: 10, output_col: 10
>>> [36mDEBUG[0m >>> [template_state_builder.py:713 in restore_footer_only()] actual_row: 35, template_col: 11, output_col: 11
>>> [36mDEBUG[0m >>> [template_state_builder.py:713 in restore_footer_only()] actual_row: 35, template_col: 12, output_col: 12
>>> [36mDEBUG[0m >>> [template_state_builder.py:713 in restore_footer_only()] actual_row: 35, template_col: 13, output_col: 13
>>> [36mDEBUG[0m >>> [template_state_builder.py:713 in restore_footer_only()] actual_row: 35, template_col: 14, output_col: 14
>>> [36mDEBUG[0m >>> [template_state_builder.py:713 in restore_footer_only()] actual_row: 35, template_col: 15, output_col: 15
>>> [36mDEBUG[0m >>> [template_state_builder.py:713 in restore_footer_only()] actual_row: 36, template_col: 1, output_col: 1
>>> [36mDEBUG[0m >>> [template_state_builder.py:713 in restore_footer_only()] actual_row: 36, template_col: 2, output_col: 2
>>> [36mDEBUG[0m >>> [template_state_builder.py:713 in restore_footer_only()] actual_row: 36, template_col: 3, output_col: 3
>>> [36mDEBUG[0m >>> [template_state_builder.py:713 in restore_footer_only()] actual_row: 36, template_col: 4, output_col: 4
>>> [36mDEBUG[0m >>> [template_state_builder.py:713 in restore_footer_only()] actual_row: 36, template_col: 5, output_col: 5
>>> [36mDEBUG[0m >>> [template_state_builder.py:713 in restore_footer_only()] actual_row: 36, template_col: 6, output_col: 6
>>> [36mDEBUG[0m >>> [template_state_builder.py:713 in restore_footer_only()] actual_row: 36, template_col: 7, output_col: 7
>>> [36mDEBUG[0m >>> [template_state_builder.py:713 in restore_footer_only()] actual_row: 36, template_col: 8, output_col: 8
>>> [36mDEBUG[0m >>> [template_state_builder.py:713 in restore_footer_only()] actual_row: 36, template_col: 9, output_col: 9
>>> [36mDEBUG[0m >>> [template_state_builder.py:713 in restore_footer_only()] actual_row: 36, template_col: 10, output_col: 10
>>> [36mDEBUG[0m >>> [template_state_builder.py:713 in restore_footer_only()] actual_row: 36, template_col: 11, output_col: 11
>>> [36mDEBUG[0m >>> [template_state_builder.py:713 in restore_footer_only()] actual_row: 36, template_col: 12, output_col: 12
>>> [36mDEBUG[0m >>> [template_state_builder.py:713 in restore_footer_only()] actual_row: 36, template_col: 13, output_col: 13
>>> [36mDEBUG[0m >>> [template_state_builder.py:713 in restore_footer_only()] actual_row: 36, template_col: 14, output_col: 14
>>> [36mDEBUG[0m >>> [template_state_builder.py:713 in restore_footer_only()] actual_row: 36, template_col: 15, output_col: 15
>>> [36mDEBUG[0m >>> [template_state_builder.py:713 in restore_footer_only()] actual_row: 37, template_col: 1, output_col: 1
>>> [36mDEBUG[0m >>> [template_state_builder.py:713 in restore_footer_only()] actual_row: 37, template_col: 2, output_col: 2
>>> [36mDEBUG[0m >>> [template_state_builder.py:713 in restore_footer_only()] actual_row: 37, template_col: 3, output_col: 3
>>> [36mDEBUG[0m >>> [template_state_builder.py:713 in restore_footer_only()] actual_row: 37, template_col: 4, output_col: 4
>>> [36mDEBUG[0m >>> [template_state_builder.py:713 in restore_footer_only()] actual_row: 37, template_col: 5, output_col: 5
>>> [36mDEBUG[0m >>> [template_state_builder.py:713 in restore_footer_only()] actual_row: 37, template_col: 6, output_col: 6
>>> [36mDEBUG[0m >>> [template_state_builder.py:713 in restore_footer_only()] actual_row: 37, template_col: 7, output_col: 7
>>> [36mDEBUG[0m >>> [template_state_builder.py:713 in restore_footer_only()] actual_row: 37, template_col: 8, output_col: 8
>>> [36mDEBUG[0m >>> [template_state_builder.py:713 in restore_footer_only()] actual_row: 37, template_col: 9, output_col: 9
>>> [36mDEBUG[0m >>> [template_state_builder.py:713 in restore_footer_only()] actual_row: 37, template_col: 10, output_col: 10
>>> [36mDEBUG[0m >>> [template_state_builder.py:713 in restore_footer_only()] actual_row: 37, template_col: 11, output_col: 11
>>> [36mDEBUG[0m >>> [template_state_builder.py:713 in restore_footer_only()] actual_row: 37, template_col: 12, output_col: 12
>>> [36mDEBUG[0m >>> [template_state_builder.py:713 in restore_footer_only()] actual_row: 37, template_col: 13, output_col: 13
>>> [36mDEBUG[0m >>> [template_state_builder.py:713 in restore_footer_only()] actual_row: 37, template_col: 14, output_col: 14
>>> [36mDEBUG[0m >>> [template_state_builder.py:713 in restore_footer_only()] actual_row: 37, template_col: 15, output_col: 15
>>> [36mDEBUG[0m >>> [template_state_builder.py:713 in restore_footer_only()] actual_row: 38, template_col: 1, output_col: 1
>>> [36mDEBUG[0m >>> [template_state_builder.py:713 in restore_footer_only()] actual_row: 38, template_col: 2, output_col: 2
>>> [36mDEBUG[0m >>> [template_state_builder.py:713 in restore_footer_only()] actual_row: 38, template_col: 3, output_col: 3
>>> [36mDEBUG[0m >>> [template_state_builder.py:713 in restore_footer_only()] actual_row: 38, template_col: 4, output_col: 4
>>> [36mDEBUG[0m >>> [template_state_builder.py:713 in restore_footer_only()] actual_row: 38, template_col: 5, output_col: 5
>>> [36mDEBUG[0m >>> [template_state_builder.py:713 in restore_footer_only()] actual_row: 38, template_col: 6, output_col: 6
>>> [36mDEBUG[0m >>> [template_state_builder.py:713 in restore_footer_only()] actual_row: 38, template_col: 7, output_col: 7
>>> [36mDEBUG[0m >>> [template_state_builder.py:713 in restore_footer_only()] actual_row: 38, template_col: 8, output_col: 8
>>> [36mDEBUG[0m >>> [template_state_builder.py:713 in restore_footer_only()] actual_row: 38, template_col: 9, output_col: 9
>>> [36mDEBUG[0m >>> [template_state_builder.py:713 in restore_footer_only()] actual_row: 38, template_col: 10, output_col: 10
>>> [36mDEBUG[0m >>> [template_state_builder.py:713 in restore_footer_only()] actual_row: 38, template_col: 11, output_col: 11
>>> [36mDEBUG[0m >>> [template_state_builder.py:713 in restore_footer_only()] actual_row: 38, template_col: 12, output_col: 12
>>> [36mDEBUG[0m >>> [template_state_builder.py:713 in restore_footer_only()] actual_row: 38, template_col: 13, output_col: 13
>>> [36mDEBUG[0m >>> [template_state_builder.py:713 in restore_footer_only()] actual_row: 38, template_col: 14, output_col: 14
>>> [36mDEBUG[0m >>> [template_state_builder.py:713 in restore_footer_only()] actual_row: 38, template_col: 15, output_col: 15
>>> [36mDEBUG[0m >>> [template_state_builder.py:713 in restore_footer_only()] actual_row: 39, template_col: 1, output_col: 1
>>> [36mDEBUG[0m >>> [template_state_builder.py:713 in restore_footer_only()] actual_row: 39, template_col: 2, output_col: 2
>>> [36mDEBUG[0m >>> [template_state_builder.py:713 in restore_footer_only()] actual_row: 39, template_col: 3, output_col: 3
>>> [36mDEBUG[0m >>> [template_state_builder.py:713 in restore_footer_only()] actual_row: 39, template_col: 4, output_col: 4
>>> [36mDEBUG[0m >>> [template_state_builder.py:713 in restore_footer_only()] actual_row: 39, template_col: 5, output_col: 5
>>> [36mDEBUG[0m >>> [template_state_builder.py:713 in restore_footer_only()] actual_row: 39, template_col: 6, output_col: 6
>>> [36mDEBUG[0m >>> [template_state_builder.py:713 in restore_footer_only()] actual_row: 39, template_col: 7, output_col: 7
>>> [36mDEBUG[0m >>> [template_state_builder.py:713 in restore_footer_only()] actual_row: 39, template_col: 8, output_col: 8
>>> [36mDEBUG[0m >>> [template_state_builder.py:713 in restore_footer_only()] actual_row: 39, template_col: 9, output_col: 9
>>> [36mDEBUG[0m >>> [template_state_builder.py:713 in restore_footer_only()] actual_row: 39, template_col: 10, output_col: 10
>>> [36mDEBUG[0m >>> [template_state_builder.py:713 in restore_footer_only()] actual_row: 39, template_col: 11, output_col: 11
>>> [36mDEBUG[0m >>> [template_state_builder.py:713 in restore_footer_only()] actual_row: 39, template_col: 12, output_col: 12
>>> [36mDEBUG[0m >>> [template_state_builder.py:713 in restore_footer_only()] actual_row: 39, template_col: 13, output_col: 13
>>> [36mDEBUG[0m >>> [template_state_builder.py:713 in restore_footer_only()] actual_row: 39, template_col: 14, output_col: 14
>>> [36mDEBUG[0m >>> [template_state_builder.py:713 in restore_footer_only()] actual_row: 39, template_col: 15, output_col: 15
>>> [36mDEBUG[0m >>> [template_state_builder.py:807 in restore_footer_only()] Merged (shifted): B25:C25 -> B31:C31
>>> [36mDEBUG[0m >>> [template_state_builder.py:807 in restore_footer_only()] Merged (shifted): A27:G27 -> A33:G33
>>> [36mDEBUG[0m >>> [template_state_builder.py:807 in restore_footer_only()] Merged (shifted): A26:C26 -> A32:C32
>>> [36mDEBUG[0m >>> [template_state_builder.py:807 in restore_footer_only()] Merged (shifted): A28:G28 -> A34:G34
>>> [36mDEBUG[0m >>> [template_state_builder.py:820 in restore_footer_only()] Template footer restoration complete (9 rows restored)
>>> [36mDEBUG[0m >>> [layout_builder.py:679 in build()] Template footer restored successfully - rows 31-41
>>> [0mINFO[0m >>> Layout built successfully for sheet 'Invoice'
>>> [0mINFO[0m >>> Successfully filled table data/footer for sheet 'Invoice'
>>> [0mINFO[0m >>> Processing sheet 'Contract'
>>> [36mDEBUG[0m >>> [config_loader.py:123 in get_styling_config()] get_styling_config for 'Contract'
>>> [36mDEBUG[0m >>> [config_loader.py:124 in get_styling_config()] Keys in sheet_styling: ['_comment', 'columns', 'row_contexts']
>>> [36mDEBUG[0m >>> [config_loader.py:129 in get_styling_config()] NEW FORMAT detected - returning columns + row_contexts as-is
>>> [0mINFO[0m >>> Processing sheet 'Contract' as single table/aggregation
>>> [36mDEBUG[0m >>> [single_table_processor.py:48 in process()] Calculated weight totals for Contract: N.W=7822.0000, G.W=8407.0000
>>> [36mDEBUG[0m >>> [config_loader.py:123 in get_styling_config()] get_styling_config for 'Contract'
>>> [36mDEBUG[0m >>> [config_loader.py:124 in get_styling_config()] Keys in sheet_styling: ['_comment', 'columns', 'row_contexts']
>>> [36mDEBUG[0m >>> [config_loader.py:129 in get_styling_config()] NEW FORMAT detected - returning columns + row_contexts as-is
>>> [36mDEBUG[0m >>> [builder_config_resolver.py:197 in _adapt_invoice_data_for_sheet()] Sheet Contract (data_source=aggregation) will use processed_tables_data['1'] for metadata (inv_no, inv_date, inv_ref)
>>> [36mDEBUG[0m >>> [single_table_processor.py:73 in process()] layout_config keys: ['sheet_config', 'blanks', 'static_content', 'merge_rules', 'enable_text_replacement', 'skip_data_table_builder']
>>> [36mDEBUG[0m >>> [single_table_processor.py:74 in process()] skip_data_table_builder in layout_config: False
>>> [36mDEBUG[0m >>> [single_table_processor.py:75 in process()] skip_data_table_builder in sheet_config: NOT SET
>>> [36mDEBUG[0m >>> [builder_config_resolver.py:465 in _construct_header_info()] Column filtering: 5 total → 5 after filtering (DAF=True, custom=False)
>>> [36mDEBUG[0m >>> [single_table_processor.py:86 in process()] header_info keys: ['second_row_index', 'column_map', 'column_id_map', 'num_columns', 'column_formats', 'column_colspan']
>>> [36mDEBUG[0m >>> [builder_config_resolver.py:465 in _construct_header_info()] Column filtering: 5 total → 5 after filtering (DAF=True, custom=False)
>>> [36mDEBUG[0m >>> [builder_config_resolver.py:197 in _adapt_invoice_data_for_sheet()] Sheet Contract (data_source=aggregation) will use processed_tables_data['1'] for metadata (inv_no, inv_date, inv_ref)
>>> [0mINFO[0m >>> Successfully resolved table data using TableDataAdapter
>>> [36mDEBUG[0m >>> [layout_builder.py:132 in __init__()] LayoutBuilder initialized: skip_data_table_builder=False
>>> [0mINFO[0m >>> Building layout for sheet 'Contract'
>>> [36mDEBUG[0m >>> [layout_builder.py:149 in build()] Reading from template, writing to output worksheet
>>> [36mDEBUG[0m >>> [layout_builder.py:178 in build()] [LayoutBuilder DEBUG] sheet_name=Contract, header_row=1, table_header_row=15
>>> [36mDEBUG[0m >>> [layout_builder.py:179 in build()] [LayoutBuilder DEBUG] all_sheet_configs keys: ['_comment', 'Invoice', 'Contract', 'Packing list']
>>> [36mDEBUG[0m >>> [layout_builder.py:189 in build()] [LayoutBuilder DEBUG] template_header: rows 1-14, table_header: row 15, footer_start: row 19
>>> [0mINFO[0m >>> Capturing template state from template worksheet
>>> [36mDEBUG[0m >>> [template_state_builder.py:50 in __init__()] TemplateStateBuilder init: worksheet=Contract, header_end=14, footer_start=19
>>> [36mDEBUG[0m >>> [template_state_builder.py:79 in __init__()] Template dimensions: max_col=6, max_row=200, num_header_cols=0
>>> [36mDEBUG[0m >>> [template_state_builder.py:83 in __init__()] Capturing template state during init
>>> [36mDEBUG[0m >>> [template_state_builder.py:84 in __init__()] Header: rows 1-14, Footer: rows 19-200
>>> [36mDEBUG[0m >>> [template_state_builder.py:255 in _capture_header()] === CAPTURING HEADER (rows 1 to 14) ===
>>> [36mDEBUG[0m >>> [template_state_builder.py:265 in _capture_header()]   Header starts at row 1, ends at row 14
>>> [36mDEBUG[0m >>> [template_state_builder.py:266 in _capture_header()]   Max columns: 6
>>> [36mDEBUG[0m >>> [template_state_builder.py:312 in _capture_header()]   Row 1: A1='SALES CONTRACT'
>>> [36mDEBUG[0m >>> [template_state_builder.py:320 in _capture_header()]     Style: A1: value='SALES CONTRACT', font(name=Times New Roman, size=20.0), align(h=center, v=center, wrap)
>>> [36mDEBUG[0m >>> [template_state_builder.py:320 in _capture_header()]     Style: B1: font(name=Times New Roman, size=20.0), align(h=center, v=center, wrap)
>>> [36mDEBUG[0m >>> [template_state_builder.py:312 in _capture_header()]   Row 3: D3='DATE:', E3='JFTIME'
>>> [36mDEBUG[0m >>> [template_state_builder.py:320 in _capture_header()]     Style: A3: font(name=Calibri, size=11.0, color=Values must be of type <class 'str'>)
>>> [36mDEBUG[0m >>> [template_state_builder.py:320 in _capture_header()]     Style: B3: font(name=Times New Roman, size=17.0), align(v=top, wrap)
>>> [36mDEBUG[0m >>> [template_state_builder.py:312 in _capture_header()]   Row 4: D4='CONTRACT NO.:', E4='JFINV'
>>> [36mDEBUG[0m >>> [template_state_builder.py:320 in _capture_header()]     Style: A4: font(name=Times New Roman, size=17.0), align(v=top, wrap)
>>> [36mDEBUG[0m >>> [template_state_builder.py:320 in _capture_header()]     Style: B4: font(name=Times New Roman, size=17.0), align(v=top, wrap)
>>> [36mDEBUG[0m >>> [template_state_builder.py:312 in _capture_header()]   Row 5: A5='The Seller:   ', B5='CALIFOR UPHOLSTERY MATERIALS CO.,LTD.'
>>> [36mDEBUG[0m >>> [template_state_builder.py:320 in _capture_header()]     Style: A5: value='The Seller:   ', font(name=Times New Roman, size=15.0), align(h=left, v=top)
>>> [36mDEBUG[0m >>> [template_state_builder.py:320 in _capture_header()]     Style: B5: value='CALIFOR UPHOLSTERY MATERIALS C...', font(name=Times New Roman, size=15.0), align(v=center)
>>> [36mDEBUG[0m >>> [template_state_builder.py:312 in _capture_header()]   Row 6: B6='XIN BAVET SEZ, Road No. 316A, Trapeang Bon and  Pr'
>>> [36mDEBUG[0m >>> [template_state_builder.py:320 in _capture_header()]     Style: A6: font(name=Calibri, size=11.0, color=Values must be of type <class 'str'>)
>>> [36mDEBUG[0m >>> [template_state_builder.py:320 in _capture_header()]     Style: B6: value='XIN BAVET SEZ, Road No. 316A, ...', font(name=Times New Roman, size=15.0), align(v=center)
>>> [36mDEBUG[0m >>> [template_state_builder.py:312 in _capture_header()]   Row 7: B7='Svay Rieng Province, Kingdom of Cambodia.'
>>> [36mDEBUG[0m >>> [template_state_builder.py:320 in _capture_header()]     Style: A7: font(name=Calibri, size=11.0, color=Values must be of type <class 'str'>)
>>> [36mDEBUG[0m >>> [template_state_builder.py:320 in _capture_header()]     Style: B7: value='Svay Rieng Province, Kingdom o...', font(name=Times New Roman, size=15.0), align(v=center)
>>> [36mDEBUG[0m >>> [template_state_builder.py:312 in _capture_header()]   Row 8: A8='TEL:', B8='+855   975910636'
>>> [36mDEBUG[0m >>> [template_state_builder.py:320 in _capture_header()]     Style: A8: value='TEL:', font(name=Times New Roman, size=15.0), align(h=left, v=top)
>>> [36mDEBUG[0m >>> [template_state_builder.py:320 in _capture_header()]     Style: B8: value='+855   975910636', font(name=Times New Roman, size=15.0), align(v=center, wrap)
>>> [36mDEBUG[0m >>> [template_state_builder.py:312 in _capture_header()]   Row 9: A9='The Buyer:  ', B9='JASON FURNITURE VIET NAM COMPANY LIMITED'
>>> [36mDEBUG[0m >>> [template_state_builder.py:320 in _capture_header()]     Style: A9: value='The Buyer:  ', font(name=Times New Roman, size=15.0), align(h=left, v=top)
>>> [36mDEBUG[0m >>> [template_state_builder.py:320 in _capture_header()]     Style: B9: value='JASON FURNITURE VIET NAM COMPA...', font(name=Times New Roman, size=15.0), align(v=center)
>>> [36mDEBUG[0m >>> [template_state_builder.py:312 in _capture_header()]   Row 10: B10='LOT 37, 38, 39, 40, 41, 44, 50, 51, 54?55, 56?B2 C'
>>> [36mDEBUG[0m >>> [template_state_builder.py:320 in _capture_header()]     Style: A10: font(name=Times New Roman, size=15.0), align(h=left, v=top)
>>> [36mDEBUG[0m >>> [template_state_builder.py:320 in _capture_header()]     Style: B10: value='LOT 37, 38, 39, 40, 41, 44, 50...', font(name=Times New Roman, size=15.0), align(h=left, v=center, wrap)
>>> [36mDEBUG[0m >>> [template_state_builder.py:312 in _capture_header()]   Row 11: B11='BINH PHUOC WARD, DONG NAI PROVINCE, VIETNAM'
>>> [36mDEBUG[0m >>> [template_state_builder.py:320 in _capture_header()]     Style: A11: font(name=Times New Roman, size=15.0), align(h=left, v=top)
>>> [36mDEBUG[0m >>> [template_state_builder.py:320 in _capture_header()]     Style: B11: value='BINH PHUOC WARD, DONG NAI PROV...', font(name=Times New Roman, size=15.0), align(h=left, v=center, wrap)
>>> [36mDEBUG[0m >>> [template_state_builder.py:312 in _capture_header()]   Row 12: A12='Contact Person : Contact Person : Mr. Thuy   Tel: '
>>> [36mDEBUG[0m >>> [template_state_builder.py:320 in _capture_header()]     Style: A12: value='Contact Person : Contact Perso...', font(name=Times New Roman, size=15.0), align(v=center)
>>> [36mDEBUG[0m >>> [template_state_builder.py:320 in _capture_header()]     Style: B12: font(name=Calibri, size=11.0, color=Values must be of type <class 'str'>)
>>> [36mDEBUG[0m >>> [template_state_builder.py:312 in _capture_header()]   Row 13: A13='EMAll:jyangbin4720@dingtalk.com jialy@kukahome.com'
>>> [36mDEBUG[0m >>> [template_state_builder.py:320 in _capture_header()]     Style: A13: value='EMAll:jyangbin4720@dingtalk.co...', font(name=Times New Roman, size=15.0), align(h=left, v=center, wrap)
>>> [36mDEBUG[0m >>> [template_state_builder.py:320 in _capture_header()]     Style: B13: font(name=Times New Roman, size=15.0), align(h=left, v=center, wrap)
>>> [36mDEBUG[0m >>> [template_state_builder.py:312 in _capture_header()]   Row 14: A14='The undersigned Sellers ?Buyers and Beneficiary ha'
>>> [36mDEBUG[0m >>> [template_state_builder.py:320 in _capture_header()]     Style: A14: value='The undersigned Sellers ?Buyer...', font(name=Times New Roman, size=15.0), align(h=left, v=top, wrap)
>>> [36mDEBUG[0m >>> [template_state_builder.py:320 in _capture_header()]     Style: B14: font(name=Times New Roman, size=15.0), align(h=left, v=top, wrap)
>>> [36mDEBUG[0m >>> [template_state_builder.py:332 in _capture_header()]   Captured 5 merged cells: A1:E1, B11:E11, A13:E13 ... (2 more)
>>> [36mDEBUG[0m >>> [template_state_builder.py:339 in _capture_header()]   [OK] Header capture complete: 14 rows captured (rows 1-14), 5 merges
>>> [36mDEBUG[0m >>> [template_state_builder.py:349 in _capture_footer()] === CAPTURING FOOTER (starting from row 19) ===
>>> [36mDEBUG[0m >>> [template_state_builder.py:350 in _capture_footer()]   Max columns: 6, max search row: 200
>>> [36mDEBUG[0m >>> [template_state_builder.py:381 in _capture_footer()]   Footer ends at row 28 (10 footer rows)
>>> [36mDEBUG[0m >>> [template_state_builder.py:419 in _capture_footer()]   Row 19: A19='Term of Payment: 100% TT after shipment'
>>> [36mDEBUG[0m >>> [template_state_builder.py:427 in _capture_footer()]     Style: A19: value='Term of Payment: 100% TT after...', font(name=Times New Roman, size=15.0), align(h=left, v=top)
>>> [36mDEBUG[0m >>> [template_state_builder.py:427 in _capture_footer()]     Style: B19: font(name=Times New Roman, size=15.0), align(h=left, v=top)
>>> [36mDEBUG[0m >>> [template_state_builder.py:419 in _capture_footer()]   Row 20: A20='Transaction method: FCA(USD)'
>>> [36mDEBUG[0m >>> [template_state_builder.py:427 in _capture_footer()]     Style: A20: value='Transaction method: FCA(USD)', font(name=Times New Roman, size=15.0), align(h=left, v=top)
>>> [36mDEBUG[0m >>> [template_state_builder.py:427 in _capture_footer()]     Style: B20: font(name=Times New Roman, size=15.0), align(h=left, v=top)
>>> [36mDEBUG[0m >>> [template_state_builder.py:419 in _capture_footer()]   Row 21: A21='Beneficiary bank information: ', C21='CALIFOR UPHOLSTERY MATERIALS CO.,LTD.'
>>> [36mDEBUG[0m >>> [template_state_builder.py:427 in _capture_footer()]     Style: A21: value='Beneficiary bank information: ', font(name=Times New Roman, size=15.0), align(h=left, v=top)
>>> [36mDEBUG[0m >>> [template_state_builder.py:427 in _capture_footer()]     Style: B21: font(name=Times New Roman, size=15.0), align(h=left, v=top)
>>> [36mDEBUG[0m >>> [template_state_builder.py:419 in _capture_footer()]   Row 22: A22='Beneficiary Bank' s Name: ', C22='BANK OF CHINA(HONG KONG)LIMITED PHNOM PENH BRANCH
'
>>> [36mDEBUG[0m >>> [template_state_builder.py:427 in _capture_footer()]     Style: A22: value='Beneficiary Bank' s Name: ', font(name=Times New Roman, size=15.0), align(h=left, v=top)
>>> [36mDEBUG[0m >>> [template_state_builder.py:427 in _capture_footer()]     Style: B22: font(name=Times New Roman, size=15.0), align(h=left, v=top)
>>> [36mDEBUG[0m >>> [template_state_builder.py:419 in _capture_footer()]   Row 23: A23='Bank Address:  ', C23='1st AND 2nd FLOOR,CANADIA TOWER,No.315 ANDDUONG ST'
>>> [36mDEBUG[0m >>> [template_state_builder.py:427 in _capture_footer()]     Style: A23: value='Bank Address:  ', font(name=Times New Roman, size=15.0), align(h=left, v=top)
>>> [36mDEBUG[0m >>> [template_state_builder.py:427 in _capture_footer()]     Style: B23: font(name=Times New Roman, size=15.0), align(h=left, v=top)
>>> [36mDEBUG[0m >>> [template_state_builder.py:419 in _capture_footer()]   Row 24: A24='Bank account :', C24='100001100764430'
>>> [36mDEBUG[0m >>> [template_state_builder.py:427 in _capture_footer()]     Style: A24: value='Bank account :', font(name=Times New Roman, size=15.0), align(h=left, v=top)
>>> [36mDEBUG[0m >>> [template_state_builder.py:427 in _capture_footer()]     Style: B24: font(name=Times New Roman, size=15.0), align(h=left, v=top)
>>> [36mDEBUG[0m >>> [template_state_builder.py:419 in _capture_footer()]   Row 25: A25='SWIFT CODE  ?', C25='BKCHKHPPXXX'
>>> [36mDEBUG[0m >>> [template_state_builder.py:427 in _capture_footer()]     Style: A25: value='SWIFT CODE  ?', font(name=Times New Roman, size=15.0), align(h=left, v=top)
>>> [36mDEBUG[0m >>> [template_state_builder.py:427 in _capture_footer()]     Style: B25: font(name=Times New Roman, size=15.0), align(h=left, v=top)
>>> [36mDEBUG[0m >>> [template_state_builder.py:419 in _capture_footer()]   Row 27: A27='The Buyer:', D27='The Seller:'
>>> [36mDEBUG[0m >>> [template_state_builder.py:427 in _capture_footer()]     Style: A27: value='The Buyer:', font(name=Times New Roman, size=16.0), align(v=center)
>>> [36mDEBUG[0m >>> [template_state_builder.py:427 in _capture_footer()]     Style: B27: font(name=Calibri, size=11.0, color=Values must be of type <class 'str'>)
>>> [36mDEBUG[0m >>> [template_state_builder.py:419 in _capture_footer()]   Row 28: A28='JASON FURNITURE VIET NAM COMPANY LIMITED', D28='CALIFOR UPHOLSTERY MATERIALS CO.,LTD.'
>>> [36mDEBUG[0m >>> [template_state_builder.py:427 in _capture_footer()]     Style: A28: value='JASON FURNITURE VIET NAM COMPA...', font(name=Times New Roman, size=14.0), align(v=top)
>>> [36mDEBUG[0m >>> [template_state_builder.py:427 in _capture_footer()]     Style: B28: font(name=Times New Roman, size=14.0), align(v=top, wrap)
>>> [36mDEBUG[0m >>> [template_state_builder.py:439 in _capture_footer()]   Captured 3 merged cells: C23:E23, C22:E22, C24:E24
>>> [36mDEBUG[0m >>> [template_state_builder.py:457 in _capture_footer()]   [OK] Footer capture complete: 10 rows, 3 merges, template footer start: 19, non-empty cells: 16
>>> [36mDEBUG[0m >>> [template_state_builder.py:88 in __init__()] State captured: 14 header rows, 10 footer rows
>>> [36mDEBUG[0m >>> [layout_builder.py:213 in build()] Template state captured successfully: 14 header rows, 10 footer rows
>>> [0mINFO[0m >>> Applying text replacements to template state
>>> [36mDEBUG[0m >>> [template_state_builder.py:964 in apply_text_replacements()] === apply_text_replacements START ===
>>> [36mDEBUG[0m >>> [template_state_builder.py:974 in apply_text_replacements()]   Total formulas in header: 0
>>> [36mDEBUG[0m >>> [template_state_builder.py:1072 in _apply_rules_to_cell()] Data path ['processed_tables_data', '1', 'inv_date', 0] resolved to: None
>>> [36mDEBUG[0m >>> [template_state_builder.py:1072 in _apply_rules_to_cell()] Data path ['processed_tables_data', '1', 'inv_no', 0] resolved to: None
>>> [36mDEBUG[0m >>> [template_state_builder.py:1079 in _apply_rules_to_cell()] Using hardcoded replacement: 'DAF' for 'FCA'
>>> [36mDEBUG[0m >>> [template_state_builder.py:1089 in _apply_rules_to_cell()] Replacing substring 'FCA' with 'DAF' in 'Transaction method: FCA(USD)'
>>> [0mINFO[0m >>> [TemplateStateBuilder] Text replacements complete: 1 changes made
>>> [0mINFO[0m >>> Text replacements applied to template state: 1 changes made
>>> [36mDEBUG[0m >>> [layout_builder.py:237 in build()] Deferring template header restoration until after table building
>>> [36mDEBUG[0m >>> [layout_builder.py:248 in build()] Keeping NEW format styling (columns + row_contexts) as dict
>>> [36mDEBUG[0m >>> [layout_builder.py:306 in build()] Column 'col_no': template cols 1-1 → output cols 1-1
>>> [36mDEBUG[0m >>> [layout_builder.py:306 in build()] Column 'col_item': template cols 2-2 → output cols 2-2
>>> [36mDEBUG[0m >>> [layout_builder.py:306 in build()] Column 'col_qty_sf': template cols 3-3 → output cols 3-3
>>> [36mDEBUG[0m >>> [layout_builder.py:306 in build()] Column 'col_unit_price': template cols 4-4 → output cols 4-4
>>> [36mDEBUG[0m >>> [layout_builder.py:306 in build()] Column 'col_amount': template cols 5-5 → output cols 5-5
>>> [0mINFO[0m >>> Built column mapping for template shifting: 5 active Excel columns
>>> [36mDEBUG[0m >>> [layout_builder.py:327 in build()] Creating HeaderBuilder at row 15
>>> [36mDEBUG[0m >>> [layout_builder.py:328 in build()] HeaderBuilder input - bundled_columns: 5, legacy_layout: 0
>>> [36mDEBUG[0m >>> [header_builder.py:47 in __init__()] HeaderBuilder received styling_dict type: <class 'dict'>
>>> [36mDEBUG[0m >>> [header_builder.py:49 in __init__()] Keys in styling_dict: ['columns', 'row_contexts']
>>> [36mDEBUG[0m >>> [style_registry.py:115 in _load_columns()] Loaded column 'col_no': alignment=center, vertical_alignment=None
>>> [36mDEBUG[0m >>> [style_registry.py:115 in _load_columns()] Loaded column 'col_item': alignment=center, vertical_alignment=None
>>> [36mDEBUG[0m >>> [style_registry.py:115 in _load_columns()] Loaded column 'col_qty_sf': alignment=center, vertical_alignment=None
>>> [36mDEBUG[0m >>> [style_registry.py:115 in _load_columns()] Loaded column 'col_unit_price': alignment=center, vertical_alignment=None
>>> [36mDEBUG[0m >>> [style_registry.py:115 in _load_columns()] Loaded column 'col_amount': alignment=center, vertical_alignment=None
>>> [36mDEBUG[0m >>> [style_registry.py:117 in _load_columns()] Loaded 5 column styles: ['col_no', 'col_item', 'col_qty_sf', 'col_unit_price', 'col_amount']
>>> [36mDEBUG[0m >>> [style_registry.py:135 in _load_row_contexts()] Loaded 3 row contexts: ['header', 'data', 'footer']
>>> [0mINFO[0m >>> StyleRegistry initialized successfully for HeaderBuilder
>>> [0mINFO[0m >>> Using BUNDLED config (columns=5)
>>> [36mDEBUG[0m >>> [header_builder.py:69 in __init__()] Sample bundled column: id='col_no', header='No.', format='@'
>>> [36mDEBUG[0m >>> [header_builder.py:71 in __init__()] Converted to 5 header cells
>>> [36mDEBUG[0m >>> [layout_builder.py:336 in build()] Calling HeaderBuilder.build() starting at row 15
>>> [36mDEBUG[0m >>> [style_registry.py:175 in get_style()] Column 'col_no' style dict: {'format': '@', 'alignment': 'center', 'vertical_alignment': None, 'width': 14, 'wrap_text': False}
>>> [36mDEBUG[0m >>> [style_registry.py:177 in get_style()] After column merge: {'format': '@', 'alignment': 'center', 'width': 14, 'wrap_text': False}
>>> [36mDEBUG[0m >>> [header_builder.py:137 in build()] Applied StyleRegistry style to header cell col_no
>>> [36mDEBUG[0m >>> [header_builder.py:144 in build()] Applied header row height 36 to row 15
>>> [36mDEBUG[0m >>> [style_registry.py:175 in get_style()] Column 'col_item' style dict: {'format': '@', 'alignment': 'center', 'vertical_alignment': None, 'width': 27, 'wrap_text': False}
>>> [36mDEBUG[0m >>> [style_registry.py:177 in get_style()] After column merge: {'format': '@', 'alignment': 'center', 'width': 27, 'wrap_text': False}
>>> [36mDEBUG[0m >>> [header_builder.py:137 in build()] Applied StyleRegistry style to header cell col_item
>>> [36mDEBUG[0m >>> [style_registry.py:175 in get_style()] Column 'col_qty_sf' style dict: {'format': '#,##0.00', 'alignment': 'center', 'vertical_alignment': None, 'width': 27, 'wrap_text': False}
>>> [36mDEBUG[0m >>> [style_registry.py:177 in get_style()] After column merge: {'format': '#,##0.00', 'alignment': 'center', 'width': 27, 'wrap_text': False}
>>> [36mDEBUG[0m >>> [header_builder.py:137 in build()] Applied StyleRegistry style to header cell col_qty_sf
>>> [36mDEBUG[0m >>> [style_registry.py:175 in get_style()] Column 'col_unit_price' style dict: {'format': '#,##0.00', 'alignment': 'center', 'vertical_alignment': None, 'width': 28, 'wrap_text': False}
>>> [36mDEBUG[0m >>> [style_registry.py:177 in get_style()] After column merge: {'format': '#,##0.00', 'alignment': 'center', 'width': 28, 'wrap_text': False}
>>> [36mDEBUG[0m >>> [header_builder.py:137 in build()] Applied StyleRegistry style to header cell col_unit_price
>>> [36mDEBUG[0m >>> [style_registry.py:175 in get_style()] Column 'col_amount' style dict: {'format': '#,##0.00', 'alignment': 'center', 'vertical_alignment': None, 'width': 47, 'wrap_text': False}
>>> [36mDEBUG[0m >>> [style_registry.py:177 in get_style()] After column merge: {'format': '#,##0.00', 'alignment': 'center', 'width': 47, 'wrap_text': False}
>>> [36mDEBUG[0m >>> [header_builder.py:137 in build()] Applied StyleRegistry style to header cell col_amount
>>> [36mDEBUG[0m >>> [layout_builder.py:346 in build()] HeaderBuilder completed - rows 15-15, 5 columns
>>> [36mDEBUG[0m >>> [layout_builder.py:351 in build()] POST-HeaderBuilder - Cell(15,1) font: name=Times New Roman, size=16.0, bold=True
>>> [36mDEBUG[0m >>> [layout_builder.py:369 in build()] skip_data_table_builder = False
>>> [0mINFO[0m >>> Entering data table builder block
>>> [36mDEBUG[0m >>> [layout_builder.py:386 in build()] [LayoutBuilder DEBUG] self.provided_resolved_data = True
>>> [36mDEBUG[0m >>> [layout_builder.py:387 in build()] [LayoutBuilder DEBUG] self.provided_data_source_type = aggregation
>>> [36mDEBUG[0m >>> [layout_builder.py:388 in build()] [LayoutBuilder DEBUG] self.provided_data_source = <class 'dict'>
>>> [0mINFO[0m >>> Using resolver-provided resolved_data (modern approach)
>>> [36mDEBUG[0m >>> [layout_builder.py:473 in build()] Creating DataTableBuilder - Expected to start at row 16
>>> [36mDEBUG[0m >>> [layout_builder.py:474 in build()] DataTableBuilder input - data_source_type: None, has_data: False
>>> [36mDEBUG[0m >>> [style_registry.py:115 in _load_columns()] Loaded column 'col_no': alignment=center, vertical_alignment=None
>>> [36mDEBUG[0m >>> [style_registry.py:115 in _load_columns()] Loaded column 'col_item': alignment=center, vertical_alignment=None
>>> [36mDEBUG[0m >>> [style_registry.py:115 in _load_columns()] Loaded column 'col_qty_sf': alignment=center, vertical_alignment=None
>>> [36mDEBUG[0m >>> [style_registry.py:115 in _load_columns()] Loaded column 'col_unit_price': alignment=center, vertical_alignment=None
>>> [36mDEBUG[0m >>> [style_registry.py:115 in _load_columns()] Loaded column 'col_amount': alignment=center, vertical_alignment=None
>>> [36mDEBUG[0m >>> [style_registry.py:117 in _load_columns()] Loaded 5 column styles: ['col_no', 'col_item', 'col_qty_sf', 'col_unit_price', 'col_amount']
>>> [36mDEBUG[0m >>> [style_registry.py:135 in _load_row_contexts()] Loaded 3 row contexts: ['header', 'data', 'footer']
>>> [0mINFO[0m >>> StyleRegistry initialized successfully for DataTableBuilder
>>> [36mDEBUG[0m >>> [data_table_builder.py:93 in __init__()] DataTableBuilder initialized with 6 total rows (including any static rows)
>>> [36mDEBUG[0m >>> [layout_builder.py:484 in build()] Calling DataTableBuilder.build()
>>> [36mDEBUG[0m >>> [data_table_builder.py:111 in _update_leather_summary()] No col_desc found in col_id_map: {'col_no': 1, 'col_item': 2, 'col_qty_sf': 3, 'col_unit_price': 4, 'col_amount': 5}
>>> [36mDEBUG[0m >>> [style_registry.py:175 in get_style()] Column 'col_item' style dict: {'format': '@', 'alignment': 'center', 'vertical_alignment': None, 'width': 27, 'wrap_text': False}
>>> [36mDEBUG[0m >>> [style_registry.py:177 in get_style()] After column merge: {'format': '@', 'alignment': 'center', 'width': 27, 'wrap_text': False}
>>> [36mDEBUG[0m >>> [data_table_builder.py:233 in build()] Applied row height 30 to row 16
>>> [36mDEBUG[0m >>> [style_registry.py:175 in get_style()] Column 'col_qty_sf' style dict: {'format': '#,##0.00', 'alignment': 'center', 'vertical_alignment': None, 'width': 27, 'wrap_text': False}
>>> [36mDEBUG[0m >>> [style_registry.py:177 in get_style()] After column merge: {'format': '#,##0.00', 'alignment': 'center', 'width': 27, 'wrap_text': False}
>>> [36mDEBUG[0m >>> [style_registry.py:175 in get_style()] Column 'col_unit_price' style dict: {'format': '#,##0.00', 'alignment': 'center', 'vertical_alignment': None, 'width': 28, 'wrap_text': False}
>>> [36mDEBUG[0m >>> [style_registry.py:177 in get_style()] After column merge: {'format': '#,##0.00', 'alignment': 'center', 'width': 28, 'wrap_text': False}
>>> [36mDEBUG[0m >>> [style_registry.py:175 in get_style()] Column 'col_amount' style dict: {'format': '#,##0.00', 'alignment': 'center', 'vertical_alignment': None, 'width': 47, 'wrap_text': False}
>>> [36mDEBUG[0m >>> [style_registry.py:177 in get_style()] After column merge: {'format': '#,##0.00', 'alignment': 'center', 'width': 47, 'wrap_text': False}
>>> [36mDEBUG[0m >>> [style_registry.py:175 in get_style()] Column 'col_no' style dict: {'format': '@', 'alignment': 'center', 'vertical_alignment': None, 'width': 14, 'wrap_text': False}
>>> [36mDEBUG[0m >>> [style_registry.py:177 in get_style()] After column merge: {'format': '@', 'alignment': 'center', 'width': 14, 'wrap_text': False}
>>> [36mDEBUG[0m >>> [data_table_builder.py:111 in _update_leather_summary()] No col_desc found in col_id_map: {'col_no': 1, 'col_item': 2, 'col_qty_sf': 3, 'col_unit_price': 4, 'col_amount': 5}
>>> [36mDEBUG[0m >>> [style_registry.py:175 in get_style()] Column 'col_item' style dict: {'format': '@', 'alignment': 'center', 'vertical_alignment': None, 'width': 27, 'wrap_text': False}
>>> [36mDEBUG[0m >>> [style_registry.py:177 in get_style()] After column merge: {'format': '@', 'alignment': 'center', 'width': 27, 'wrap_text': False}
>>> [36mDEBUG[0m >>> [data_table_builder.py:233 in build()] Applied row height 30 to row 17
>>> [36mDEBUG[0m >>> [style_registry.py:175 in get_style()] Column 'col_qty_sf' style dict: {'format': '#,##0.00', 'alignment': 'center', 'vertical_alignment': None, 'width': 27, 'wrap_text': False}
>>> [36mDEBUG[0m >>> [style_registry.py:177 in get_style()] After column merge: {'format': '#,##0.00', 'alignment': 'center', 'width': 27, 'wrap_text': False}
>>> [36mDEBUG[0m >>> [style_registry.py:175 in get_style()] Column 'col_unit_price' style dict: {'format': '#,##0.00', 'alignment': 'center', 'vertical_alignment': None, 'width': 28, 'wrap_text': False}
>>> [36mDEBUG[0m >>> [style_registry.py:177 in get_style()] After column merge: {'format': '#,##0.00', 'alignment': 'center', 'width': 28, 'wrap_text': False}
>>> [36mDEBUG[0m >>> [style_registry.py:175 in get_style()] Column 'col_amount' style dict: {'format': '#,##0.00', 'alignment': 'center', 'vertical_alignment': None, 'width': 47, 'wrap_text': False}
>>> [36mDEBUG[0m >>> [style_registry.py:177 in get_style()] After column merge: {'format': '#,##0.00', 'alignment': 'center', 'width': 47, 'wrap_text': False}
>>> [36mDEBUG[0m >>> [style_registry.py:175 in get_style()] Column 'col_no' style dict: {'format': '@', 'alignment': 'center', 'vertical_alignment': None, 'width': 14, 'wrap_text': False}
>>> [36mDEBUG[0m >>> [style_registry.py:177 in get_style()] After column merge: {'format': '@', 'alignment': 'center', 'width': 14, 'wrap_text': False}
>>> [36mDEBUG[0m >>> [data_table_builder.py:111 in _update_leather_summary()] No col_desc found in col_id_map: {'col_no': 1, 'col_item': 2, 'col_qty_sf': 3, 'col_unit_price': 4, 'col_amount': 5}
>>> [36mDEBUG[0m >>> [style_registry.py:175 in get_style()] Column 'col_item' style dict: {'format': '@', 'alignment': 'center', 'vertical_alignment': None, 'width': 27, 'wrap_text': False}
>>> [36mDEBUG[0m >>> [style_registry.py:177 in get_style()] After column merge: {'format': '@', 'alignment': 'center', 'width': 27, 'wrap_text': False}
>>> [36mDEBUG[0m >>> [data_table_builder.py:233 in build()] Applied row height 30 to row 18
>>> [36mDEBUG[0m >>> [style_registry.py:175 in get_style()] Column 'col_qty_sf' style dict: {'format': '#,##0.00', 'alignment': 'center', 'vertical_alignment': None, 'width': 27, 'wrap_text': False}
>>> [36mDEBUG[0m >>> [style_registry.py:177 in get_style()] After column merge: {'format': '#,##0.00', 'alignment': 'center', 'width': 27, 'wrap_text': False}
>>> [36mDEBUG[0m >>> [style_registry.py:175 in get_style()] Column 'col_unit_price' style dict: {'format': '#,##0.00', 'alignment': 'center', 'vertical_alignment': None, 'width': 28, 'wrap_text': False}
>>> [36mDEBUG[0m >>> [style_registry.py:177 in get_style()] After column merge: {'format': '#,##0.00', 'alignment': 'center', 'width': 28, 'wrap_text': False}
>>> [36mDEBUG[0m >>> [style_registry.py:175 in get_style()] Column 'col_amount' style dict: {'format': '#,##0.00', 'alignment': 'center', 'vertical_alignment': None, 'width': 47, 'wrap_text': False}
>>> [36mDEBUG[0m >>> [style_registry.py:177 in get_style()] After column merge: {'format': '#,##0.00', 'alignment': 'center', 'width': 47, 'wrap_text': False}
>>> [36mDEBUG[0m >>> [style_registry.py:175 in get_style()] Column 'col_no' style dict: {'format': '@', 'alignment': 'center', 'vertical_alignment': None, 'width': 14, 'wrap_text': False}
>>> [36mDEBUG[0m >>> [style_registry.py:177 in get_style()] After column merge: {'format': '@', 'alignment': 'center', 'width': 14, 'wrap_text': False}
>>> [36mDEBUG[0m >>> [data_table_builder.py:111 in _update_leather_summary()] No col_desc found in col_id_map: {'col_no': 1, 'col_item': 2, 'col_qty_sf': 3, 'col_unit_price': 4, 'col_amount': 5}
>>> [36mDEBUG[0m >>> [style_registry.py:175 in get_style()] Column 'col_item' style dict: {'format': '@', 'alignment': 'center', 'vertical_alignment': None, 'width': 27, 'wrap_text': False}
>>> [36mDEBUG[0m >>> [style_registry.py:177 in get_style()] After column merge: {'format': '@', 'alignment': 'center', 'width': 27, 'wrap_text': False}
>>> [36mDEBUG[0m >>> [data_table_builder.py:233 in build()] Applied row height 30 to row 19
>>> [36mDEBUG[0m >>> [style_registry.py:175 in get_style()] Column 'col_qty_sf' style dict: {'format': '#,##0.00', 'alignment': 'center', 'vertical_alignment': None, 'width': 27, 'wrap_text': False}
>>> [36mDEBUG[0m >>> [style_registry.py:177 in get_style()] After column merge: {'format': '#,##0.00', 'alignment': 'center', 'width': 27, 'wrap_text': False}
>>> [36mDEBUG[0m >>> [style_registry.py:175 in get_style()] Column 'col_unit_price' style dict: {'format': '#,##0.00', 'alignment': 'center', 'vertical_alignment': None, 'width': 28, 'wrap_text': False}
>>> [36mDEBUG[0m >>> [style_registry.py:177 in get_style()] After column merge: {'format': '#,##0.00', 'alignment': 'center', 'width': 28, 'wrap_text': False}
>>> [36mDEBUG[0m >>> [style_registry.py:175 in get_style()] Column 'col_amount' style dict: {'format': '#,##0.00', 'alignment': 'center', 'vertical_alignment': None, 'width': 47, 'wrap_text': False}
>>> [36mDEBUG[0m >>> [style_registry.py:177 in get_style()] After column merge: {'format': '#,##0.00', 'alignment': 'center', 'width': 47, 'wrap_text': False}
>>> [36mDEBUG[0m >>> [style_registry.py:175 in get_style()] Column 'col_no' style dict: {'format': '@', 'alignment': 'center', 'vertical_alignment': None, 'width': 14, 'wrap_text': False}
>>> [36mDEBUG[0m >>> [style_registry.py:177 in get_style()] After column merge: {'format': '@', 'alignment': 'center', 'width': 14, 'wrap_text': False}
>>> [36mDEBUG[0m >>> [data_table_builder.py:111 in _update_leather_summary()] No col_desc found in col_id_map: {'col_no': 1, 'col_item': 2, 'col_qty_sf': 3, 'col_unit_price': 4, 'col_amount': 5}
>>> [36mDEBUG[0m >>> [style_registry.py:175 in get_style()] Column 'col_item' style dict: {'format': '@', 'alignment': 'center', 'vertical_alignment': None, 'width': 27, 'wrap_text': False}
>>> [36mDEBUG[0m >>> [style_registry.py:177 in get_style()] After column merge: {'format': '@', 'alignment': 'center', 'width': 27, 'wrap_text': False}
>>> [36mDEBUG[0m >>> [data_table_builder.py:233 in build()] Applied row height 30 to row 20
>>> [36mDEBUG[0m >>> [style_registry.py:175 in get_style()] Column 'col_qty_sf' style dict: {'format': '#,##0.00', 'alignment': 'center', 'vertical_alignment': None, 'width': 27, 'wrap_text': False}
>>> [36mDEBUG[0m >>> [style_registry.py:177 in get_style()] After column merge: {'format': '#,##0.00', 'alignment': 'center', 'width': 27, 'wrap_text': False}
>>> [36mDEBUG[0m >>> [style_registry.py:175 in get_style()] Column 'col_unit_price' style dict: {'format': '#,##0.00', 'alignment': 'center', 'vertical_alignment': None, 'width': 28, 'wrap_text': False}
>>> [36mDEBUG[0m >>> [style_registry.py:177 in get_style()] After column merge: {'format': '#,##0.00', 'alignment': 'center', 'width': 28, 'wrap_text': False}
>>> [36mDEBUG[0m >>> [style_registry.py:175 in get_style()] Column 'col_amount' style dict: {'format': '#,##0.00', 'alignment': 'center', 'vertical_alignment': None, 'width': 47, 'wrap_text': False}
>>> [36mDEBUG[0m >>> [style_registry.py:177 in get_style()] After column merge: {'format': '#,##0.00', 'alignment': 'center', 'width': 47, 'wrap_text': False}
>>> [36mDEBUG[0m >>> [style_registry.py:175 in get_style()] Column 'col_no' style dict: {'format': '@', 'alignment': 'center', 'vertical_alignment': None, 'width': 14, 'wrap_text': False}
>>> [36mDEBUG[0m >>> [style_registry.py:177 in get_style()] After column merge: {'format': '@', 'alignment': 'center', 'width': 14, 'wrap_text': False}
>>> [36mDEBUG[0m >>> [data_table_builder.py:111 in _update_leather_summary()] No col_desc found in col_id_map: {'col_no': 1, 'col_item': 2, 'col_qty_sf': 3, 'col_unit_price': 4, 'col_amount': 5}
>>> [36mDEBUG[0m >>> [style_registry.py:175 in get_style()] Column 'col_item' style dict: {'format': '@', 'alignment': 'center', 'vertical_alignment': None, 'width': 27, 'wrap_text': False}
>>> [36mDEBUG[0m >>> [style_registry.py:177 in get_style()] After column merge: {'format': '@', 'alignment': 'center', 'width': 27, 'wrap_text': False}
>>> [36mDEBUG[0m >>> [data_table_builder.py:233 in build()] Applied row height 30 to row 21
>>> [36mDEBUG[0m >>> [style_registry.py:175 in get_style()] Column 'col_qty_sf' style dict: {'format': '#,##0.00', 'alignment': 'center', 'vertical_alignment': None, 'width': 27, 'wrap_text': False}
>>> [36mDEBUG[0m >>> [style_registry.py:177 in get_style()] After column merge: {'format': '#,##0.00', 'alignment': 'center', 'width': 27, 'wrap_text': False}
>>> [36mDEBUG[0m >>> [style_registry.py:175 in get_style()] Column 'col_unit_price' style dict: {'format': '#,##0.00', 'alignment': 'center', 'vertical_alignment': None, 'width': 28, 'wrap_text': False}
>>> [36mDEBUG[0m >>> [style_registry.py:177 in get_style()] After column merge: {'format': '#,##0.00', 'alignment': 'center', 'width': 28, 'wrap_text': False}
>>> [36mDEBUG[0m >>> [style_registry.py:175 in get_style()] Column 'col_amount' style dict: {'format': '#,##0.00', 'alignment': 'center', 'vertical_alignment': None, 'width': 47, 'wrap_text': False}
>>> [36mDEBUG[0m >>> [style_registry.py:177 in get_style()] After column merge: {'format': '#,##0.00', 'alignment': 'center', 'width': 47, 'wrap_text': False}
>>> [36mDEBUG[0m >>> [style_registry.py:175 in get_style()] Column 'col_no' style dict: {'format': '@', 'alignment': 'center', 'vertical_alignment': None, 'width': 14, 'wrap_text': False}
>>> [36mDEBUG[0m >>> [style_registry.py:177 in get_style()] After column merge: {'format': '@', 'alignment': 'center', 'width': 14, 'wrap_text': False}
>>> [36mDEBUG[0m >>> [data_table_builder.py:276 in build()] Applying vertical merges to columns: ['col_desc']
>>> [0mINFO[0m >>> DataTableBuilder completed: 6 data rows written (rows 16-21)
>>> [36mDEBUG[0m >>> [layout_builder.py:500 in build()] DataTableBuilder completed - rows 16-21 (6 rows), footer at row 22
>>> WARNING >>> [data_table_builder.py:288 in build()] warning!!  Vertical merge requested for column 'col_desc' but column not found in column_id_map
>>> [0mINFO[0m >>> Restoring template header AFTER table build (correct column alignment)
>>> [36mDEBUG[0m >>> [layout_builder.py:512 in build()] Template header will use actual column count: 5
>>> [36mDEBUG[0m >>> [layout_builder.py:513 in build()] Template header ends at row 14
>>> [36mDEBUG[0m >>> [layout_builder.py:514 in build()] Table header row is at: 15
>>> [36mDEBUG[0m >>> [layout_builder.py:515 in build()] These should NOT overlap! (template_end < table_header)
>>> [36mDEBUG[0m >>> [template_state_builder.py:107 in set_column_mapping()] Column mapping set: 5 columns mapped
>>> [36mDEBUG[0m >>> [template_state_builder.py:108 in set_column_mapping()]   Active: {1: 1, 2: 2, 3: 3, 4: 4, 5: 5}
>>> [0mINFO[0m >>> Applied column mapping to template state for filtered columns
>>> [36mDEBUG[0m >>> [template_state_builder.py:471 in restore_header_only()] Restoring header to new worksheet
>>> [36mDEBUG[0m >>> [template_state_builder.py:472 in restore_header_only()] Header rows: 14, Header merges: 5
>>> [36mDEBUG[0m >>> [template_state_builder.py:475 in restore_header_only()] Dynamic column stretch: Template=6 cols, Actual=5 cols
>>> [36mDEBUG[0m >>> [template_state_builder.py:477 in restore_header_only()] Using column mapping to shift template content
>>> [36mDEBUG[0m >>> [template_state_builder.py:601 in restore_header_only()] Merged: A1:E1
>>> [36mDEBUG[0m >>> [template_state_builder.py:601 in restore_header_only()] Merged: B11:E11
>>> [36mDEBUG[0m >>> [template_state_builder.py:601 in restore_header_only()] Merged: A13:E13
>>> [36mDEBUG[0m >>> [template_state_builder.py:601 in restore_header_only()] Merged: A14:E14
>>> [36mDEBUG[0m >>> [template_state_builder.py:601 in restore_header_only()] Merged: B10:E10
>>> [36mDEBUG[0m >>> [template_state_builder.py:622 in restore_header_only()] Header restoration complete
>>> [0mINFO[0m >>> Template header restored successfully with 5 columns (rows 1-14)
>>> [36mDEBUG[0m >>> [layout_builder.py:550 in build()] Checking FooterBuilder - skip_footer_builder=False
>>> [36mDEBUG[0m >>> [layout_builder.py:598 in build()] Creating FooterBuilder at row 22
>>> [36mDEBUG[0m >>> [layout_builder.py:599 in build()] FooterBuilder input - footer_type: regular, add_blank_before: False, pallet_count: 26
>>> [36mDEBUG[0m >>> [style_registry.py:115 in _load_columns()] Loaded column 'col_no': alignment=center, vertical_alignment=None
>>> [36mDEBUG[0m >>> [style_registry.py:115 in _load_columns()] Loaded column 'col_item': alignment=center, vertical_alignment=None
>>> [36mDEBUG[0m >>> [style_registry.py:115 in _load_columns()] Loaded column 'col_qty_sf': alignment=center, vertical_alignment=None
>>> [36mDEBUG[0m >>> [style_registry.py:115 in _load_columns()] Loaded column 'col_unit_price': alignment=center, vertical_alignment=None
>>> [36mDEBUG[0m >>> [style_registry.py:115 in _load_columns()] Loaded column 'col_amount': alignment=center, vertical_alignment=None
>>> [36mDEBUG[0m >>> [style_registry.py:117 in _load_columns()] Loaded 5 column styles: ['col_no', 'col_item', 'col_qty_sf', 'col_unit_price', 'col_amount']
>>> [36mDEBUG[0m >>> [style_registry.py:135 in _load_row_contexts()] Loaded 3 row contexts: ['header', 'data', 'footer']
>>> [0mINFO[0m >>> StyleRegistry initialized successfully for FooterBuilder
>>> [36mDEBUG[0m >>> [layout_builder.py:610 in build()] Calling FooterBuilder.build() with footer_row_position=22
>>> [0mINFO[0m >>> [FooterBuilder] build() called - footer_row_num=22
>>> [36mDEBUG[0m >>> [footer_builder.py:203 in build()] [FooterBuilder] footer_config exists: True
>>> [36mDEBUG[0m >>> [footer_builder.py:204 in build()] [FooterBuilder] footer_config keys: ['total_text_column_id', 'pallet_count_column_id', 'sum_column_ids', 'merge_rules', 'add_ons']
>>> [0mINFO[0m >>> [FooterBuilder] Starting footer generation at row 22
>>> [36mDEBUG[0m >>> [footer_builder.py:231 in build()] [DEBUG] footer_config add_ons: {'weight_summary': {'enabled': False, 'label_col_id': 'col_no', 'value_col_id': 'col_item', 'mode': ['daf', 'standard']}, 'leather_summary': {'enabled': False, 'mode': ['daf', 'standard']}}
>>> [36mDEBUG[0m >>> [footer_builder.py:234 in build()] [DEBUG] before_footer enabled: False
>>> [0mINFO[0m >>> [FooterBuilder] Building regular footer at row 22
>>> [36mDEBUG[0m >>> [footer_builder.py:293 in _build_regular_footer()] [FooterBuilder._build_regular_footer] Starting at row 22
>>> [36mDEBUG[0m >>> [footer_builder.py:462 in _build_footer_common()] [FooterBuilder._build_footer_common] Row 22, text='TOTAL:'
>>> [36mDEBUG[0m >>> [footer_builder.py:467 in _build_footer_common()] [FooterBuilder._build_footer_common] num_columns=5, column_map has 5 entries
>>> [0mINFO[0m >>> [FooterBuilder._build_footer_common] TOTAL TEXT DEBUG:
>>> [0mINFO[0m >>>    total_text='TOTAL:'
>>> [0mINFO[0m >>>    total_text_col_id='col_no'
>>> [0mINFO[0m >>>    total_text_col_idx=1
>>> [0mINFO[0m >>>    column_map_by_id={'col_no': 1, 'col_item': 2, 'col_qty_sf': 3, 'col_unit_price': 4, 'col_amount': 5}
>>> [36mDEBUG[0m >>> [style_registry.py:175 in get_style()] Column 'col_no' style dict: {'format': '@', 'alignment': 'center', 'vertical_alignment': None, 'width': 14, 'wrap_text': False}
>>> [36mDEBUG[0m >>> [style_registry.py:177 in get_style()] After column merge: {'format': '@', 'alignment': 'center', 'width': 14, 'wrap_text': False}
>>> [36mDEBUG[0m >>> [footer_builder.py:158 in _apply_footer_cell_style()] Applied StyleRegistry style to footer cell col_no (borders=yes)
>>> [36mDEBUG[0m >>> [footer_builder.py:166 in _apply_footer_cell_style()] Applied footer row height 36 to row 22
>>> [0mINFO[0m >>> [FooterBuilder._build_footer_common] WROTE TOTAL TEXT to A22 value='TOTAL:'
>>> [36mDEBUG[0m >>> [footer_builder.py:494 in _build_footer_common()] [FooterBuilder._build_footer_common] Pallet count: 26 at col_id=col_item, col_idx=2
>>> [36mDEBUG[0m >>> [style_registry.py:175 in get_style()] Column 'col_item' style dict: {'format': '@', 'alignment': 'center', 'vertical_alignment': None, 'width': 27, 'wrap_text': False}
>>> [36mDEBUG[0m >>> [style_registry.py:177 in get_style()] After column merge: {'format': '@', 'alignment': 'center', 'width': 27, 'wrap_text': False}
>>> [36mDEBUG[0m >>> [footer_builder.py:158 in _apply_footer_cell_style()] Applied StyleRegistry style to footer cell col_item (borders=yes)
>>> [36mDEBUG[0m >>> [footer_builder.py:500 in _build_footer_common()] [FooterBuilder._build_footer_common] Wrote pallet text to B22
>>> [36mDEBUG[0m >>> [footer_builder.py:504 in _build_footer_common()] [FooterBuilder._build_footer_common] Sum columns: ['col_qty_sf', 'col_amount'], sum_ranges: [(16, 21)]
>>> [36mDEBUG[0m >>> [style_registry.py:175 in get_style()] Column 'col_qty_sf' style dict: {'format': '#,##0.00', 'alignment': 'center', 'vertical_alignment': None, 'width': 27, 'wrap_text': False}
>>> [36mDEBUG[0m >>> [style_registry.py:177 in get_style()] After column merge: {'format': '#,##0.00', 'alignment': 'center', 'width': 27, 'wrap_text': False}
>>> [36mDEBUG[0m >>> [footer_builder.py:158 in _apply_footer_cell_style()] Applied StyleRegistry style to footer cell col_qty_sf (borders=yes)
>>> [36mDEBUG[0m >>> [footer_builder.py:515 in _build_footer_common()] [FooterBuilder._build_footer_common] Wrote formula to C22: =SUM(C16:C21)
>>> [36mDEBUG[0m >>> [style_registry.py:175 in get_style()] Column 'col_amount' style dict: {'format': '#,##0.00', 'alignment': 'center', 'vertical_alignment': None, 'width': 47, 'wrap_text': False}
>>> [36mDEBUG[0m >>> [style_registry.py:177 in get_style()] After column merge: {'format': '#,##0.00', 'alignment': 'center', 'width': 47, 'wrap_text': False}
>>> [36mDEBUG[0m >>> [footer_builder.py:158 in _apply_footer_cell_style()] Applied StyleRegistry style to footer cell col_amount (borders=yes)
>>> [36mDEBUG[0m >>> [footer_builder.py:515 in _build_footer_common()] [FooterBuilder._build_footer_common] Wrote formula to E22: =SUM(E16:E21)
>>> [36mDEBUG[0m >>> [style_registry.py:175 in get_style()] Column 'col_no' style dict: {'format': '@', 'alignment': 'center', 'vertical_alignment': None, 'width': 14, 'wrap_text': False}
>>> [36mDEBUG[0m >>> [style_registry.py:177 in get_style()] After column merge: {'format': '@', 'alignment': 'center', 'width': 14, 'wrap_text': False}
>>> [36mDEBUG[0m >>> [footer_builder.py:158 in _apply_footer_cell_style()] Applied StyleRegistry style to footer cell col_no (borders=yes)
>>> [36mDEBUG[0m >>> [style_registry.py:175 in get_style()] Column 'col_item' style dict: {'format': '@', 'alignment': 'center', 'vertical_alignment': None, 'width': 27, 'wrap_text': False}
>>> [36mDEBUG[0m >>> [style_registry.py:177 in get_style()] After column merge: {'format': '@', 'alignment': 'center', 'width': 27, 'wrap_text': False}
>>> [36mDEBUG[0m >>> [footer_builder.py:158 in _apply_footer_cell_style()] Applied StyleRegistry style to footer cell col_item (borders=yes)
>>> [36mDEBUG[0m >>> [style_registry.py:175 in get_style()] Column 'col_qty_sf' style dict: {'format': '#,##0.00', 'alignment': 'center', 'vertical_alignment': None, 'width': 27, 'wrap_text': False}
>>> [36mDEBUG[0m >>> [style_registry.py:177 in get_style()] After column merge: {'format': '#,##0.00', 'alignment': 'center', 'width': 27, 'wrap_text': False}
>>> [36mDEBUG[0m >>> [footer_builder.py:158 in _apply_footer_cell_style()] Applied StyleRegistry style to footer cell col_qty_sf (borders=yes)
>>> [36mDEBUG[0m >>> [style_registry.py:175 in get_style()] Column 'col_unit_price' style dict: {'format': '#,##0.00', 'alignment': 'center', 'vertical_alignment': None, 'width': 28, 'wrap_text': False}
>>> [36mDEBUG[0m >>> [style_registry.py:177 in get_style()] After column merge: {'format': '#,##0.00', 'alignment': 'center', 'width': 28, 'wrap_text': False}
>>> [36mDEBUG[0m >>> [footer_builder.py:158 in _apply_footer_cell_style()] Applied StyleRegistry style to footer cell col_unit_price (borders=yes)
>>> [36mDEBUG[0m >>> [style_registry.py:175 in get_style()] Column 'col_amount' style dict: {'format': '#,##0.00', 'alignment': 'center', 'vertical_alignment': None, 'width': 47, 'wrap_text': False}
>>> [36mDEBUG[0m >>> [style_registry.py:177 in get_style()] After column merge: {'format': '#,##0.00', 'alignment': 'center', 'width': 47, 'wrap_text': False}
>>> [36mDEBUG[0m >>> [footer_builder.py:158 in _apply_footer_cell_style()] Applied StyleRegistry style to footer cell col_amount (borders=yes)
>>> [36mDEBUG[0m >>> [footer_builder.py:533 in _build_footer_common()] [FooterBuilder._build_footer_common] Applied styling to 5 cells
>>> [36mDEBUG[0m >>> [footer_builder.py:296 in _build_regular_footer()] [FooterBuilder._build_regular_footer] Complete
>>> [0mINFO[0m >>> [FooterBuilder] Regular footer built successfully at row 22
>>> [36mDEBUG[0m >>> [footer_builder.py:310 in _process_footer_addons()] [_process_footer_addons] Processing add-ons: ['weight_summary', 'leather_summary']
>>> [36mDEBUG[0m >>> [footer_builder.py:324 in _process_footer_addons()] [_process_footer_addons] leather_summary config: {'enabled': False, 'mode': ['daf', 'standard']}
>>> [36mDEBUG[0m >>> [footer_builder.py:334 in _process_footer_addons()] [_process_footer_addons] leather_summary NOT enabled
>>> [0mINFO[0m >>> [FooterBuilder] COMPLETE - Started at 22, ended at 22, total rows: 1
>>> [36mDEBUG[0m >>> [layout_builder.py:623 in build()] FooterBuilder completed - rows 22-22 (1 rows), next available: 23
>>> [36mDEBUG[0m >>> [layout_builder.py:709 in _apply_footer_row_height()] Applied footer height 36 to row 22 (NEW format)
>>> [0mINFO[0m >>> Restoring template footer after row 23
>>> [36mDEBUG[0m >>> [layout_builder.py:658 in build()] Template footer restoration - Source rows: 19-200 (182 rows), Target start: 23
>>> [36mDEBUG[0m >>> [layout_builder.py:666 in build()] Using actual column count from config: 5
>>> [36mDEBUG[0m >>> [template_state_builder.py:107 in set_column_mapping()] Column mapping set: 5 columns mapped
>>> [36mDEBUG[0m >>> [template_state_builder.py:108 in set_column_mapping()]   Active: {1: 1, 2: 2, 3: 3, 4: 4, 5: 5}
>>> [0mINFO[0m >>> Applied column mapping to template state for footer restoration
>>> [36mDEBUG[0m >>> [template_state_builder.py:637 in restore_footer_only()] restore_footer_only called with:
>>> [36mDEBUG[0m >>> [template_state_builder.py:638 in restore_footer_only()] footer_start_row parameter: 23
>>> [36mDEBUG[0m >>> [template_state_builder.py:639 in restore_footer_only()] self.template_footer_start_row: 19
>>> [36mDEBUG[0m >>> [template_state_builder.py:640 in restore_footer_only()] self.template_footer_end_row: 28
>>> [36mDEBUG[0m >>> [template_state_builder.py:641 in restore_footer_only()] len(self.footer_state): 10
>>> [36mDEBUG[0m >>> [template_state_builder.py:644 in restore_footer_only()] Restoring template footer starting at row 23
>>> [36mDEBUG[0m >>> [template_state_builder.py:645 in restore_footer_only()] Template footer rows: 10, Footer merges: 3
>>> [36mDEBUG[0m >>> [template_state_builder.py:648 in restore_footer_only()] Dynamic column stretch: Template=6 cols, Actual=5 cols
>>> [36mDEBUG[0m >>> [template_state_builder.py:650 in restore_footer_only()] Using column mapping to shift template content
>>> [36mDEBUG[0m >>> [template_state_builder.py:654 in restore_footer_only()] Calculated offset: 4 (footer_start_row=23 - template_footer_start_row=19)
>>> [36mDEBUG[0m >>> [template_state_builder.py:655 in restore_footer_only()] offset: 4
>>> [36mDEBUG[0m >>> [template_state_builder.py:713 in restore_footer_only()] actual_row: 23, template_col: 1, output_col: 1
>>> [36mDEBUG[0m >>> [template_state_builder.py:713 in restore_footer_only()] actual_row: 23, template_col: 2, output_col: 2
>>> [36mDEBUG[0m >>> [template_state_builder.py:713 in restore_footer_only()] actual_row: 23, template_col: 3, output_col: 3
>>> [36mDEBUG[0m >>> [template_state_builder.py:713 in restore_footer_only()] actual_row: 23, template_col: 4, output_col: 4
>>> [36mDEBUG[0m >>> [template_state_builder.py:713 in restore_footer_only()] actual_row: 23, template_col: 5, output_col: 5
>>> [36mDEBUG[0m >>> [template_state_builder.py:713 in restore_footer_only()] actual_row: 23, template_col: 6, output_col: 6
>>> [36mDEBUG[0m >>> [template_state_builder.py:713 in restore_footer_only()] actual_row: 24, template_col: 1, output_col: 1
>>> [36mDEBUG[0m >>> [template_state_builder.py:713 in restore_footer_only()] actual_row: 24, template_col: 2, output_col: 2
>>> [36mDEBUG[0m >>> [template_state_builder.py:713 in restore_footer_only()] actual_row: 24, template_col: 3, output_col: 3
>>> [36mDEBUG[0m >>> [template_state_builder.py:713 in restore_footer_only()] actual_row: 24, template_col: 4, output_col: 4
>>> [36mDEBUG[0m >>> [template_state_builder.py:713 in restore_footer_only()] actual_row: 24, template_col: 5, output_col: 5
>>> [36mDEBUG[0m >>> [template_state_builder.py:713 in restore_footer_only()] actual_row: 24, template_col: 6, output_col: 6
>>> [36mDEBUG[0m >>> [template_state_builder.py:713 in restore_footer_only()] actual_row: 25, template_col: 1, output_col: 1
>>> [36mDEBUG[0m >>> [template_state_builder.py:713 in restore_footer_only()] actual_row: 25, template_col: 2, output_col: 2
>>> [36mDEBUG[0m >>> [template_state_builder.py:713 in restore_footer_only()] actual_row: 25, template_col: 3, output_col: 3
>>> [36mDEBUG[0m >>> [template_state_builder.py:713 in restore_footer_only()] actual_row: 25, template_col: 4, output_col: 4
>>> [36mDEBUG[0m >>> [template_state_builder.py:713 in restore_footer_only()] actual_row: 25, template_col: 5, output_col: 5
>>> [36mDEBUG[0m >>> [template_state_builder.py:713 in restore_footer_only()] actual_row: 25, template_col: 6, output_col: 6
>>> [36mDEBUG[0m >>> [template_state_builder.py:713 in restore_footer_only()] actual_row: 26, template_col: 1, output_col: 1
>>> [36mDEBUG[0m >>> [template_state_builder.py:713 in restore_footer_only()] actual_row: 26, template_col: 2, output_col: 2
>>> [36mDEBUG[0m >>> [template_state_builder.py:713 in restore_footer_only()] actual_row: 26, template_col: 3, output_col: 3
>>> [36mDEBUG[0m >>> [template_state_builder.py:713 in restore_footer_only()] actual_row: 26, template_col: 4, output_col: 4
>>> [36mDEBUG[0m >>> [template_state_builder.py:713 in restore_footer_only()] actual_row: 26, template_col: 5, output_col: 5
>>> [36mDEBUG[0m >>> [template_state_builder.py:713 in restore_footer_only()] actual_row: 26, template_col: 6, output_col: 6
>>> [36mDEBUG[0m >>> [template_state_builder.py:713 in restore_footer_only()] actual_row: 27, template_col: 1, output_col: 1
>>> [36mDEBUG[0m >>> [template_state_builder.py:713 in restore_footer_only()] actual_row: 27, template_col: 2, output_col: 2
>>> [36mDEBUG[0m >>> [template_state_builder.py:713 in restore_footer_only()] actual_row: 27, template_col: 3, output_col: 3
>>> [36mDEBUG[0m >>> [template_state_builder.py:713 in restore_footer_only()] actual_row: 27, template_col: 4, output_col: 4
>>> [36mDEBUG[0m >>> [template_state_builder.py:713 in restore_footer_only()] actual_row: 27, template_col: 5, output_col: 5
>>> [36mDEBUG[0m >>> [template_state_builder.py:713 in restore_footer_only()] actual_row: 27, template_col: 6, output_col: 6
>>> [36mDEBUG[0m >>> [template_state_builder.py:713 in restore_footer_only()] actual_row: 28, template_col: 1, output_col: 1
>>> [36mDEBUG[0m >>> [template_state_builder.py:713 in restore_footer_only()] actual_row: 28, template_col: 2, output_col: 2
>>> [36mDEBUG[0m >>> [template_state_builder.py:713 in restore_footer_only()] actual_row: 28, template_col: 3, output_col: 3
>>> [36mDEBUG[0m >>> [template_state_builder.py:713 in restore_footer_only()] actual_row: 28, template_col: 4, output_col: 4
>>> [36mDEBUG[0m >>> [template_state_builder.py:713 in restore_footer_only()] actual_row: 28, template_col: 5, output_col: 5
>>> [36mDEBUG[0m >>> [template_state_builder.py:713 in restore_footer_only()] actual_row: 28, template_col: 6, output_col: 6
>>> [36mDEBUG[0m >>> [template_state_builder.py:713 in restore_footer_only()] actual_row: 29, template_col: 1, output_col: 1
>>> [36mDEBUG[0m >>> [template_state_builder.py:713 in restore_footer_only()] actual_row: 29, template_col: 2, output_col: 2
>>> [36mDEBUG[0m >>> [template_state_builder.py:713 in restore_footer_only()] actual_row: 29, template_col: 3, output_col: 3
>>> [36mDEBUG[0m >>> [template_state_builder.py:713 in restore_footer_only()] actual_row: 29, template_col: 4, output_col: 4
>>> [36mDEBUG[0m >>> [template_state_builder.py:713 in restore_footer_only()] actual_row: 29, template_col: 5, output_col: 5
>>> [36mDEBUG[0m >>> [template_state_builder.py:713 in restore_footer_only()] actual_row: 29, template_col: 6, output_col: 6
>>> [36mDEBUG[0m >>> [template_state_builder.py:713 in restore_footer_only()] actual_row: 30, template_col: 1, output_col: 1
>>> [36mDEBUG[0m >>> [template_state_builder.py:713 in restore_footer_only()] actual_row: 30, template_col: 2, output_col: 2
>>> [36mDEBUG[0m >>> [template_state_builder.py:713 in restore_footer_only()] actual_row: 30, template_col: 3, output_col: 3
>>> [36mDEBUG[0m >>> [template_state_builder.py:713 in restore_footer_only()] actual_row: 30, template_col: 4, output_col: 4
>>> [36mDEBUG[0m >>> [template_state_builder.py:713 in restore_footer_only()] actual_row: 30, template_col: 5, output_col: 5
>>> [36mDEBUG[0m >>> [template_state_builder.py:713 in restore_footer_only()] actual_row: 30, template_col: 6, output_col: 6
>>> [36mDEBUG[0m >>> [template_state_builder.py:713 in restore_footer_only()] actual_row: 31, template_col: 1, output_col: 1
>>> [36mDEBUG[0m >>> [template_state_builder.py:713 in restore_footer_only()] actual_row: 31, template_col: 2, output_col: 2
>>> [36mDEBUG[0m >>> [template_state_builder.py:713 in restore_footer_only()] actual_row: 31, template_col: 3, output_col: 3
>>> [36mDEBUG[0m >>> [template_state_builder.py:713 in restore_footer_only()] actual_row: 31, template_col: 4, output_col: 4
>>> [36mDEBUG[0m >>> [template_state_builder.py:713 in restore_footer_only()] actual_row: 31, template_col: 5, output_col: 5
>>> [36mDEBUG[0m >>> [template_state_builder.py:713 in restore_footer_only()] actual_row: 31, template_col: 6, output_col: 6
>>> [36mDEBUG[0m >>> [template_state_builder.py:713 in restore_footer_only()] actual_row: 32, template_col: 1, output_col: 1
>>> [36mDEBUG[0m >>> [template_state_builder.py:713 in restore_footer_only()] actual_row: 32, template_col: 2, output_col: 2
>>> [36mDEBUG[0m >>> [template_state_builder.py:713 in restore_footer_only()] actual_row: 32, template_col: 3, output_col: 3
>>> [36mDEBUG[0m >>> [template_state_builder.py:713 in restore_footer_only()] actual_row: 32, template_col: 4, output_col: 4
>>> [36mDEBUG[0m >>> [template_state_builder.py:713 in restore_footer_only()] actual_row: 32, template_col: 5, output_col: 5
>>> [36mDEBUG[0m >>> [template_state_builder.py:713 in restore_footer_only()] actual_row: 32, template_col: 6, output_col: 6
>>> [36mDEBUG[0m >>> [template_state_builder.py:807 in restore_footer_only()] Merged (shifted): C23:E23 -> C27:E27
>>> [36mDEBUG[0m >>> [template_state_builder.py:807 in restore_footer_only()] Merged (shifted): C22:E22 -> C26:E26
>>> [36mDEBUG[0m >>> [template_state_builder.py:807 in restore_footer_only()] Merged (shifted): C24:E24 -> C28:E28
>>> [36mDEBUG[0m >>> [template_state_builder.py:820 in restore_footer_only()] Template footer restoration complete (10 rows restored)
>>> [36mDEBUG[0m >>> [layout_builder.py:679 in build()] Template footer restored successfully - rows 23-204
>>> [0mINFO[0m >>> Layout built successfully for sheet 'Contract'
>>> [0mINFO[0m >>> Successfully filled table data/footer for sheet 'Contract'
>>> [0mINFO[0m >>> Processing sheet 'Packing list'
>>> [36mDEBUG[0m >>> [config_loader.py:123 in get_styling_config()] get_styling_config for 'Packing list'
>>> [36mDEBUG[0m >>> [config_loader.py:124 in get_styling_config()] Keys in sheet_styling: ['_comment', 'columns', 'row_contexts', '_legacy_column_specific']
>>> [36mDEBUG[0m >>> [config_loader.py:129 in get_styling_config()] NEW FORMAT detected - returning columns + row_contexts as-is
>>> [0mINFO[0m >>> Processing sheet 'Packing list' as multi-table/packing list
>>> [36mDEBUG[0m >>> [config_loader.py:123 in get_styling_config()] get_styling_config for 'Packing list'
>>> [36mDEBUG[0m >>> [config_loader.py:124 in get_styling_config()] Keys in sheet_styling: ['_comment', 'columns', 'row_contexts', '_legacy_column_specific']
>>> [36mDEBUG[0m >>> [config_loader.py:129 in get_styling_config()] NEW FORMAT detected - returning columns + row_contexts as-is
>>> [0mINFO[0m >>> Found 2 tables to process: ['1', '2']
>>> [0mINFO[0m >>> [MultiTableProcessor] Capturing template state once for all tables
>>> [36mDEBUG[0m >>> [multi_table_processor.py:67 in process()] Template dimensions: table_header_row=21, template_header_end_row=20, footer_start_row=22
>>> [36mDEBUG[0m >>> [template_state_builder.py:50 in __init__()] TemplateStateBuilder init: worksheet=Packing list, header_end=20, footer_start=22
>>> [36mDEBUG[0m >>> [template_state_builder.py:79 in __init__()] Template dimensions: max_col=20, max_row=32, num_header_cols=20
>>> [36mDEBUG[0m >>> [template_state_builder.py:83 in __init__()] Capturing template state during init
>>> [36mDEBUG[0m >>> [template_state_builder.py:84 in __init__()] Header: rows 1-20, Footer: rows 22-32
>>> [36mDEBUG[0m >>> [template_state_builder.py:255 in _capture_header()] === CAPTURING HEADER (rows 1 to 20) ===
>>> [36mDEBUG[0m >>> [template_state_builder.py:265 in _capture_header()]   Header starts at row 1, ends at row 20
>>> [36mDEBUG[0m >>> [template_state_builder.py:266 in _capture_header()]   Max columns: 20
>>> [36mDEBUG[0m >>> [template_state_builder.py:312 in _capture_header()]   Row 1: A1='CALIFOR UPHOLSTERY MATERIALS CO., LTD.'
>>> [36mDEBUG[0m >>> [template_state_builder.py:320 in _capture_header()]     Style: A1: value='CALIFOR UPHOLSTERY MATERIALS C...', font(name=Times New Roman, size=20.0, bold, color=Values must be of type <class 'str'>), align(h=center, v=center)
>>> [36mDEBUG[0m >>> [template_state_builder.py:320 in _capture_header()]     Style: B1: font(name=Times New Roman, size=20.0, bold, color=Values must be of type <class 'str'>), align(h=center, v=center)
>>> [36mDEBUG[0m >>> [template_state_builder.py:312 in _capture_header()]   Row 2: A2=' XIN BAVET SEZ, Road No. 316A, Trapeang Bon and  P'
>>> [36mDEBUG[0m >>> [template_state_builder.py:320 in _capture_header()]     Style: A2: value=' XIN BAVET SEZ, Road No. 316A,...', font(name=Times New Roman, size=11.0, color=Values must be of type <class 'str'>), align(h=center, v=center)
>>> [36mDEBUG[0m >>> [template_state_builder.py:320 in _capture_header()]     Style: B2: font(name=Times New Roman, size=11.0, color=Values must be of type <class 'str'>), align(h=center, v=center)
>>> [36mDEBUG[0m >>> [template_state_builder.py:312 in _capture_header()]   Row 3: A3='Svay Rieng Province, Kingdom of Cambodia.'
>>> [36mDEBUG[0m >>> [template_state_builder.py:320 in _capture_header()]     Style: A3: value='Svay Rieng Province, Kingdom o...', font(name=Times New Roman, size=11.0, color=Values must be of type <class 'str'>), align(h=center, v=top)
>>> [36mDEBUG[0m >>> [template_state_builder.py:320 in _capture_header()]     Style: B3: font(name=Times New Roman, size=11.0, color=Values must be of type <class 'str'>), align(h=center, v=top)
>>> [36mDEBUG[0m >>> [template_state_builder.py:312 in _capture_header()]   Row 4: A4='VAT:L001-901903209'
>>> [36mDEBUG[0m >>> [template_state_builder.py:320 in _capture_header()]     Style: A4: value='VAT:L001-901903209', font(name=Times New Roman, size=11.0, color=Values must be of type <class 'str'>), align(h=center, v=center)
>>> [36mDEBUG[0m >>> [template_state_builder.py:320 in _capture_header()]     Style: B4: font(name=Times New Roman, size=11.0, color=Values must be of type <class 'str'>), align(h=center, v=center)
>>> [36mDEBUG[0m >>> [template_state_builder.py:312 in _capture_header()]   Row 5: A5='Tel: +855   975910636'
>>> [36mDEBUG[0m >>> [template_state_builder.py:320 in _capture_header()]     Style: A5: value='Tel: +855   975910636', font(name=Times New Roman, size=11.0, color=Values must be of type <class 'str'>), border(B:medium), align(h=center, v=top)
>>> [36mDEBUG[0m >>> [template_state_builder.py:320 in _capture_header()]     Style: B5: font(name=Times New Roman, size=11.0, color=Values must be of type <class 'str'>), border(B:medium), align(h=center, v=top)
>>> [36mDEBUG[0m >>> [template_state_builder.py:312 in _capture_header()]   Row 6: A6='PACKING LIST'
>>> [36mDEBUG[0m >>> [template_state_builder.py:320 in _capture_header()]     Style: A6: value='PACKING LIST', font(name=Times New Roman, size=24.0, bold, color=Values must be of type <class 'str'>), border(T:medium), align(h=center, v=center)
>>> [36mDEBUG[0m >>> [template_state_builder.py:320 in _capture_header()]     Style: B6: font(name=Times New Roman, size=24.0, bold, color=Values must be of type <class 'str'>), border(T:medium), align(h=center, v=center)
>>> [36mDEBUG[0m >>> [template_state_builder.py:283 in _capture_header()]   METADATA CELL K7: value=None
>>> [36mDEBUG[0m >>> [template_state_builder.py:312 in _capture_header()]   Row 7: I7='Ref No.:', J7='JFREF'
>>> [36mDEBUG[0m >>> [template_state_builder.py:320 in _capture_header()]     Style: A7: font(name=Times New Roman, size=11.0, color=Values must be of type <class 'str'>)
>>> [36mDEBUG[0m >>> [template_state_builder.py:320 in _capture_header()]     Style: B7: font(name=Times New Roman, size=11.0, color=Values must be of type <class 'str'>)
>>> [36mDEBUG[0m >>> [template_state_builder.py:283 in _capture_header()]   METADATA CELL K8: value=None
>>> [36mDEBUG[0m >>> [template_state_builder.py:312 in _capture_header()]   Row 8: A8='EXPORTER:', B8='CALIFOR UPHOLSTERY MATERIALS CO., LTD.', I8='INVOICE NO :', J8='JFINV'
>>> [36mDEBUG[0m >>> [template_state_builder.py:320 in _capture_header()]     Style: A8: value='EXPORTER:', font(name=Times New Roman, size=11.0, bold, color=Values must be of type <class 'str'>), align(h=right)
>>> [36mDEBUG[0m >>> [template_state_builder.py:320 in _capture_header()]     Style: B8: value='CALIFOR UPHOLSTERY MATERIALS C...', font(name=Times New Roman, size=12.0, bold, color=Values must be of type <class 'str'>)
>>> [36mDEBUG[0m >>> [template_state_builder.py:283 in _capture_header()]   METADATA CELL K9: value=None
>>> [36mDEBUG[0m >>> [template_state_builder.py:312 in _capture_header()]   Row 9: B9='XIN BAVET SEZ, Road No. 316A, Trapeang Bon and Pre', I9='Date:', J9='JFTIME'
>>> [36mDEBUG[0m >>> [template_state_builder.py:320 in _capture_header()]     Style: A9: font(name=Times New Roman, size=11.0, color=Values must be of type <class 'str'>)
>>> [36mDEBUG[0m >>> [template_state_builder.py:320 in _capture_header()]     Style: B9: value='XIN BAVET SEZ, Road No. 316A, ...', font(name=Times New Roman, size=11.0, color=Values must be of type <class 'str'>)
>>> [36mDEBUG[0m >>> [template_state_builder.py:312 in _capture_header()]   Row 10: B10='Prey Kokir Commune, Chantrea District,Svay Rieng P', I10='FCA :', J10='BAVET, SVAY RIENG'
>>> [36mDEBUG[0m >>> [template_state_builder.py:320 in _capture_header()]     Style: A10: font(name=Times New Roman, size=11.0, color=Values must be of type <class 'str'>)
>>> [36mDEBUG[0m >>> [template_state_builder.py:320 in _capture_header()]     Style: B10: value='Prey Kokir Commune, Chantrea D...', font(name=Times New Roman, size=11.0, color=Values must be of type <class 'str'>)
>>> [36mDEBUG[0m >>> [template_state_builder.py:312 in _capture_header()]   Row 11: B11='Tel: +855   975910636'
>>> [36mDEBUG[0m >>> [template_state_builder.py:320 in _capture_header()]     Style: A11: font(name=Times New Roman, size=11.0, color=Values must be of type <class 'str'>)
>>> [36mDEBUG[0m >>> [template_state_builder.py:320 in _capture_header()]     Style: B11: value='Tel: +855   975910636', font(name=Times New Roman, size=11.0, color=Values must be of type <class 'str'>)
>>> [36mDEBUG[0m >>> [template_state_builder.py:312 in _capture_header()]   Row 13: A13='CONSIGNEE :', B13='JASON FURNITURE VIET NAM COMPANY LIMITED'
>>> [36mDEBUG[0m >>> [template_state_builder.py:320 in _capture_header()]     Style: A13: value='CONSIGNEE :', font(name=Times New Roman, size=12.0, bold, color=Values must be of type <class 'str'>), align(h=right)
>>> [36mDEBUG[0m >>> [template_state_builder.py:320 in _capture_header()]     Style: B13: value='JASON FURNITURE VIET NAM COMPA...', font(name=Times New Roman, size=11.0, bold, color=Values must be of type <class 'str'>)
>>> [36mDEBUG[0m >>> [template_state_builder.py:312 in _capture_header()]   Row 14: B14='LOT 37, 38, 39, 40, 41, 44, 50, 51, 54?55, 56?B2 C'
>>> [36mDEBUG[0m >>> [template_state_builder.py:320 in _capture_header()]     Style: A14: font(name=Times New Roman, size=11.0, color=Values must be of type <class 'str'>)
>>> [36mDEBUG[0m >>> [template_state_builder.py:320 in _capture_header()]     Style: B14: value='LOT 37, 38, 39, 40, 41, 44, 50...', font(name=Times New Roman, size=11.0, bold, color=FF000000), align(v=center)
>>> [36mDEBUG[0m >>> [template_state_builder.py:312 in _capture_header()]   Row 15: B15='BINH PHUOC WARD,DONG NAI PROVINCE, VIETNAM'
>>> [36mDEBUG[0m >>> [template_state_builder.py:320 in _capture_header()]     Style: A15: font(name=Times New Roman, size=11.0, color=Values must be of type <class 'str'>)
>>> [36mDEBUG[0m >>> [template_state_builder.py:320 in _capture_header()]     Style: B15: value='BINH PHUOC WARD,DONG NAI PROVI...', font(name=Times New Roman, size=11.0, color=FF000000), align(v=center)
>>> [36mDEBUG[0m >>> [template_state_builder.py:312 in _capture_header()]   Row 16: B16='Contact Person : Mr. Thuy   TEl: 0379367084'
>>> [36mDEBUG[0m >>> [template_state_builder.py:320 in _capture_header()]     Style: A16: font(name=Times New Roman, size=11.0, color=Values must be of type <class 'str'>)
>>> [36mDEBUG[0m >>> [template_state_builder.py:320 in _capture_header()]     Style: B16: value='Contact Person : Mr. Thuy   TE...', font(name=Times New Roman, size=11.0, color=Values must be of type <class 'str'>), align(v=center)
>>> [36mDEBUG[0m >>> [template_state_builder.py:312 in _capture_header()]   Row 17: B17='EMAlL:jyangbin4720@dingtalk.com jialy@kukahome.com'
>>> [36mDEBUG[0m >>> [template_state_builder.py:320 in _capture_header()]     Style: A17: font(name=Times New Roman, size=11.0, color=Values must be of type <class 'str'>)
>>> [36mDEBUG[0m >>> [template_state_builder.py:320 in _capture_header()]     Style: B17: value='EMAlL:jyangbin4720@dingtalk.co...', font(name=Times New Roman, size=11.0, color=Values must be of type <class 'str'>), align(v=center)
>>> [36mDEBUG[0m >>> [template_state_builder.py:312 in _capture_header()]   Row 18: B18='dailin@kukahome.com huanggf@kukahome.com zhangzp@k'
>>> [36mDEBUG[0m >>> [template_state_builder.py:320 in _capture_header()]     Style: A18: font(name=Times New Roman, size=11.0, color=Values must be of type <class 'str'>)
>>> [36mDEBUG[0m >>> [template_state_builder.py:320 in _capture_header()]     Style: B18: value='dailin@kukahome.com huanggf@ku...', font(name=Times New Roman, size=11.0, color=Values must be of type <class 'str'>), align(v=center)
>>> [36mDEBUG[0m >>> [template_state_builder.py:312 in _capture_header()]   Row 19: A19='SHIP: ', B19='BY?TRUCK?FROM?BAVET, SVAY RIENG, CAMBODIA?TO DONG '
>>> [36mDEBUG[0m >>> [template_state_builder.py:320 in _capture_header()]     Style: A19: value='SHIP: ', font(name=Calibri, size=11.0, bold, color=Values must be of type <class 'str'>), align(h=right)
>>> [36mDEBUG[0m >>> [template_state_builder.py:320 in _capture_header()]     Style: B19: value='BY?TRUCK?FROM?BAVET, SVAY RIEN...', font(name=Times New Roman, size=11.0, color=Values must be of type <class 'str'>)
>>> [36mDEBUG[0m >>> [template_state_builder.py:332 in _capture_header()]   Captured 6 merged cells: A1:J1, A5:J5, A6:J6 ... (3 more)
>>> [36mDEBUG[0m >>> [template_state_builder.py:339 in _capture_header()]   [OK] Header capture complete: 20 rows captured (rows 1-20), 6 merges
>>> [36mDEBUG[0m >>> [template_state_builder.py:349 in _capture_footer()] === CAPTURING FOOTER (starting from row 22) ===
>>> [36mDEBUG[0m >>> [template_state_builder.py:350 in _capture_footer()]   Max columns: 20, max search row: 32
>>> [36mDEBUG[0m >>> [template_state_builder.py:381 in _capture_footer()]   Footer ends at row 32 (11 footer rows)
>>> [36mDEBUG[0m >>> [template_state_builder.py:419 in _capture_footer()]   Row 25: A25='Country of Original Cambodia'
>>> [36mDEBUG[0m >>> [template_state_builder.py:427 in _capture_footer()]     Style: A25: value='Country of Original Cambodia', font(name=Times New Roman, size=11.0, bold, color=Values must be of type <class 'str'>), align(v=center)
>>> [36mDEBUG[0m >>> [template_state_builder.py:427 in _capture_footer()]     Style: B25: font(name=Times New Roman, size=11.0, bold, color=Values must be of type <class 'str'>), align(v=center)
>>> [36mDEBUG[0m >>> [template_state_builder.py:419 in _capture_footer()]   Row 26: A26='Manufacture:', B26='CALIFOR UPHOLSTERY MATERIALS CO., LTD.
XIN BAVET S'
>>> [36mDEBUG[0m >>> [template_state_builder.py:427 in _capture_footer()]     Style: A26: value='Manufacture:', font(name=Times New Roman, size=11.0, bold, color=Values must be of type <class 'str'>), align(v=top)
>>> [36mDEBUG[0m >>> [template_state_builder.py:427 in _capture_footer()]     Style: B26: value='CALIFOR UPHOLSTERY MATERIALS C...', font(name=Times New Roman, size=11.0, color=Values must be of type <class 'str'>), align(h=center, v=top, wrap)
>>> [36mDEBUG[0m >>> [template_state_builder.py:419 in _capture_footer()]   Row 27: A27='BENEFICIARY BANK?BANK OF CHINA(HONG KONG)LIMITED  '
>>> [36mDEBUG[0m >>> [template_state_builder.py:427 in _capture_footer()]     Style: A27: value='BENEFICIARY BANK?BANK OF CHINA...', font(name=Times New Roman, size=11.0, color=Values must be of type <class 'str'>), align(h=center, v=top, wrap)
>>> [36mDEBUG[0m >>> [template_state_builder.py:427 in _capture_footer()]     Style: B27: font(name=Times New Roman, size=11.0, color=Values must be of type <class 'str'>), align(h=center, v=top, wrap)
>>> [36mDEBUG[0m >>> [template_state_builder.py:419 in _capture_footer()]   Row 28: A28='A/C NO:100001100764430'
>>> [36mDEBUG[0m >>> [template_state_builder.py:427 in _capture_footer()]     Style: A28: value='A/C NO:100001100764430', font(name=Times New Roman, size=11.0, color=Values must be of type <class 'str'>), align(v=top)
>>> [36mDEBUG[0m >>> [template_state_builder.py:427 in _capture_footer()]     Style: B28: font(name=Times New Roman, size=11.0, color=Values must be of type <class 'str'>), align(v=top)
>>> [36mDEBUG[0m >>> [template_state_builder.py:419 in _capture_footer()]   Row 29: A29='SWIFT CODE  ?BKCHKHPPXXX'
>>> [36mDEBUG[0m >>> [template_state_builder.py:427 in _capture_footer()]     Style: A29: value='SWIFT CODE  ?BKCHKHPPXXX', font(name=Times New Roman, size=11.0, color=Values must be of type <class 'str'>), align(v=top)
>>> [36mDEBUG[0m >>> [template_state_builder.py:427 in _capture_footer()]     Style: B29: font(name=Times New Roman, size=11.0, color=Values must be of type <class 'str'>), align(v=top)
>>> [36mDEBUG[0m >>> [template_state_builder.py:419 in _capture_footer()]   Row 30: I30='CALIFOR UPHOLSTERY MATERIALS CO., LTD.'
>>> [36mDEBUG[0m >>> [template_state_builder.py:427 in _capture_footer()]     Style: A30: font(name=Calibri, size=11.0, color=Values must be of type <class 'str'>)
>>> [36mDEBUG[0m >>> [template_state_builder.py:427 in _capture_footer()]     Style: B30: font(name=Calibri, size=11.0, color=Values must be of type <class 'str'>)
>>> [36mDEBUG[0m >>> [template_state_builder.py:419 in _capture_footer()]   Row 32: A32='A', B32='B', C32='C', D32='D', F32='E' ... (5 more)
>>> [36mDEBUG[0m >>> [template_state_builder.py:427 in _capture_footer()]     Style: A32: value='A', font(name=Calibri, size=11.0, color=Values must be of type <class 'str'>)
>>> [36mDEBUG[0m >>> [template_state_builder.py:427 in _capture_footer()]     Style: B32: value='B', font(name=Calibri, size=11.0, color=Values must be of type <class 'str'>)
>>> [36mDEBUG[0m >>> [template_state_builder.py:439 in _capture_footer()]   Captured 2 merged cells: A27:D27, B26:D26
>>> [36mDEBUG[0m >>> [template_state_builder.py:457 in _capture_footer()]   [OK] Footer capture complete: 11 rows, 2 merges, template footer start: 22, non-empty cells: 17
>>> [36mDEBUG[0m >>> [template_state_builder.py:88 in __init__()] State captured: 20 header rows, 11 footer rows
>>> [36mDEBUG[0m >>> [multi_table_processor.py:77 in process()] Template state captured: 20 header rows, 11 footer rows
>>> [0mINFO[0m >>> Applying text replacements to shared template state
>>> [36mDEBUG[0m >>> [template_state_builder.py:964 in apply_text_replacements()] === apply_text_replacements START ===
>>> [36mDEBUG[0m >>> [template_state_builder.py:974 in apply_text_replacements()]   Total formulas in header: 0
>>> [36mDEBUG[0m >>> [template_state_builder.py:1072 in _apply_rules_to_cell()] Data path ['processed_tables_data', '1', 'inv_ref', 0] resolved to: None
>>> [36mDEBUG[0m >>> [template_state_builder.py:1072 in _apply_rules_to_cell()] Data path ['processed_tables_data', '1', 'inv_no', 0] resolved to: None
>>> [36mDEBUG[0m >>> [template_state_builder.py:1072 in _apply_rules_to_cell()] Data path ['processed_tables_data', '1', 'inv_date', 0] resolved to: None
>>> [36mDEBUG[0m >>> [template_state_builder.py:1079 in _apply_rules_to_cell()] Using hardcoded replacement: 'DAF' for 'FCA'
>>> [36mDEBUG[0m >>> [template_state_builder.py:1089 in _apply_rules_to_cell()] Replacing substring 'FCA' with 'DAF' in 'FCA :'
>>> [36mDEBUG[0m >>> [template_state_builder.py:1079 in _apply_rules_to_cell()] Using hardcoded replacement: 'BAVET' for 'BAVET, SVAY RIENG'
>>> [36mDEBUG[0m >>> [template_state_builder.py:1085 in _apply_rules_to_cell()] Replacing 'BAVET, SVAY RIENG' with 'BAVET'
>>> [0mINFO[0m >>> [TemplateStateBuilder] Text replacements complete: 2 changes made
>>> [0mINFO[0m >>> Text replacements applied to shared template state: 2 changes made
>>> [36mDEBUG[0m >>> [multi_table_processor.py:103 in process()] Multi-table processing starting at row 21
>>> [0mINFO[0m >>> Processing table '1' (1/2)
>>> [36mDEBUG[0m >>> [config_loader.py:123 in get_styling_config()] get_styling_config for 'Packing list'
>>> [36mDEBUG[0m >>> [config_loader.py:124 in get_styling_config()] Keys in sheet_styling: ['_comment', 'columns', 'row_contexts', '_legacy_column_specific']
>>> [36mDEBUG[0m >>> [config_loader.py:129 in get_styling_config()] NEW FORMAT detected - returning columns + row_contexts as-is
>>> [0mINFO[0m >>> Filtering out column 'col_blank_test' (skip_in_daf=True, DAF_mode=True)
>>> [36mDEBUG[0m >>> [builder_config_resolver.py:465 in _construct_header_info()] Column filtering: 9 total → 8 after filtering (DAF=True, custom=False)
>>> [0mINFO[0m >>> Merged 4 static values into first 4 data rows
>>> [36mDEBUG[0m >>> [multi_table_processor.py:140 in process()] Resolved 15 data rows for table '1'
>>> [36mDEBUG[0m >>> [multi_table_processor.py:151 in process()] Setting table '1' to start at row 21
>>> [36mDEBUG[0m >>> [layout_builder.py:132 in __init__()] LayoutBuilder initialized: skip_data_table_builder=False
>>> [0mINFO[0m >>> Building layout for sheet 'Packing list'
>>> [36mDEBUG[0m >>> [layout_builder.py:149 in build()] Reading from template, writing to output worksheet
>>> [36mDEBUG[0m >>> [layout_builder.py:178 in build()] [LayoutBuilder DEBUG] sheet_name=Packing list, header_row=1, table_header_row=21
>>> [36mDEBUG[0m >>> [layout_builder.py:179 in build()] [LayoutBuilder DEBUG] all_sheet_configs keys: ['_comment', 'Invoice', 'Contract', 'Packing list']
>>> [36mDEBUG[0m >>> [layout_builder.py:189 in build()] [LayoutBuilder DEBUG] template_header: rows 1-20, table_header: row 21, footer_start: row 25
>>> [0mINFO[0m >>> Using pre-captured template state (multi-table optimization)
>>> [36mDEBUG[0m >>> [layout_builder.py:199 in build()] Reusing template state: 20 header rows, 11 footer rows
>>> [36mDEBUG[0m >>> [layout_builder.py:237 in build()] Deferring template header restoration until after table building
>>> [36mDEBUG[0m >>> [layout_builder.py:248 in build()] Keeping NEW format styling (columns + row_contexts) as dict
>>> [36mDEBUG[0m >>> [layout_builder.py:306 in build()] Column 'col_static': template cols 1-1 → output cols 1-1
>>> [36mDEBUG[0m >>> [layout_builder.py:306 in build()] Column 'col_po': template cols 2-2 → output cols 2-2
>>> [36mDEBUG[0m >>> [layout_builder.py:306 in build()] Column 'col_item': template cols 3-3 → output cols 3-3
>>> [36mDEBUG[0m >>> [layout_builder.py:301 in build()] Column 'col_blank_test' removed: template cols 4-4 → None
>>> [36mDEBUG[0m >>> [layout_builder.py:306 in build()] Column 'col_desc': template cols 5-5 → output cols 4-4
>>> [36mDEBUG[0m >>> [layout_builder.py:306 in build()] Column 'col_qty_header': template cols 6-7 → output cols 5-6
>>> [36mDEBUG[0m >>> [layout_builder.py:306 in build()] Column 'col_net': template cols 8-8 → output cols 7-7
>>> [36mDEBUG[0m >>> [layout_builder.py:306 in build()] Column 'col_gross': template cols 9-9 → output cols 8-8
>>> [36mDEBUG[0m >>> [layout_builder.py:306 in build()] Column 'col_cbm': template cols 10-10 → output cols 9-9
>>> [0mINFO[0m >>> Built column mapping for template shifting: 9 active Excel columns
>>> [0mINFO[0m >>> Filtered bundled_columns: 9 → 8 (DAF=True, custom=False)
>>> [36mDEBUG[0m >>> [layout_builder.py:327 in build()] Creating HeaderBuilder at row 21
>>> [36mDEBUG[0m >>> [layout_builder.py:328 in build()] HeaderBuilder input - bundled_columns: 8, legacy_layout: 0
>>> [36mDEBUG[0m >>> [header_builder.py:47 in __init__()] HeaderBuilder received styling_dict type: <class 'dict'>
>>> [36mDEBUG[0m >>> [header_builder.py:49 in __init__()] Keys in styling_dict: ['columns', 'row_contexts']
>>> [36mDEBUG[0m >>> [style_registry.py:115 in _load_columns()] Loaded column 'col_static': alignment=center, vertical_alignment=None
>>> [36mDEBUG[0m >>> [style_registry.py:115 in _load_columns()] Loaded column 'col_po': alignment=center, vertical_alignment=None
>>> [36mDEBUG[0m >>> [style_registry.py:115 in _load_columns()] Loaded column 'col_item': alignment=center, vertical_alignment=None
>>> [36mDEBUG[0m >>> [style_registry.py:115 in _load_columns()] Loaded column 'col_desc': alignment=center, vertical_alignment=None
>>> [36mDEBUG[0m >>> [style_registry.py:115 in _load_columns()] Loaded column 'col_qty_header': alignment=center, vertical_alignment=None
>>> [36mDEBUG[0m >>> [style_registry.py:115 in _load_columns()] Loaded column 'col_qty_pcs': alignment=center, vertical_alignment=None
>>> [36mDEBUG[0m >>> [style_registry.py:115 in _load_columns()] Loaded column 'col_qty_sf': alignment=center, vertical_alignment=None
>>> [36mDEBUG[0m >>> [style_registry.py:115 in _load_columns()] Loaded column 'col_net': alignment=center, vertical_alignment=None
>>> [36mDEBUG[0m >>> [style_registry.py:115 in _load_columns()] Loaded column 'col_gross': alignment=center, vertical_alignment=None
>>> [36mDEBUG[0m >>> [style_registry.py:115 in _load_columns()] Loaded column 'col_cbm': alignment=center, vertical_alignment=None
>>> [36mDEBUG[0m >>> [style_registry.py:117 in _load_columns()] Loaded 10 column styles: ['col_static', 'col_po', 'col_item', 'col_desc', 'col_qty_header', 'col_qty_pcs', 'col_qty_sf', 'col_net', 'col_gross', 'col_cbm']
>>> [36mDEBUG[0m >>> [style_registry.py:135 in _load_row_contexts()] Loaded 3 row contexts: ['header', 'data', 'footer']
>>> [0mINFO[0m >>> StyleRegistry initialized successfully for HeaderBuilder
>>> [0mINFO[0m >>> Using BUNDLED config (columns=8)
>>> [36mDEBUG[0m >>> [header_builder.py:69 in __init__()] Sample bundled column: id='col_static', header='Mark & N?', format='None'
>>> [36mDEBUG[0m >>> [header_builder.py:71 in __init__()] Converted to 10 header cells
>>> [36mDEBUG[0m >>> [layout_builder.py:336 in build()] Calling HeaderBuilder.build() starting at row 21
>>> [36mDEBUG[0m >>> [style_registry.py:175 in get_style()] Column 'col_static' style dict: {'format': '@', 'alignment': 'center', 'vertical_alignment': None, 'width': 24.71, 'wrap_text': True}
>>> [36mDEBUG[0m >>> [style_registry.py:177 in get_style()] After column merge: {'format': '@', 'alignment': 'center', 'width': 24.71, 'wrap_text': True}
>>> [36mDEBUG[0m >>> [header_builder.py:137 in build()] Applied StyleRegistry style to header cell col_static
>>> [36mDEBUG[0m >>> [header_builder.py:144 in build()] Applied header row height 27 to row 21
>>> [36mDEBUG[0m >>> [style_registry.py:175 in get_style()] Column 'col_po' style dict: {'format': '@', 'alignment': 'center', 'vertical_alignment': None, 'width': 17, 'wrap_text': True}
>>> [36mDEBUG[0m >>> [style_registry.py:177 in get_style()] After column merge: {'format': '@', 'alignment': 'center', 'width': 17, 'wrap_text': True}
>>> [36mDEBUG[0m >>> [header_builder.py:137 in build()] Applied StyleRegistry style to header cell col_po
>>> [36mDEBUG[0m >>> [style_registry.py:175 in get_style()] Column 'col_item' style dict: {'format': '@', 'alignment': 'center', 'vertical_alignment': None, 'width': 22.14, 'wrap_text': True}
>>> [36mDEBUG[0m >>> [style_registry.py:177 in get_style()] After column merge: {'format': '@', 'alignment': 'center', 'width': 22.14, 'wrap_text': True}
>>> [36mDEBUG[0m >>> [header_builder.py:137 in build()] Applied StyleRegistry style to header cell col_item
>>> [36mDEBUG[0m >>> [style_registry.py:175 in get_style()] Column 'col_desc' style dict: {'format': '@', 'alignment': 'center', 'vertical_alignment': None, 'width': 26, 'wrap_text': True}
>>> [36mDEBUG[0m >>> [style_registry.py:177 in get_style()] After column merge: {'format': '@', 'alignment': 'center', 'width': 26, 'wrap_text': True}
>>> [36mDEBUG[0m >>> [header_builder.py:137 in build()] Applied StyleRegistry style to header cell col_desc
>>> [36mDEBUG[0m >>> [style_registry.py:175 in get_style()] Column 'col_qty_header' style dict: {'format': '@', 'alignment': 'center', 'vertical_alignment': None, 'width': 15, 'wrap_text': True}
>>> [36mDEBUG[0m >>> [style_registry.py:177 in get_style()] After column merge: {'format': '@', 'alignment': 'center', 'width': 15, 'wrap_text': True}
>>> [36mDEBUG[0m >>> [header_builder.py:137 in build()] Applied StyleRegistry style to header cell col_qty_header
>>> [36mDEBUG[0m >>> [style_registry.py:175 in get_style()] Column 'col_qty_pcs' style dict: {'format': '#,##0', 'alignment': 'center', 'vertical_alignment': None, 'width': 15, 'wrap_text': False}
>>> [36mDEBUG[0m >>> [style_registry.py:177 in get_style()] After column merge: {'format': '#,##0', 'alignment': 'center', 'width': 15, 'wrap_text': False}
>>> [36mDEBUG[0m >>> [header_builder.py:137 in build()] Applied StyleRegistry style to header cell col_qty_pcs
>>> [36mDEBUG[0m >>> [header_builder.py:144 in build()] Applied header row height 27 to row 22
>>> [36mDEBUG[0m >>> [style_registry.py:175 in get_style()] Column 'col_qty_sf' style dict: {'format': '#,##0.00', 'alignment': 'center', 'vertical_alignment': None, 'width': 15, 'wrap_text': False}
>>> [36mDEBUG[0m >>> [style_registry.py:177 in get_style()] After column merge: {'format': '#,##0.00', 'alignment': 'center', 'width': 15, 'wrap_text': False}
>>> [36mDEBUG[0m >>> [header_builder.py:137 in build()] Applied StyleRegistry style to header cell col_qty_sf
>>> [36mDEBUG[0m >>> [style_registry.py:175 in get_style()] Column 'col_net' style dict: {'format': '#,##0.00', 'alignment': 'center', 'vertical_alignment': None, 'width': 15, 'wrap_text': False}
>>> [36mDEBUG[0m >>> [style_registry.py:177 in get_style()] After column merge: {'format': '#,##0.00', 'alignment': 'center', 'width': 15, 'wrap_text': False}
>>> [36mDEBUG[0m >>> [header_builder.py:137 in build()] Applied StyleRegistry style to header cell col_net
>>> [36mDEBUG[0m >>> [style_registry.py:175 in get_style()] Column 'col_gross' style dict: {'format': '#,##0.00', 'alignment': 'center', 'vertical_alignment': None, 'width': 15, 'wrap_text': False}
>>> [36mDEBUG[0m >>> [style_registry.py:177 in get_style()] After column merge: {'format': '#,##0.00', 'alignment': 'center', 'width': 15, 'wrap_text': False}
>>> [36mDEBUG[0m >>> [header_builder.py:137 in build()] Applied StyleRegistry style to header cell col_gross
>>> [36mDEBUG[0m >>> [style_registry.py:175 in get_style()] Column 'col_cbm' style dict: {'format': '0.00', 'alignment': 'center', 'vertical_alignment': None, 'width': 15, 'wrap_text': False}
>>> [36mDEBUG[0m >>> [style_registry.py:177 in get_style()] After column merge: {'format': '0.00', 'alignment': 'center', 'width': 15, 'wrap_text': False}
>>> [36mDEBUG[0m >>> [header_builder.py:137 in build()] Applied StyleRegistry style to header cell col_cbm
>>> [36mDEBUG[0m >>> [layout_builder.py:346 in build()] HeaderBuilder completed - rows 21-22, 10 columns
>>> [36mDEBUG[0m >>> [layout_builder.py:351 in build()] POST-HeaderBuilder - Cell(21,1) font: name=Times New Roman, size=12.0, bold=True
>>> [36mDEBUG[0m >>> [layout_builder.py:369 in build()] skip_data_table_builder = False
>>> [0mINFO[0m >>> Entering data table builder block
>>> [36mDEBUG[0m >>> [layout_builder.py:386 in build()] [LayoutBuilder DEBUG] self.provided_resolved_data = True
>>> [36mDEBUG[0m >>> [layout_builder.py:387 in build()] [LayoutBuilder DEBUG] self.provided_data_source_type = None
>>> [36mDEBUG[0m >>> [layout_builder.py:388 in build()] [LayoutBuilder DEBUG] self.provided_data_source = None
>>> [0mINFO[0m >>> Using resolver-provided resolved_data (modern approach)
>>> [36mDEBUG[0m >>> [layout_builder.py:473 in build()] Creating DataTableBuilder - Expected to start at row 23
>>> [36mDEBUG[0m >>> [layout_builder.py:474 in build()] DataTableBuilder input - data_source_type: None, has_data: False
>>> [36mDEBUG[0m >>> [style_registry.py:115 in _load_columns()] Loaded column 'col_static': alignment=center, vertical_alignment=None
>>> [36mDEBUG[0m >>> [style_registry.py:115 in _load_columns()] Loaded column 'col_po': alignment=center, vertical_alignment=None
>>> [36mDEBUG[0m >>> [style_registry.py:115 in _load_columns()] Loaded column 'col_item': alignment=center, vertical_alignment=None
>>> [36mDEBUG[0m >>> [style_registry.py:115 in _load_columns()] Loaded column 'col_desc': alignment=center, vertical_alignment=None
>>> [36mDEBUG[0m >>> [style_registry.py:115 in _load_columns()] Loaded column 'col_qty_header': alignment=center, vertical_alignment=None
>>> [36mDEBUG[0m >>> [style_registry.py:115 in _load_columns()] Loaded column 'col_qty_pcs': alignment=center, vertical_alignment=None
>>> [36mDEBUG[0m >>> [style_registry.py:115 in _load_columns()] Loaded column 'col_qty_sf': alignment=center, vertical_alignment=None
>>> [36mDEBUG[0m >>> [style_registry.py:115 in _load_columns()] Loaded column 'col_net': alignment=center, vertical_alignment=None
>>> [36mDEBUG[0m >>> [style_registry.py:115 in _load_columns()] Loaded column 'col_gross': alignment=center, vertical_alignment=None
>>> [36mDEBUG[0m >>> [style_registry.py:115 in _load_columns()] Loaded column 'col_cbm': alignment=center, vertical_alignment=None
>>> [36mDEBUG[0m >>> [style_registry.py:117 in _load_columns()] Loaded 10 column styles: ['col_static', 'col_po', 'col_item', 'col_desc', 'col_qty_header', 'col_qty_pcs', 'col_qty_sf', 'col_net', 'col_gross', 'col_cbm']
>>> [36mDEBUG[0m >>> [style_registry.py:135 in _load_row_contexts()] Loaded 3 row contexts: ['header', 'data', 'footer']
>>> [0mINFO[0m >>> StyleRegistry initialized successfully for DataTableBuilder
>>> [36mDEBUG[0m >>> [data_table_builder.py:93 in __init__()] DataTableBuilder initialized with 15 total rows (including any static rows)
>>> [36mDEBUG[0m >>> [layout_builder.py:484 in build()] Calling DataTableBuilder.build()
>>> [36mDEBUG[0m >>> [data_table_builder.py:115 in _update_leather_summary()] Checking row description: 'L LEESWORTH BUFFALO OCEAN U43809'
>>> [36mDEBUG[0m >>> [data_table_builder.py:124 in _update_leather_summary()] Found BUFFALO leather row: L LEESWORTH BUFFALO OCEAN U43809
>>> [36mDEBUG[0m >>> [data_table_builder.py:146 in _update_leather_summary()] Added 140491 to BUFFALO col_item. New total: 140491
>>> [36mDEBUG[0m >>> [data_table_builder.py:146 in _update_leather_summary()] Added 290 to BUFFALO col_qty_pcs. New total: 290
>>> [36mDEBUG[0m >>> [data_table_builder.py:146 in _update_leather_summary()] Added 11036.9 to BUFFALO col_qty_sf. New total: 11036.9
>>> [36mDEBUG[0m >>> [data_table_builder.py:146 in _update_leather_summary()] Added 718.5 to BUFFALO col_net. New total: 718.5
>>> [36mDEBUG[0m >>> [data_table_builder.py:146 in _update_leather_summary()] Added 763.5 to BUFFALO col_gross. New total: 763.5
>>> [36mDEBUG[0m >>> [data_table_builder.py:146 in _update_leather_summary()] Added 2.574 to BUFFALO col_cbm. New total: 2.574
>>> [36mDEBUG[0m >>> [style_registry.py:175 in get_style()] Column 'col_po' style dict: {'format': '@', 'alignment': 'center', 'vertical_alignment': None, 'width': 17, 'wrap_text': True}
>>> [36mDEBUG[0m >>> [style_registry.py:177 in get_style()] After column merge: {'format': '@', 'alignment': 'center', 'width': 17, 'wrap_text': True}
>>> [36mDEBUG[0m >>> [data_table_builder.py:233 in build()] Applied row height 27 to row 23
>>> [36mDEBUG[0m >>> [style_registry.py:175 in get_style()] Column 'col_item' style dict: {'format': '@', 'alignment': 'center', 'vertical_alignment': None, 'width': 22.14, 'wrap_text': True}
>>> [36mDEBUG[0m >>> [style_registry.py:177 in get_style()] After column merge: {'format': '@', 'alignment': 'center', 'width': 22.14, 'wrap_text': True}
>>> [36mDEBUG[0m >>> [style_registry.py:175 in get_style()] Column 'col_desc' style dict: {'format': '@', 'alignment': 'center', 'vertical_alignment': None, 'width': 26, 'wrap_text': True}
>>> [36mDEBUG[0m >>> [style_registry.py:177 in get_style()] After column merge: {'format': '@', 'alignment': 'center', 'width': 26, 'wrap_text': True}
>>> [36mDEBUG[0m >>> [style_registry.py:175 in get_style()] Column 'col_qty_pcs' style dict: {'format': '#,##0', 'alignment': 'center', 'vertical_alignment': None, 'width': 15, 'wrap_text': False}
>>> [36mDEBUG[0m >>> [style_registry.py:177 in get_style()] After column merge: {'format': '#,##0', 'alignment': 'center', 'width': 15, 'wrap_text': False}
>>> [36mDEBUG[0m >>> [style_registry.py:175 in get_style()] Column 'col_qty_sf' style dict: {'format': '#,##0.00', 'alignment': 'center', 'vertical_alignment': None, 'width': 15, 'wrap_text': False}
>>> [36mDEBUG[0m >>> [style_registry.py:177 in get_style()] After column merge: {'format': '#,##0.00', 'alignment': 'center', 'width': 15, 'wrap_text': False}
>>> [36mDEBUG[0m >>> [style_registry.py:175 in get_style()] Column 'col_net' style dict: {'format': '#,##0.00', 'alignment': 'center', 'vertical_alignment': None, 'width': 15, 'wrap_text': False}
>>> [36mDEBUG[0m >>> [style_registry.py:177 in get_style()] After column merge: {'format': '#,##0.00', 'alignment': 'center', 'width': 15, 'wrap_text': False}
>>> [36mDEBUG[0m >>> [style_registry.py:175 in get_style()] Column 'col_gross' style dict: {'format': '#,##0.00', 'alignment': 'center', 'vertical_alignment': None, 'width': 15, 'wrap_text': False}
>>> [36mDEBUG[0m >>> [style_registry.py:177 in get_style()] After column merge: {'format': '#,##0.00', 'alignment': 'center', 'width': 15, 'wrap_text': False}
>>> [36mDEBUG[0m >>> [style_registry.py:175 in get_style()] Column 'col_cbm' style dict: {'format': '0.00', 'alignment': 'center', 'vertical_alignment': None, 'width': 15, 'wrap_text': False}
>>> [36mDEBUG[0m >>> [style_registry.py:177 in get_style()] After column merge: {'format': '0.00', 'alignment': 'center', 'width': 15, 'wrap_text': False}
>>> [36mDEBUG[0m >>> [style_registry.py:175 in get_style()] Column 'col_static' style dict: {'format': '@', 'alignment': 'center', 'vertical_alignment': None, 'width': 24.71, 'wrap_text': True}
>>> [36mDEBUG[0m >>> [style_registry.py:177 in get_style()] After column merge: {'format': '@', 'alignment': 'center', 'width': 24.71, 'wrap_text': True}
>>> [36mDEBUG[0m >>> [data_table_builder.py:115 in _update_leather_summary()] Checking row description: 'L LEESWORTH BUFFALO OCEAN U43809'
>>> [36mDEBUG[0m >>> [data_table_builder.py:124 in _update_leather_summary()] Found BUFFALO leather row: L LEESWORTH BUFFALO OCEAN U43809
>>> [36mDEBUG[0m >>> [data_table_builder.py:146 in _update_leather_summary()] Added 140491 to BUFFALO col_item. New total: 280982
>>> [36mDEBUG[0m >>> [data_table_builder.py:146 in _update_leather_summary()] Added 289 to BUFFALO col_qty_pcs. New total: 579
>>> [36mDEBUG[0m >>> [data_table_builder.py:146 in _update_leather_summary()] Added 11022.9 to BUFFALO col_qty_sf. New total: 22059.8
>>> [36mDEBUG[0m >>> [data_table_builder.py:146 in _update_leather_summary()] Added 726 to BUFFALO col_net. New total: 1444.5
>>> [36mDEBUG[0m >>> [data_table_builder.py:146 in _update_leather_summary()] Added 771 to BUFFALO col_gross. New total: 1534.5
>>> [36mDEBUG[0m >>> [data_table_builder.py:146 in _update_leather_summary()] Added 2.574 to BUFFALO col_cbm. New total: 5.148
>>> [36mDEBUG[0m >>> [style_registry.py:175 in get_style()] Column 'col_po' style dict: {'format': '@', 'alignment': 'center', 'vertical_alignment': None, 'width': 17, 'wrap_text': True}
>>> [36mDEBUG[0m >>> [style_registry.py:177 in get_style()] After column merge: {'format': '@', 'alignment': 'center', 'width': 17, 'wrap_text': True}
>>> [36mDEBUG[0m >>> [data_table_builder.py:233 in build()] Applied row height 27 to row 24
>>> [36mDEBUG[0m >>> [style_registry.py:175 in get_style()] Column 'col_item' style dict: {'format': '@', 'alignment': 'center', 'vertical_alignment': None, 'width': 22.14, 'wrap_text': True}
>>> [36mDEBUG[0m >>> [style_registry.py:177 in get_style()] After column merge: {'format': '@', 'alignment': 'center', 'width': 22.14, 'wrap_text': True}
>>> [36mDEBUG[0m >>> [style_registry.py:175 in get_style()] Column 'col_desc' style dict: {'format': '@', 'alignment': 'center', 'vertical_alignment': None, 'width': 26, 'wrap_text': True}
>>> [36mDEBUG[0m >>> [style_registry.py:177 in get_style()] After column merge: {'format': '@', 'alignment': 'center', 'width': 26, 'wrap_text': True}
>>> [36mDEBUG[0m >>> [style_registry.py:175 in get_style()] Column 'col_qty_pcs' style dict: {'format': '#,##0', 'alignment': 'center', 'vertical_alignment': None, 'width': 15, 'wrap_text': False}
>>> [36mDEBUG[0m >>> [style_registry.py:177 in get_style()] After column merge: {'format': '#,##0', 'alignment': 'center', 'width': 15, 'wrap_text': False}
>>> [36mDEBUG[0m >>> [style_registry.py:175 in get_style()] Column 'col_qty_sf' style dict: {'format': '#,##0.00', 'alignment': 'center', 'vertical_alignment': None, 'width': 15, 'wrap_text': False}
>>> [36mDEBUG[0m >>> [style_registry.py:177 in get_style()] After column merge: {'format': '#,##0.00', 'alignment': 'center', 'width': 15, 'wrap_text': False}
>>> [36mDEBUG[0m >>> [style_registry.py:175 in get_style()] Column 'col_net' style dict: {'format': '#,##0.00', 'alignment': 'center', 'vertical_alignment': None, 'width': 15, 'wrap_text': False}
>>> [36mDEBUG[0m >>> [style_registry.py:177 in get_style()] After column merge: {'format': '#,##0.00', 'alignment': 'center', 'width': 15, 'wrap_text': False}
>>> [36mDEBUG[0m >>> [style_registry.py:175 in get_style()] Column 'col_gross' style dict: {'format': '#,##0.00', 'alignment': 'center', 'vertical_alignment': None, 'width': 15, 'wrap_text': False}
>>> [36mDEBUG[0m >>> [style_registry.py:177 in get_style()] After column merge: {'format': '#,##0.00', 'alignment': 'center', 'width': 15, 'wrap_text': False}
>>> [36mDEBUG[0m >>> [style_registry.py:175 in get_style()] Column 'col_cbm' style dict: {'format': '0.00', 'alignment': 'center', 'vertical_alignment': None, 'width': 15, 'wrap_text': False}
>>> [36mDEBUG[0m >>> [style_registry.py:177 in get_style()] After column merge: {'format': '0.00', 'alignment': 'center', 'width': 15, 'wrap_text': False}
>>> [36mDEBUG[0m >>> [style_registry.py:175 in get_style()] Column 'col_static' style dict: {'format': '@', 'alignment': 'center', 'vertical_alignment': None, 'width': 24.71, 'wrap_text': True}
>>> [36mDEBUG[0m >>> [style_registry.py:177 in get_style()] After column merge: {'format': '@', 'alignment': 'center', 'width': 24.71, 'wrap_text': True}
>>> [36mDEBUG[0m >>> [data_table_builder.py:115 in _update_leather_summary()] Checking row description: 'L LEESWORTH BUFFALO OCEAN U43809'
>>> [36mDEBUG[0m >>> [data_table_builder.py:124 in _update_leather_summary()] Found BUFFALO leather row: L LEESWORTH BUFFALO OCEAN U43809
>>> [36mDEBUG[0m >>> [data_table_builder.py:146 in _update_leather_summary()] Added 140491 to BUFFALO col_item. New total: 421473
>>> [36mDEBUG[0m >>> [data_table_builder.py:146 in _update_leather_summary()] Added 277 to BUFFALO col_qty_pcs. New total: 856
>>> [36mDEBUG[0m >>> [data_table_builder.py:146 in _update_leather_summary()] Added 10326.1 to BUFFALO col_qty_sf. New total: 32385.9
>>> [36mDEBUG[0m >>> [data_table_builder.py:146 in _update_leather_summary()] Added 680.5 to BUFFALO col_net. New total: 2125.0
>>> [36mDEBUG[0m >>> [data_table_builder.py:146 in _update_leather_summary()] Added 725.5 to BUFFALO col_gross. New total: 2260.0
>>> [36mDEBUG[0m >>> [data_table_builder.py:146 in _update_leather_summary()] Added 2.574 to BUFFALO col_cbm. New total: 7.7219999999999995
>>> [36mDEBUG[0m >>> [style_registry.py:175 in get_style()] Column 'col_po' style dict: {'format': '@', 'alignment': 'center', 'vertical_alignment': None, 'width': 17, 'wrap_text': True}
>>> [36mDEBUG[0m >>> [style_registry.py:177 in get_style()] After column merge: {'format': '@', 'alignment': 'center', 'width': 17, 'wrap_text': True}
>>> [36mDEBUG[0m >>> [data_table_builder.py:233 in build()] Applied row height 27 to row 25
>>> [36mDEBUG[0m >>> [style_registry.py:175 in get_style()] Column 'col_item' style dict: {'format': '@', 'alignment': 'center', 'vertical_alignment': None, 'width': 22.14, 'wrap_text': True}
>>> [36mDEBUG[0m >>> [style_registry.py:177 in get_style()] After column merge: {'format': '@', 'alignment': 'center', 'width': 22.14, 'wrap_text': True}
>>> [36mDEBUG[0m >>> [style_registry.py:175 in get_style()] Column 'col_desc' style dict: {'format': '@', 'alignment': 'center', 'vertical_alignment': None, 'width': 26, 'wrap_text': True}
>>> [36mDEBUG[0m >>> [style_registry.py:177 in get_style()] After column merge: {'format': '@', 'alignment': 'center', 'width': 26, 'wrap_text': True}
>>> [36mDEBUG[0m >>> [style_registry.py:175 in get_style()] Column 'col_qty_pcs' style dict: {'format': '#,##0', 'alignment': 'center', 'vertical_alignment': None, 'width': 15, 'wrap_text': False}
>>> [36mDEBUG[0m >>> [style_registry.py:177 in get_style()] After column merge: {'format': '#,##0', 'alignment': 'center', 'width': 15, 'wrap_text': False}
>>> [36mDEBUG[0m >>> [style_registry.py:175 in get_style()] Column 'col_qty_sf' style dict: {'format': '#,##0.00', 'alignment': 'center', 'vertical_alignment': None, 'width': 15, 'wrap_text': False}
>>> [36mDEBUG[0m >>> [style_registry.py:177 in get_style()] After column merge: {'format': '#,##0.00', 'alignment': 'center', 'width': 15, 'wrap_text': False}
>>> [36mDEBUG[0m >>> [style_registry.py:175 in get_style()] Column 'col_net' style dict: {'format': '#,##0.00', 'alignment': 'center', 'vertical_alignment': None, 'width': 15, 'wrap_text': False}
>>> [36mDEBUG[0m >>> [style_registry.py:177 in get_style()] After column merge: {'format': '#,##0.00', 'alignment': 'center', 'width': 15, 'wrap_text': False}
>>> [36mDEBUG[0m >>> [style_registry.py:175 in get_style()] Column 'col_gross' style dict: {'format': '#,##0.00', 'alignment': 'center', 'vertical_alignment': None, 'width': 15, 'wrap_text': False}
>>> [36mDEBUG[0m >>> [style_registry.py:177 in get_style()] After column merge: {'format': '#,##0.00', 'alignment': 'center', 'width': 15, 'wrap_text': False}
>>> [36mDEBUG[0m >>> [style_registry.py:175 in get_style()] Column 'col_cbm' style dict: {'format': '0.00', 'alignment': 'center', 'vertical_alignment': None, 'width': 15, 'wrap_text': False}
>>> [36mDEBUG[0m >>> [style_registry.py:177 in get_style()] After column merge: {'format': '0.00', 'alignment': 'center', 'width': 15, 'wrap_text': False}
>>> [36mDEBUG[0m >>> [style_registry.py:175 in get_style()] Column 'col_static' style dict: {'format': '@', 'alignment': 'center', 'vertical_alignment': None, 'width': 24.71, 'wrap_text': True}
>>> [36mDEBUG[0m >>> [style_registry.py:177 in get_style()] After column merge: {'format': '@', 'alignment': 'center', 'width': 24.71, 'wrap_text': True}
>>> [36mDEBUG[0m >>> [data_table_builder.py:115 in _update_leather_summary()] Checking row description: 'L LEESWORTH BUFFALO OCEAN U43809'
>>> [36mDEBUG[0m >>> [data_table_builder.py:124 in _update_leather_summary()] Found BUFFALO leather row: L LEESWORTH BUFFALO OCEAN U43809
>>> [36mDEBUG[0m >>> [data_table_builder.py:146 in _update_leather_summary()] Added 140491 to BUFFALO col_item. New total: 561964
>>> [36mDEBUG[0m >>> [data_table_builder.py:146 in _update_leather_summary()] Added 145 to BUFFALO col_qty_pcs. New total: 1001
>>> [36mDEBUG[0m >>> [data_table_builder.py:146 in _update_leather_summary()] Added 5335.1 to BUFFALO col_qty_sf. New total: 37721.0
>>> [36mDEBUG[0m >>> [data_table_builder.py:146 in _update_leather_summary()] Added 344.6279 to BUFFALO col_net. New total: 2469.6279
>>> [36mDEBUG[0m >>> [data_table_builder.py:146 in _update_leather_summary()] Added 374.9767 to BUFFALO col_gross. New total: 2634.9767
>>> [36mDEBUG[0m >>> [data_table_builder.py:146 in _update_leather_summary()] Added 1.3888 to BUFFALO col_cbm. New total: 9.1108
>>> [36mDEBUG[0m >>> [style_registry.py:175 in get_style()] Column 'col_po' style dict: {'format': '@', 'alignment': 'center', 'vertical_alignment': None, 'width': 17, 'wrap_text': True}
>>> [36mDEBUG[0m >>> [style_registry.py:177 in get_style()] After column merge: {'format': '@', 'alignment': 'center', 'width': 17, 'wrap_text': True}
>>> [36mDEBUG[0m >>> [data_table_builder.py:233 in build()] Applied row height 27 to row 26
>>> [36mDEBUG[0m >>> [style_registry.py:175 in get_style()] Column 'col_item' style dict: {'format': '@', 'alignment': 'center', 'vertical_alignment': None, 'width': 22.14, 'wrap_text': True}
>>> [36mDEBUG[0m >>> [style_registry.py:177 in get_style()] After column merge: {'format': '@', 'alignment': 'center', 'width': 22.14, 'wrap_text': True}
>>> [36mDEBUG[0m >>> [style_registry.py:175 in get_style()] Column 'col_desc' style dict: {'format': '@', 'alignment': 'center', 'vertical_alignment': None, 'width': 26, 'wrap_text': True}
>>> [36mDEBUG[0m >>> [style_registry.py:177 in get_style()] After column merge: {'format': '@', 'alignment': 'center', 'width': 26, 'wrap_text': True}
>>> [36mDEBUG[0m >>> [style_registry.py:175 in get_style()] Column 'col_qty_pcs' style dict: {'format': '#,##0', 'alignment': 'center', 'vertical_alignment': None, 'width': 15, 'wrap_text': False}
>>> [36mDEBUG[0m >>> [style_registry.py:177 in get_style()] After column merge: {'format': '#,##0', 'alignment': 'center', 'width': 15, 'wrap_text': False}
>>> [36mDEBUG[0m >>> [style_registry.py:175 in get_style()] Column 'col_qty_sf' style dict: {'format': '#,##0.00', 'alignment': 'center', 'vertical_alignment': None, 'width': 15, 'wrap_text': False}
>>> [36mDEBUG[0m >>> [style_registry.py:177 in get_style()] After column merge: {'format': '#,##0.00', 'alignment': 'center', 'width': 15, 'wrap_text': False}
>>> [36mDEBUG[0m >>> [style_registry.py:175 in get_style()] Column 'col_net' style dict: {'format': '#,##0.00', 'alignment': 'center', 'vertical_alignment': None, 'width': 15, 'wrap_text': False}
>>> [36mDEBUG[0m >>> [style_registry.py:177 in get_style()] After column merge: {'format': '#,##0.00', 'alignment': 'center', 'width': 15, 'wrap_text': False}
>>> [36mDEBUG[0m >>> [style_registry.py:175 in get_style()] Column 'col_gross' style dict: {'format': '#,##0.00', 'alignment': 'center', 'vertical_alignment': None, 'width': 15, 'wrap_text': False}
>>> [36mDEBUG[0m >>> [style_registry.py:177 in get_style()] After column merge: {'format': '#,##0.00', 'alignment': 'center', 'width': 15, 'wrap_text': False}
>>> [36mDEBUG[0m >>> [style_registry.py:175 in get_style()] Column 'col_cbm' style dict: {'format': '0.00', 'alignment': 'center', 'vertical_alignment': None, 'width': 15, 'wrap_text': False}
>>> [36mDEBUG[0m >>> [style_registry.py:177 in get_style()] After column merge: {'format': '0.00', 'alignment': 'center', 'width': 15, 'wrap_text': False}
>>> [36mDEBUG[0m >>> [style_registry.py:175 in get_style()] Column 'col_static' style dict: {'format': '@', 'alignment': 'center', 'vertical_alignment': None, 'width': 24.71, 'wrap_text': True}
>>> [36mDEBUG[0m >>> [style_registry.py:177 in get_style()] After column merge: {'format': '@', 'alignment': 'center', 'width': 24.71, 'wrap_text': True}
>>> [36mDEBUG[0m >>> [data_table_builder.py:115 in _update_leather_summary()] Checking row description: 'L LEESWORTH BUFFALO OCEAN U43809'
>>> [36mDEBUG[0m >>> [data_table_builder.py:124 in _update_leather_summary()] Found BUFFALO leather row: L LEESWORTH BUFFALO OCEAN U43809
>>> [36mDEBUG[0m >>> [data_table_builder.py:146 in _update_leather_summary()] Added 140491 to BUFFALO col_item. New total: 702455
>>> [36mDEBUG[0m >>> [data_table_builder.py:146 in _update_leather_summary()] Added 70 to BUFFALO col_qty_pcs. New total: 1071
>>> [36mDEBUG[0m >>> [data_table_builder.py:146 in _update_leather_summary()] Added 2421.4 to BUFFALO col_qty_sf. New total: 40142.4
>>> [36mDEBUG[0m >>> [data_table_builder.py:146 in _update_leather_summary()] Added 166.3721 to BUFFALO col_net. New total: 2636.0
>>> [36mDEBUG[0m >>> [data_table_builder.py:146 in _update_leather_summary()] Added 181.0233 to BUFFALO col_gross. New total: 2816.0
>>> [36mDEBUG[0m >>> [data_table_builder.py:146 in _update_leather_summary()] Added 0.6704 to BUFFALO col_cbm. New total: 9.7812
>>> [36mDEBUG[0m >>> [style_registry.py:175 in get_style()] Column 'col_po' style dict: {'format': '@', 'alignment': 'center', 'vertical_alignment': None, 'width': 17, 'wrap_text': True}
>>> [36mDEBUG[0m >>> [style_registry.py:177 in get_style()] After column merge: {'format': '@', 'alignment': 'center', 'width': 17, 'wrap_text': True}
>>> [36mDEBUG[0m >>> [data_table_builder.py:233 in build()] Applied row height 27 to row 27
>>> [36mDEBUG[0m >>> [style_registry.py:175 in get_style()] Column 'col_item' style dict: {'format': '@', 'alignment': 'center', 'vertical_alignment': None, 'width': 22.14, 'wrap_text': True}
>>> [36mDEBUG[0m >>> [style_registry.py:177 in get_style()] After column merge: {'format': '@', 'alignment': 'center', 'width': 22.14, 'wrap_text': True}
>>> [36mDEBUG[0m >>> [style_registry.py:175 in get_style()] Column 'col_desc' style dict: {'format': '@', 'alignment': 'center', 'vertical_alignment': None, 'width': 26, 'wrap_text': True}
>>> [36mDEBUG[0m >>> [style_registry.py:177 in get_style()] After column merge: {'format': '@', 'alignment': 'center', 'width': 26, 'wrap_text': True}
>>> [36mDEBUG[0m >>> [style_registry.py:175 in get_style()] Column 'col_qty_pcs' style dict: {'format': '#,##0', 'alignment': 'center', 'vertical_alignment': None, 'width': 15, 'wrap_text': False}
>>> [36mDEBUG[0m >>> [style_registry.py:177 in get_style()] After column merge: {'format': '#,##0', 'alignment': 'center', 'width': 15, 'wrap_text': False}
>>> [36mDEBUG[0m >>> [style_registry.py:175 in get_style()] Column 'col_qty_sf' style dict: {'format': '#,##0.00', 'alignment': 'center', 'vertical_alignment': None, 'width': 15, 'wrap_text': False}
>>> [36mDEBUG[0m >>> [style_registry.py:177 in get_style()] After column merge: {'format': '#,##0.00', 'alignment': 'center', 'width': 15, 'wrap_text': False}
>>> [36mDEBUG[0m >>> [style_registry.py:175 in get_style()] Column 'col_net' style dict: {'format': '#,##0.00', 'alignment': 'center', 'vertical_alignment': None, 'width': 15, 'wrap_text': False}
>>> [36mDEBUG[0m >>> [style_registry.py:177 in get_style()] After column merge: {'format': '#,##0.00', 'alignment': 'center', 'width': 15, 'wrap_text': False}
>>> [36mDEBUG[0m >>> [style_registry.py:175 in get_style()] Column 'col_gross' style dict: {'format': '#,##0.00', 'alignment': 'center', 'vertical_alignment': None, 'width': 15, 'wrap_text': False}
>>> [36mDEBUG[0m >>> [style_registry.py:177 in get_style()] After column merge: {'format': '#,##0.00', 'alignment': 'center', 'width': 15, 'wrap_text': False}
>>> [36mDEBUG[0m >>> [style_registry.py:175 in get_style()] Column 'col_cbm' style dict: {'format': '0.00', 'alignment': 'center', 'vertical_alignment': None, 'width': 15, 'wrap_text': False}
>>> [36mDEBUG[0m >>> [style_registry.py:177 in get_style()] After column merge: {'format': '0.00', 'alignment': 'center', 'width': 15, 'wrap_text': False}
>>> [36mDEBUG[0m >>> [data_table_builder.py:115 in _update_leather_summary()] Checking row description: 'L LEESWORTH BUFFALO OCEAN U43809'
>>> [36mDEBUG[0m >>> [data_table_builder.py:124 in _update_leather_summary()] Found BUFFALO leather row: L LEESWORTH BUFFALO OCEAN U43809
>>> [36mDEBUG[0m >>> [data_table_builder.py:146 in _update_leather_summary()] Added 140491 to BUFFALO col_item. New total: 842946
>>> [36mDEBUG[0m >>> [data_table_builder.py:146 in _update_leather_summary()] Added 270 to BUFFALO col_qty_pcs. New total: 1341
>>> [36mDEBUG[0m >>> [data_table_builder.py:146 in _update_leather_summary()] Added 10179.4 to BUFFALO col_qty_sf. New total: 50321.8
>>> [36mDEBUG[0m >>> [data_table_builder.py:146 in _update_leather_summary()] Added 668.5 to BUFFALO col_net. New total: 3304.5
>>> [36mDEBUG[0m >>> [data_table_builder.py:146 in _update_leather_summary()] Added 713.5 to BUFFALO col_gross. New total: 3529.5
>>> [36mDEBUG[0m >>> [data_table_builder.py:146 in _update_leather_summary()] Added 2.4948 to BUFFALO col_cbm. New total: 12.276
>>> [36mDEBUG[0m >>> [style_registry.py:175 in get_style()] Column 'col_po' style dict: {'format': '@', 'alignment': 'center', 'vertical_alignment': None, 'width': 17, 'wrap_text': True}
>>> [36mDEBUG[0m >>> [style_registry.py:177 in get_style()] After column merge: {'format': '@', 'alignment': 'center', 'width': 17, 'wrap_text': True}
>>> [36mDEBUG[0m >>> [data_table_builder.py:233 in build()] Applied row height 27 to row 28
>>> [36mDEBUG[0m >>> [style_registry.py:175 in get_style()] Column 'col_item' style dict: {'format': '@', 'alignment': 'center', 'vertical_alignment': None, 'width': 22.14, 'wrap_text': True}
>>> [36mDEBUG[0m >>> [style_registry.py:177 in get_style()] After column merge: {'format': '@', 'alignment': 'center', 'width': 22.14, 'wrap_text': True}
>>> [36mDEBUG[0m >>> [style_registry.py:175 in get_style()] Column 'col_desc' style dict: {'format': '@', 'alignment': 'center', 'vertical_alignment': None, 'width': 26, 'wrap_text': True}
>>> [36mDEBUG[0m >>> [style_registry.py:177 in get_style()] After column merge: {'format': '@', 'alignment': 'center', 'width': 26, 'wrap_text': True}
>>> [36mDEBUG[0m >>> [style_registry.py:175 in get_style()] Column 'col_qty_pcs' style dict: {'format': '#,##0', 'alignment': 'center', 'vertical_alignment': None, 'width': 15, 'wrap_text': False}
>>> [36mDEBUG[0m >>> [style_registry.py:177 in get_style()] After column merge: {'format': '#,##0', 'alignment': 'center', 'width': 15, 'wrap_text': False}
>>> [36mDEBUG[0m >>> [style_registry.py:175 in get_style()] Column 'col_qty_sf' style dict: {'format': '#,##0.00', 'alignment': 'center', 'vertical_alignment': None, 'width': 15, 'wrap_text': False}
>>> [36mDEBUG[0m >>> [style_registry.py:177 in get_style()] After column merge: {'format': '#,##0.00', 'alignment': 'center', 'width': 15, 'wrap_text': False}
>>> [36mDEBUG[0m >>> [style_registry.py:175 in get_style()] Column 'col_net' style dict: {'format': '#,##0.00', 'alignment': 'center', 'vertical_alignment': None, 'width': 15, 'wrap_text': False}
>>> [36mDEBUG[0m >>> [style_registry.py:177 in get_style()] After column merge: {'format': '#,##0.00', 'alignment': 'center', 'width': 15, 'wrap_text': False}
>>> [36mDEBUG[0m >>> [style_registry.py:175 in get_style()] Column 'col_gross' style dict: {'format': '#,##0.00', 'alignment': 'center', 'vertical_alignment': None, 'width': 15, 'wrap_text': False}
>>> [36mDEBUG[0m >>> [style_registry.py:177 in get_style()] After column merge: {'format': '#,##0.00', 'alignment': 'center', 'width': 15, 'wrap_text': False}
>>> [36mDEBUG[0m >>> [style_registry.py:175 in get_style()] Column 'col_cbm' style dict: {'format': '0.00', 'alignment': 'center', 'vertical_alignment': None, 'width': 15, 'wrap_text': False}
>>> [36mDEBUG[0m >>> [style_registry.py:177 in get_style()] After column merge: {'format': '0.00', 'alignment': 'center', 'width': 15, 'wrap_text': False}
>>> [36mDEBUG[0m >>> [data_table_builder.py:115 in _update_leather_summary()] Checking row description: 'L LEESWORTH BUFFALO OCEAN U43809'
>>> [36mDEBUG[0m >>> [data_table_builder.py:124 in _update_leather_summary()] Found BUFFALO leather row: L LEESWORTH BUFFALO OCEAN U43809
>>> [36mDEBUG[0m >>> [data_table_builder.py:146 in _update_leather_summary()] Added 140491 to BUFFALO col_item. New total: 983437
>>> [36mDEBUG[0m >>> [data_table_builder.py:146 in _update_leather_summary()] Added 140 to BUFFALO col_qty_pcs. New total: 1481
>>> [36mDEBUG[0m >>> [data_table_builder.py:146 in _update_leather_summary()] Added 5360.4 to BUFFALO col_qty_sf. New total: 55682.200000000004
>>> [36mDEBUG[0m >>> [data_table_builder.py:146 in _update_leather_summary()] Added 351 to BUFFALO col_net. New total: 3655.5
>>> [36mDEBUG[0m >>> [data_table_builder.py:146 in _update_leather_summary()] Added 396 to BUFFALO col_gross. New total: 3925.5
>>> [36mDEBUG[0m >>> [data_table_builder.py:146 in _update_leather_summary()] Added 1.7424 to BUFFALO col_cbm. New total: 14.0184
>>> [36mDEBUG[0m >>> [style_registry.py:175 in get_style()] Column 'col_po' style dict: {'format': '@', 'alignment': 'center', 'vertical_alignment': None, 'width': 17, 'wrap_text': True}
>>> [36mDEBUG[0m >>> [style_registry.py:177 in get_style()] After column merge: {'format': '@', 'alignment': 'center', 'width': 17, 'wrap_text': True}
>>> [36mDEBUG[0m >>> [data_table_builder.py:233 in build()] Applied row height 27 to row 29
>>> [36mDEBUG[0m >>> [style_registry.py:175 in get_style()] Column 'col_item' style dict: {'format': '@', 'alignment': 'center', 'vertical_alignment': None, 'width': 22.14, 'wrap_text': True}
>>> [36mDEBUG[0m >>> [style_registry.py:177 in get_style()] After column merge: {'format': '@', 'alignment': 'center', 'width': 22.14, 'wrap_text': True}
>>> [36mDEBUG[0m >>> [style_registry.py:175 in get_style()] Column 'col_desc' style dict: {'format': '@', 'alignment': 'center', 'vertical_alignment': None, 'width': 26, 'wrap_text': True}
>>> [36mDEBUG[0m >>> [style_registry.py:177 in get_style()] After column merge: {'format': '@', 'alignment': 'center', 'width': 26, 'wrap_text': True}
>>> [36mDEBUG[0m >>> [style_registry.py:175 in get_style()] Column 'col_qty_pcs' style dict: {'format': '#,##0', 'alignment': 'center', 'vertical_alignment': None, 'width': 15, 'wrap_text': False}
>>> [36mDEBUG[0m >>> [style_registry.py:177 in get_style()] After column merge: {'format': '#,##0', 'alignment': 'center', 'width': 15, 'wrap_text': False}
>>> [36mDEBUG[0m >>> [style_registry.py:175 in get_style()] Column 'col_qty_sf' style dict: {'format': '#,##0.00', 'alignment': 'center', 'vertical_alignment': None, 'width': 15, 'wrap_text': False}
>>> [36mDEBUG[0m >>> [style_registry.py:177 in get_style()] After column merge: {'format': '#,##0.00', 'alignment': 'center', 'width': 15, 'wrap_text': False}
>>> [36mDEBUG[0m >>> [style_registry.py:175 in get_style()] Column 'col_net' style dict: {'format': '#,##0.00', 'alignment': 'center', 'vertical_alignment': None, 'width': 15, 'wrap_text': False}
>>> [36mDEBUG[0m >>> [style_registry.py:177 in get_style()] After column merge: {'format': '#,##0.00', 'alignment': 'center', 'width': 15, 'wrap_text': False}
>>> [36mDEBUG[0m >>> [style_registry.py:175 in get_style()] Column 'col_gross' style dict: {'format': '#,##0.00', 'alignment': 'center', 'vertical_alignment': None, 'width': 15, 'wrap_text': False}
>>> [36mDEBUG[0m >>> [style_registry.py:177 in get_style()] After column merge: {'format': '#,##0.00', 'alignment': 'center', 'width': 15, 'wrap_text': False}
>>> [36mDEBUG[0m >>> [style_registry.py:175 in get_style()] Column 'col_cbm' style dict: {'format': '0.00', 'alignment': 'center', 'vertical_alignment': None, 'width': 15, 'wrap_text': False}
>>> [36mDEBUG[0m >>> [style_registry.py:177 in get_style()] After column merge: {'format': '0.00', 'alignment': 'center', 'width': 15, 'wrap_text': False}
>>> [36mDEBUG[0m >>> [data_table_builder.py:115 in _update_leather_summary()] Checking row description: 'L MINDANAO BUFFALO COCONUT'
>>> [36mDEBUG[0m >>> [data_table_builder.py:124 in _update_leather_summary()] Found BUFFALO leather row: L MINDANAO BUFFALO COCONUT
>>> [36mDEBUG[0m >>> [data_table_builder.py:146 in _update_leather_summary()] Added 140488 to BUFFALO col_item. New total: 1123925
>>> [36mDEBUG[0m >>> [data_table_builder.py:146 in _update_leather_summary()] Added 171 to BUFFALO col_qty_pcs. New total: 1652
>>> [36mDEBUG[0m >>> [data_table_builder.py:146 in _update_leather_summary()] Added 6406.3 to BUFFALO col_qty_sf. New total: 62088.50000000001
>>> [36mDEBUG[0m >>> [data_table_builder.py:146 in _update_leather_summary()] Added 409.7081 to BUFFALO col_net. New total: 4065.2081
>>> [36mDEBUG[0m >>> [data_table_builder.py:146 in _update_leather_summary()] Added 454.1879 to BUFFALO col_gross. New total: 4379.6879
>>> [36mDEBUG[0m >>> [data_table_builder.py:146 in _update_leather_summary()] Added 1.8788 to BUFFALO col_cbm. New total: 15.8972
>>> [36mDEBUG[0m >>> [style_registry.py:175 in get_style()] Column 'col_po' style dict: {'format': '@', 'alignment': 'center', 'vertical_alignment': None, 'width': 17, 'wrap_text': True}
>>> [36mDEBUG[0m >>> [style_registry.py:177 in get_style()] After column merge: {'format': '@', 'alignment': 'center', 'width': 17, 'wrap_text': True}
>>> [36mDEBUG[0m >>> [data_table_builder.py:233 in build()] Applied row height 27 to row 30
>>> [36mDEBUG[0m >>> [style_registry.py:175 in get_style()] Column 'col_item' style dict: {'format': '@', 'alignment': 'center', 'vertical_alignment': None, 'width': 22.14, 'wrap_text': True}
>>> [36mDEBUG[0m >>> [style_registry.py:177 in get_style()] After column merge: {'format': '@', 'alignment': 'center', 'width': 22.14, 'wrap_text': True}
>>> [36mDEBUG[0m >>> [style_registry.py:175 in get_style()] Column 'col_desc' style dict: {'format': '@', 'alignment': 'center', 'vertical_alignment': None, 'width': 26, 'wrap_text': True}
>>> [36mDEBUG[0m >>> [style_registry.py:177 in get_style()] After column merge: {'format': '@', 'alignment': 'center', 'width': 26, 'wrap_text': True}
>>> [36mDEBUG[0m >>> [style_registry.py:175 in get_style()] Column 'col_qty_pcs' style dict: {'format': '#,##0', 'alignment': 'center', 'vertical_alignment': None, 'width': 15, 'wrap_text': False}
>>> [36mDEBUG[0m >>> [style_registry.py:177 in get_style()] After column merge: {'format': '#,##0', 'alignment': 'center', 'width': 15, 'wrap_text': False}
>>> [36mDEBUG[0m >>> [style_registry.py:175 in get_style()] Column 'col_qty_sf' style dict: {'format': '#,##0.00', 'alignment': 'center', 'vertical_alignment': None, 'width': 15, 'wrap_text': False}
>>> [36mDEBUG[0m >>> [style_registry.py:177 in get_style()] After column merge: {'format': '#,##0.00', 'alignment': 'center', 'width': 15, 'wrap_text': False}
>>> [36mDEBUG[0m >>> [style_registry.py:175 in get_style()] Column 'col_net' style dict: {'format': '#,##0.00', 'alignment': 'center', 'vertical_alignment': None, 'width': 15, 'wrap_text': False}
>>> [36mDEBUG[0m >>> [style_registry.py:177 in get_style()] After column merge: {'format': '#,##0.00', 'alignment': 'center', 'width': 15, 'wrap_text': False}
>>> [36mDEBUG[0m >>> [style_registry.py:175 in get_style()] Column 'col_gross' style dict: {'format': '#,##0.00', 'alignment': 'center', 'vertical_alignment': None, 'width': 15, 'wrap_text': False}
>>> [36mDEBUG[0m >>> [style_registry.py:177 in get_style()] After column merge: {'format': '#,##0.00', 'alignment': 'center', 'width': 15, 'wrap_text': False}
>>> [36mDEBUG[0m >>> [style_registry.py:175 in get_style()] Column 'col_cbm' style dict: {'format': '0.00', 'alignment': 'center', 'vertical_alignment': None, 'width': 15, 'wrap_text': False}
>>> [36mDEBUG[0m >>> [style_registry.py:177 in get_style()] After column merge: {'format': '0.00', 'alignment': 'center', 'width': 15, 'wrap_text': False}
>>> [36mDEBUG[0m >>> [data_table_builder.py:115 in _update_leather_summary()] Checking row description: 'L MINDANAO BUFFALO COCONUT'
>>> [36mDEBUG[0m >>> [data_table_builder.py:124 in _update_leather_summary()] Found BUFFALO leather row: L MINDANAO BUFFALO COCONUT
>>> [36mDEBUG[0m >>> [data_table_builder.py:146 in _update_leather_summary()] Added 140488 to BUFFALO col_item. New total: 1264413
>>> [36mDEBUG[0m >>> [data_table_builder.py:146 in _update_leather_summary()] Added 2 to BUFFALO col_qty_pcs. New total: 1654
>>> [36mDEBUG[0m >>> [data_table_builder.py:146 in _update_leather_summary()] Added 44.4 to BUFFALO col_qty_sf. New total: 62132.90000000001
>>> [36mDEBUG[0m >>> [data_table_builder.py:146 in _update_leather_summary()] Added 4.7919 to BUFFALO col_net. New total: 4070.0
>>> [36mDEBUG[0m >>> [data_table_builder.py:146 in _update_leather_summary()] Added 5.3121 to BUFFALO col_gross. New total: 4385.0
>>> [36mDEBUG[0m >>> [data_table_builder.py:146 in _update_leather_summary()] Added 0.022 to BUFFALO col_cbm. New total: 15.9192
>>> [36mDEBUG[0m >>> [style_registry.py:175 in get_style()] Column 'col_po' style dict: {'format': '@', 'alignment': 'center', 'vertical_alignment': None, 'width': 17, 'wrap_text': True}
>>> [36mDEBUG[0m >>> [style_registry.py:177 in get_style()] After column merge: {'format': '@', 'alignment': 'center', 'width': 17, 'wrap_text': True}
>>> [36mDEBUG[0m >>> [data_table_builder.py:233 in build()] Applied row height 27 to row 31
>>> [36mDEBUG[0m >>> [style_registry.py:175 in get_style()] Column 'col_item' style dict: {'format': '@', 'alignment': 'center', 'vertical_alignment': None, 'width': 22.14, 'wrap_text': True}
>>> [36mDEBUG[0m >>> [style_registry.py:177 in get_style()] After column merge: {'format': '@', 'alignment': 'center', 'width': 22.14, 'wrap_text': True}
>>> [36mDEBUG[0m >>> [style_registry.py:175 in get_style()] Column 'col_desc' style dict: {'format': '@', 'alignment': 'center', 'vertical_alignment': None, 'width': 26, 'wrap_text': True}
>>> [36mDEBUG[0m >>> [style_registry.py:177 in get_style()] After column merge: {'format': '@', 'alignment': 'center', 'width': 26, 'wrap_text': True}
>>> [36mDEBUG[0m >>> [style_registry.py:175 in get_style()] Column 'col_qty_pcs' style dict: {'format': '#,##0', 'alignment': 'center', 'vertical_alignment': None, 'width': 15, 'wrap_text': False}
>>> [36mDEBUG[0m >>> [style_registry.py:177 in get_style()] After column merge: {'format': '#,##0', 'alignment': 'center', 'width': 15, 'wrap_text': False}
>>> [36mDEBUG[0m >>> [style_registry.py:175 in get_style()] Column 'col_qty_sf' style dict: {'format': '#,##0.00', 'alignment': 'center', 'vertical_alignment': None, 'width': 15, 'wrap_text': False}
>>> [36mDEBUG[0m >>> [style_registry.py:177 in get_style()] After column merge: {'format': '#,##0.00', 'alignment': 'center', 'width': 15, 'wrap_text': False}
>>> [36mDEBUG[0m >>> [style_registry.py:175 in get_style()] Column 'col_net' style dict: {'format': '#,##0.00', 'alignment': 'center', 'vertical_alignment': None, 'width': 15, 'wrap_text': False}
>>> [36mDEBUG[0m >>> [style_registry.py:177 in get_style()] After column merge: {'format': '#,##0.00', 'alignment': 'center', 'width': 15, 'wrap_text': False}
>>> [36mDEBUG[0m >>> [style_registry.py:175 in get_style()] Column 'col_gross' style dict: {'format': '#,##0.00', 'alignment': 'center', 'vertical_alignment': None, 'width': 15, 'wrap_text': False}
>>> [36mDEBUG[0m >>> [style_registry.py:177 in get_style()] After column merge: {'format': '#,##0.00', 'alignment': 'center', 'width': 15, 'wrap_text': False}
>>> [36mDEBUG[0m >>> [style_registry.py:175 in get_style()] Column 'col_cbm' style dict: {'format': '0.00', 'alignment': 'center', 'vertical_alignment': None, 'width': 15, 'wrap_text': False}
>>> [36mDEBUG[0m >>> [style_registry.py:177 in get_style()] After column merge: {'format': '0.00', 'alignment': 'center', 'width': 15, 'wrap_text': False}
>>> [36mDEBUG[0m >>> [data_table_builder.py:115 in _update_leather_summary()] Checking row description: 'L MINDANAO BUFFALO COCONUT'
>>> [36mDEBUG[0m >>> [data_table_builder.py:124 in _update_leather_summary()] Found BUFFALO leather row: L MINDANAO BUFFALO COCONUT
>>> [36mDEBUG[0m >>> [data_table_builder.py:146 in _update_leather_summary()] Added 140488 to BUFFALO col_item. New total: 1404901
>>> [36mDEBUG[0m >>> [data_table_builder.py:146 in _update_leather_summary()] Added 310 to BUFFALO col_qty_pcs. New total: 1964
>>> [36mDEBUG[0m >>> [data_table_builder.py:146 in _update_leather_summary()] Added 11418.9 to BUFFALO col_qty_sf. New total: 73551.8
>>> [36mDEBUG[0m >>> [data_table_builder.py:146 in _update_leather_summary()] Added 755 to BUFFALO col_net. New total: 4825.0
>>> [36mDEBUG[0m >>> [data_table_builder.py:146 in _update_leather_summary()] Added 800 to BUFFALO col_gross. New total: 5185.0
>>> [36mDEBUG[0m >>> [data_table_builder.py:146 in _update_leather_summary()] Added 2.4552 to BUFFALO col_cbm. New total: 18.3744
>>> [36mDEBUG[0m >>> [style_registry.py:175 in get_style()] Column 'col_po' style dict: {'format': '@', 'alignment': 'center', 'vertical_alignment': None, 'width': 17, 'wrap_text': True}
>>> [36mDEBUG[0m >>> [style_registry.py:177 in get_style()] After column merge: {'format': '@', 'alignment': 'center', 'width': 17, 'wrap_text': True}
>>> [36mDEBUG[0m >>> [data_table_builder.py:233 in build()] Applied row height 27 to row 32
>>> [36mDEBUG[0m >>> [style_registry.py:175 in get_style()] Column 'col_item' style dict: {'format': '@', 'alignment': 'center', 'vertical_alignment': None, 'width': 22.14, 'wrap_text': True}
>>> [36mDEBUG[0m >>> [style_registry.py:177 in get_style()] After column merge: {'format': '@', 'alignment': 'center', 'width': 22.14, 'wrap_text': True}
>>> [36mDEBUG[0m >>> [style_registry.py:175 in get_style()] Column 'col_desc' style dict: {'format': '@', 'alignment': 'center', 'vertical_alignment': None, 'width': 26, 'wrap_text': True}
>>> [36mDEBUG[0m >>> [style_registry.py:177 in get_style()] After column merge: {'format': '@', 'alignment': 'center', 'width': 26, 'wrap_text': True}
>>> [36mDEBUG[0m >>> [style_registry.py:175 in get_style()] Column 'col_qty_pcs' style dict: {'format': '#,##0', 'alignment': 'center', 'vertical_alignment': None, 'width': 15, 'wrap_text': False}
>>> [36mDEBUG[0m >>> [style_registry.py:177 in get_style()] After column merge: {'format': '#,##0', 'alignment': 'center', 'width': 15, 'wrap_text': False}
>>> [36mDEBUG[0m >>> [style_registry.py:175 in get_style()] Column 'col_qty_sf' style dict: {'format': '#,##0.00', 'alignment': 'center', 'vertical_alignment': None, 'width': 15, 'wrap_text': False}
>>> [36mDEBUG[0m >>> [style_registry.py:177 in get_style()] After column merge: {'format': '#,##0.00', 'alignment': 'center', 'width': 15, 'wrap_text': False}
>>> [36mDEBUG[0m >>> [style_registry.py:175 in get_style()] Column 'col_net' style dict: {'format': '#,##0.00', 'alignment': 'center', 'vertical_alignment': None, 'width': 15, 'wrap_text': False}
>>> [36mDEBUG[0m >>> [style_registry.py:177 in get_style()] After column merge: {'format': '#,##0.00', 'alignment': 'center', 'width': 15, 'wrap_text': False}
>>> [36mDEBUG[0m >>> [style_registry.py:175 in get_style()] Column 'col_gross' style dict: {'format': '#,##0.00', 'alignment': 'center', 'vertical_alignment': None, 'width': 15, 'wrap_text': False}
>>> [36mDEBUG[0m >>> [style_registry.py:177 in get_style()] After column merge: {'format': '#,##0.00', 'alignment': 'center', 'width': 15, 'wrap_text': False}
>>> [36mDEBUG[0m >>> [style_registry.py:175 in get_style()] Column 'col_cbm' style dict: {'format': '0.00', 'alignment': 'center', 'vertical_alignment': None, 'width': 15, 'wrap_text': False}
>>> [36mDEBUG[0m >>> [style_registry.py:177 in get_style()] After column merge: {'format': '0.00', 'alignment': 'center', 'width': 15, 'wrap_text': False}
>>> [36mDEBUG[0m >>> [data_table_builder.py:115 in _update_leather_summary()] Checking row description: 'L MINDANAO BUFFALO COCONUT'
>>> [36mDEBUG[0m >>> [data_table_builder.py:124 in _update_leather_summary()] Found BUFFALO leather row: L MINDANAO BUFFALO COCONUT
>>> [36mDEBUG[0m >>> [data_table_builder.py:146 in _update_leather_summary()] Added 140488 to BUFFALO col_item. New total: 1545389
>>> [36mDEBUG[0m >>> [data_table_builder.py:146 in _update_leather_summary()] Added 310 to BUFFALO col_qty_pcs. New total: 2274
>>> [36mDEBUG[0m >>> [data_table_builder.py:146 in _update_leather_summary()] Added 11702.5 to BUFFALO col_qty_sf. New total: 85254.3
>>> [36mDEBUG[0m >>> [data_table_builder.py:146 in _update_leather_summary()] Added 760.5 to BUFFALO col_net. New total: 5585.5
>>> [36mDEBUG[0m >>> [data_table_builder.py:146 in _update_leather_summary()] Added 805.5 to BUFFALO col_gross. New total: 5990.5
>>> [36mDEBUG[0m >>> [data_table_builder.py:146 in _update_leather_summary()] Added 2.574 to BUFFALO col_cbm. New total: 20.9484
>>> [36mDEBUG[0m >>> [style_registry.py:175 in get_style()] Column 'col_po' style dict: {'format': '@', 'alignment': 'center', 'vertical_alignment': None, 'width': 17, 'wrap_text': True}
>>> [36mDEBUG[0m >>> [style_registry.py:177 in get_style()] After column merge: {'format': '@', 'alignment': 'center', 'width': 17, 'wrap_text': True}
>>> [36mDEBUG[0m >>> [data_table_builder.py:233 in build()] Applied row height 27 to row 33
>>> [36mDEBUG[0m >>> [style_registry.py:175 in get_style()] Column 'col_item' style dict: {'format': '@', 'alignment': 'center', 'vertical_alignment': None, 'width': 22.14, 'wrap_text': True}
>>> [36mDEBUG[0m >>> [style_registry.py:177 in get_style()] After column merge: {'format': '@', 'alignment': 'center', 'width': 22.14, 'wrap_text': True}
>>> [36mDEBUG[0m >>> [style_registry.py:175 in get_style()] Column 'col_desc' style dict: {'format': '@', 'alignment': 'center', 'vertical_alignment': None, 'width': 26, 'wrap_text': True}
>>> [36mDEBUG[0m >>> [style_registry.py:177 in get_style()] After column merge: {'format': '@', 'alignment': 'center', 'width': 26, 'wrap_text': True}
>>> [36mDEBUG[0m >>> [style_registry.py:175 in get_style()] Column 'col_qty_pcs' style dict: {'format': '#,##0', 'alignment': 'center', 'vertical_alignment': None, 'width': 15, 'wrap_text': False}
>>> [36mDEBUG[0m >>> [style_registry.py:177 in get_style()] After column merge: {'format': '#,##0', 'alignment': 'center', 'width': 15, 'wrap_text': False}
>>> [36mDEBUG[0m >>> [style_registry.py:175 in get_style()] Column 'col_qty_sf' style dict: {'format': '#,##0.00', 'alignment': 'center', 'vertical_alignment': None, 'width': 15, 'wrap_text': False}
>>> [36mDEBUG[0m >>> [style_registry.py:177 in get_style()] After column merge: {'format': '#,##0.00', 'alignment': 'center', 'width': 15, 'wrap_text': False}
>>> [36mDEBUG[0m >>> [style_registry.py:175 in get_style()] Column 'col_net' style dict: {'format': '#,##0.00', 'alignment': 'center', 'vertical_alignment': None, 'width': 15, 'wrap_text': False}
>>> [36mDEBUG[0m >>> [style_registry.py:177 in get_style()] After column merge: {'format': '#,##0.00', 'alignment': 'center', 'width': 15, 'wrap_text': False}
>>> [36mDEBUG[0m >>> [style_registry.py:175 in get_style()] Column 'col_gross' style dict: {'format': '#,##0.00', 'alignment': 'center', 'vertical_alignment': None, 'width': 15, 'wrap_text': False}
>>> [36mDEBUG[0m >>> [style_registry.py:177 in get_style()] After column merge: {'format': '#,##0.00', 'alignment': 'center', 'width': 15, 'wrap_text': False}
>>> [36mDEBUG[0m >>> [style_registry.py:175 in get_style()] Column 'col_cbm' style dict: {'format': '0.00', 'alignment': 'center', 'vertical_alignment': None, 'width': 15, 'wrap_text': False}
>>> [36mDEBUG[0m >>> [style_registry.py:177 in get_style()] After column merge: {'format': '0.00', 'alignment': 'center', 'width': 15, 'wrap_text': False}
>>> [36mDEBUG[0m >>> [data_table_builder.py:115 in _update_leather_summary()] Checking row description: 'L MINDANAO BUFFALO COCONUT'
>>> [36mDEBUG[0m >>> [data_table_builder.py:124 in _update_leather_summary()] Found BUFFALO leather row: L MINDANAO BUFFALO COCONUT
>>> [36mDEBUG[0m >>> [data_table_builder.py:146 in _update_leather_summary()] Added 140488 to BUFFALO col_item. New total: 1685877
>>> [36mDEBUG[0m >>> [data_table_builder.py:146 in _update_leather_summary()] Added 190 to BUFFALO col_qty_pcs. New total: 2464
>>> [36mDEBUG[0m >>> [data_table_builder.py:146 in _update_leather_summary()] Added 7025.8 to BUFFALO col_qty_sf. New total: 92280.1
>>> [36mDEBUG[0m >>> [data_table_builder.py:146 in _update_leather_summary()] Added 471 to BUFFALO col_net. New total: 6056.5
>>> [36mDEBUG[0m >>> [data_table_builder.py:146 in _update_leather_summary()] Added 516 to BUFFALO col_gross. New total: 6506.5
>>> [36mDEBUG[0m >>> [data_table_builder.py:146 in _update_leather_summary()] Added 1.8216 to BUFFALO col_cbm. New total: 22.77
>>> [36mDEBUG[0m >>> [style_registry.py:175 in get_style()] Column 'col_po' style dict: {'format': '@', 'alignment': 'center', 'vertical_alignment': None, 'width': 17, 'wrap_text': True}
>>> [36mDEBUG[0m >>> [style_registry.py:177 in get_style()] After column merge: {'format': '@', 'alignment': 'center', 'width': 17, 'wrap_text': True}
>>> [36mDEBUG[0m >>> [data_table_builder.py:233 in build()] Applied row height 27 to row 34
>>> [36mDEBUG[0m >>> [style_registry.py:175 in get_style()] Column 'col_item' style dict: {'format': '@', 'alignment': 'center', 'vertical_alignment': None, 'width': 22.14, 'wrap_text': True}
>>> [36mDEBUG[0m >>> [style_registry.py:177 in get_style()] After column merge: {'format': '@', 'alignment': 'center', 'width': 22.14, 'wrap_text': True}
>>> [36mDEBUG[0m >>> [style_registry.py:175 in get_style()] Column 'col_desc' style dict: {'format': '@', 'alignment': 'center', 'vertical_alignment': None, 'width': 26, 'wrap_text': True}
>>> [36mDEBUG[0m >>> [style_registry.py:177 in get_style()] After column merge: {'format': '@', 'alignment': 'center', 'width': 26, 'wrap_text': True}
>>> [36mDEBUG[0m >>> [style_registry.py:175 in get_style()] Column 'col_qty_pcs' style dict: {'format': '#,##0', 'alignment': 'center', 'vertical_alignment': None, 'width': 15, 'wrap_text': False}
>>> [36mDEBUG[0m >>> [style_registry.py:177 in get_style()] After column merge: {'format': '#,##0', 'alignment': 'center', 'width': 15, 'wrap_text': False}
>>> [36mDEBUG[0m >>> [style_registry.py:175 in get_style()] Column 'col_qty_sf' style dict: {'format': '#,##0.00', 'alignment': 'center', 'vertical_alignment': None, 'width': 15, 'wrap_text': False}
>>> [36mDEBUG[0m >>> [style_registry.py:177 in get_style()] After column merge: {'format': '#,##0.00', 'alignment': 'center', 'width': 15, 'wrap_text': False}
>>> [36mDEBUG[0m >>> [style_registry.py:175 in get_style()] Column 'col_net' style dict: {'format': '#,##0.00', 'alignment': 'center', 'vertical_alignment': None, 'width': 15, 'wrap_text': False}
>>> [36mDEBUG[0m >>> [style_registry.py:177 in get_style()] After column merge: {'format': '#,##0.00', 'alignment': 'center', 'width': 15, 'wrap_text': False}
>>> [36mDEBUG[0m >>> [style_registry.py:175 in get_style()] Column 'col_gross' style dict: {'format': '#,##0.00', 'alignment': 'center', 'vertical_alignment': None, 'width': 15, 'wrap_text': False}
>>> [36mDEBUG[0m >>> [style_registry.py:177 in get_style()] After column merge: {'format': '#,##0.00', 'alignment': 'center', 'width': 15, 'wrap_text': False}
>>> [36mDEBUG[0m >>> [style_registry.py:175 in get_style()] Column 'col_cbm' style dict: {'format': '0.00', 'alignment': 'center', 'vertical_alignment': None, 'width': 15, 'wrap_text': False}
>>> [36mDEBUG[0m >>> [style_registry.py:177 in get_style()] After column merge: {'format': '0.00', 'alignment': 'center', 'width': 15, 'wrap_text': False}
>>> [36mDEBUG[0m >>> [data_table_builder.py:115 in _update_leather_summary()] Checking row description: 'L MINDANAO BUFFALO STEELU59504'
>>> [36mDEBUG[0m >>> [data_table_builder.py:124 in _update_leather_summary()] Found BUFFALO leather row: L MINDANAO BUFFALO STEELU59504
>>> [36mDEBUG[0m >>> [data_table_builder.py:146 in _update_leather_summary()] Added 140489 to BUFFALO col_item. New total: 1826366
>>> [36mDEBUG[0m >>> [data_table_builder.py:146 in _update_leather_summary()] Added 250 to BUFFALO col_qty_pcs. New total: 2714
>>> [36mDEBUG[0m >>> [data_table_builder.py:146 in _update_leather_summary()] Added 9678.2 to BUFFALO col_qty_sf. New total: 101958.3
>>> [36mDEBUG[0m >>> [data_table_builder.py:146 in _update_leather_summary()] Added 640 to BUFFALO col_net. New total: 6696.5
>>> [36mDEBUG[0m >>> [data_table_builder.py:146 in _update_leather_summary()] Added 685 to BUFFALO col_gross. New total: 7191.5
>>> [36mDEBUG[0m >>> [data_table_builder.py:146 in _update_leather_summary()] Added 2.4948 to BUFFALO col_cbm. New total: 25.2648
>>> [36mDEBUG[0m >>> [style_registry.py:175 in get_style()] Column 'col_po' style dict: {'format': '@', 'alignment': 'center', 'vertical_alignment': None, 'width': 17, 'wrap_text': True}
>>> [36mDEBUG[0m >>> [style_registry.py:177 in get_style()] After column merge: {'format': '@', 'alignment': 'center', 'width': 17, 'wrap_text': True}
>>> [36mDEBUG[0m >>> [data_table_builder.py:233 in build()] Applied row height 27 to row 35
>>> [36mDEBUG[0m >>> [style_registry.py:175 in get_style()] Column 'col_item' style dict: {'format': '@', 'alignment': 'center', 'vertical_alignment': None, 'width': 22.14, 'wrap_text': True}
>>> [36mDEBUG[0m >>> [style_registry.py:177 in get_style()] After column merge: {'format': '@', 'alignment': 'center', 'width': 22.14, 'wrap_text': True}
>>> [36mDEBUG[0m >>> [style_registry.py:175 in get_style()] Column 'col_desc' style dict: {'format': '@', 'alignment': 'center', 'vertical_alignment': None, 'width': 26, 'wrap_text': True}
>>> [36mDEBUG[0m >>> [style_registry.py:177 in get_style()] After column merge: {'format': '@', 'alignment': 'center', 'width': 26, 'wrap_text': True}
>>> [36mDEBUG[0m >>> [style_registry.py:175 in get_style()] Column 'col_qty_pcs' style dict: {'format': '#,##0', 'alignment': 'center', 'vertical_alignment': None, 'width': 15, 'wrap_text': False}
>>> [36mDEBUG[0m >>> [style_registry.py:177 in get_style()] After column merge: {'format': '#,##0', 'alignment': 'center', 'width': 15, 'wrap_text': False}
>>> [36mDEBUG[0m >>> [style_registry.py:175 in get_style()] Column 'col_qty_sf' style dict: {'format': '#,##0.00', 'alignment': 'center', 'vertical_alignment': None, 'width': 15, 'wrap_text': False}
>>> [36mDEBUG[0m >>> [style_registry.py:177 in get_style()] After column merge: {'format': '#,##0.00', 'alignment': 'center', 'width': 15, 'wrap_text': False}
>>> [36mDEBUG[0m >>> [style_registry.py:175 in get_style()] Column 'col_net' style dict: {'format': '#,##0.00', 'alignment': 'center', 'vertical_alignment': None, 'width': 15, 'wrap_text': False}
>>> [36mDEBUG[0m >>> [style_registry.py:177 in get_style()] After column merge: {'format': '#,##0.00', 'alignment': 'center', 'width': 15, 'wrap_text': False}
>>> [36mDEBUG[0m >>> [style_registry.py:175 in get_style()] Column 'col_gross' style dict: {'format': '#,##0.00', 'alignment': 'center', 'vertical_alignment': None, 'width': 15, 'wrap_text': False}
>>> [36mDEBUG[0m >>> [style_registry.py:177 in get_style()] After column merge: {'format': '#,##0.00', 'alignment': 'center', 'width': 15, 'wrap_text': False}
>>> [36mDEBUG[0m >>> [style_registry.py:175 in get_style()] Column 'col_cbm' style dict: {'format': '0.00', 'alignment': 'center', 'vertical_alignment': None, 'width': 15, 'wrap_text': False}
>>> [36mDEBUG[0m >>> [style_registry.py:177 in get_style()] After column merge: {'format': '0.00', 'alignment': 'center', 'width': 15, 'wrap_text': False}
>>> [36mDEBUG[0m >>> [data_table_builder.py:115 in _update_leather_summary()] Checking row description: 'L MINDANAO BUFFALO STEELU59504'
>>> [36mDEBUG[0m >>> [data_table_builder.py:124 in _update_leather_summary()] Found BUFFALO leather row: L MINDANAO BUFFALO STEELU59504
>>> [36mDEBUG[0m >>> [data_table_builder.py:146 in _update_leather_summary()] Added 140489 to BUFFALO col_item. New total: 1966855
>>> [36mDEBUG[0m >>> [data_table_builder.py:146 in _update_leather_summary()] Added 199 to BUFFALO col_qty_pcs. New total: 2913
>>> [36mDEBUG[0m >>> [data_table_builder.py:146 in _update_leather_summary()] Added 7696 to BUFFALO col_qty_sf. New total: 109654.3
>>> [36mDEBUG[0m >>> [data_table_builder.py:146 in _update_leather_summary()] Added 503.5 to BUFFALO col_net. New total: 7200.0
>>> [36mDEBUG[0m >>> [data_table_builder.py:146 in _update_leather_summary()] Added 548.5 to BUFFALO col_gross. New total: 7740.0
>>> [36mDEBUG[0m >>> [data_table_builder.py:146 in _update_leather_summary()] Added 2.178 to BUFFALO col_cbm. New total: 27.442800000000002
>>> [36mDEBUG[0m >>> [style_registry.py:175 in get_style()] Column 'col_po' style dict: {'format': '@', 'alignment': 'center', 'vertical_alignment': None, 'width': 17, 'wrap_text': True}
>>> [36mDEBUG[0m >>> [style_registry.py:177 in get_style()] After column merge: {'format': '@', 'alignment': 'center', 'width': 17, 'wrap_text': True}
>>> [36mDEBUG[0m >>> [data_table_builder.py:233 in build()] Applied row height 27 to row 36
>>> [36mDEBUG[0m >>> [style_registry.py:175 in get_style()] Column 'col_item' style dict: {'format': '@', 'alignment': 'center', 'vertical_alignment': None, 'width': 22.14, 'wrap_text': True}
>>> [36mDEBUG[0m >>> [style_registry.py:177 in get_style()] After column merge: {'format': '@', 'alignment': 'center', 'width': 22.14, 'wrap_text': True}
>>> [36mDEBUG[0m >>> [style_registry.py:175 in get_style()] Column 'col_desc' style dict: {'format': '@', 'alignment': 'center', 'vertical_alignment': None, 'width': 26, 'wrap_text': True}
>>> [36mDEBUG[0m >>> [style_registry.py:177 in get_style()] After column merge: {'format': '@', 'alignment': 'center', 'width': 26, 'wrap_text': True}
>>> [36mDEBUG[0m >>> [style_registry.py:175 in get_style()] Column 'col_qty_pcs' style dict: {'format': '#,##0', 'alignment': 'center', 'vertical_alignment': None, 'width': 15, 'wrap_text': False}
>>> [36mDEBUG[0m >>> [style_registry.py:177 in get_style()] After column merge: {'format': '#,##0', 'alignment': 'center', 'width': 15, 'wrap_text': False}
>>> [36mDEBUG[0m >>> [style_registry.py:175 in get_style()] Column 'col_qty_sf' style dict: {'format': '#,##0.00', 'alignment': 'center', 'vertical_alignment': None, 'width': 15, 'wrap_text': False}
>>> [36mDEBUG[0m >>> [style_registry.py:177 in get_style()] After column merge: {'format': '#,##0.00', 'alignment': 'center', 'width': 15, 'wrap_text': False}
>>> [36mDEBUG[0m >>> [style_registry.py:175 in get_style()] Column 'col_net' style dict: {'format': '#,##0.00', 'alignment': 'center', 'vertical_alignment': None, 'width': 15, 'wrap_text': False}
>>> [36mDEBUG[0m >>> [style_registry.py:177 in get_style()] After column merge: {'format': '#,##0.00', 'alignment': 'center', 'width': 15, 'wrap_text': False}
>>> [36mDEBUG[0m >>> [style_registry.py:175 in get_style()] Column 'col_gross' style dict: {'format': '#,##0.00', 'alignment': 'center', 'vertical_alignment': None, 'width': 15, 'wrap_text': False}
>>> [36mDEBUG[0m >>> [style_registry.py:177 in get_style()] After column merge: {'format': '#,##0.00', 'alignment': 'center', 'width': 15, 'wrap_text': False}
>>> [36mDEBUG[0m >>> [style_registry.py:175 in get_style()] Column 'col_cbm' style dict: {'format': '0.00', 'alignment': 'center', 'vertical_alignment': None, 'width': 15, 'wrap_text': False}
>>> [36mDEBUG[0m >>> [style_registry.py:177 in get_style()] After column merge: {'format': '0.00', 'alignment': 'center', 'width': 15, 'wrap_text': False}
>>> [36mDEBUG[0m >>> [data_table_builder.py:115 in _update_leather_summary()] Checking row description: 'L MINDANAO BUFFALO STEELU59504'
>>> [36mDEBUG[0m >>> [data_table_builder.py:124 in _update_leather_summary()] Found BUFFALO leather row: L MINDANAO BUFFALO STEELU59504
>>> [36mDEBUG[0m >>> [data_table_builder.py:146 in _update_leather_summary()] Added 140489 to BUFFALO col_item. New total: 2107344
>>> [36mDEBUG[0m >>> [data_table_builder.py:146 in _update_leather_summary()] Added 239 to BUFFALO col_qty_pcs. New total: 3152
>>> [36mDEBUG[0m >>> [data_table_builder.py:146 in _update_leather_summary()] Added 9285.5 to BUFFALO col_qty_sf. New total: 118939.8
>>> [36mDEBUG[0m >>> [data_table_builder.py:146 in _update_leather_summary()] Added 622 to BUFFALO col_net. New total: 7822.0
>>> [36mDEBUG[0m >>> [data_table_builder.py:146 in _update_leather_summary()] Added 667 to BUFFALO col_gross. New total: 8407.0
>>> [36mDEBUG[0m >>> [data_table_builder.py:146 in _update_leather_summary()] Added 2.2968 to BUFFALO col_cbm. New total: 29.739600000000003
>>> [36mDEBUG[0m >>> [style_registry.py:175 in get_style()] Column 'col_po' style dict: {'format': '@', 'alignment': 'center', 'vertical_alignment': None, 'width': 17, 'wrap_text': True}
>>> [36mDEBUG[0m >>> [style_registry.py:177 in get_style()] After column merge: {'format': '@', 'alignment': 'center', 'width': 17, 'wrap_text': True}
>>> [36mDEBUG[0m >>> [data_table_builder.py:233 in build()] Applied row height 27 to row 37
>>> [36mDEBUG[0m >>> [style_registry.py:175 in get_style()] Column 'col_item' style dict: {'format': '@', 'alignment': 'center', 'vertical_alignment': None, 'width': 22.14, 'wrap_text': True}
>>> [36mDEBUG[0m >>> [style_registry.py:177 in get_style()] After column merge: {'format': '@', 'alignment': 'center', 'width': 22.14, 'wrap_text': True}
>>> [36mDEBUG[0m >>> [style_registry.py:175 in get_style()] Column 'col_desc' style dict: {'format': '@', 'alignment': 'center', 'vertical_alignment': None, 'width': 26, 'wrap_text': True}
>>> [36mDEBUG[0m >>> [style_registry.py:177 in get_style()] After column merge: {'format': '@', 'alignment': 'center', 'width': 26, 'wrap_text': True}
>>> [36mDEBUG[0m >>> [style_registry.py:175 in get_style()] Column 'col_qty_pcs' style dict: {'format': '#,##0', 'alignment': 'center', 'vertical_alignment': None, 'width': 15, 'wrap_text': False}
>>> [36mDEBUG[0m >>> [style_registry.py:177 in get_style()] After column merge: {'format': '#,##0', 'alignment': 'center', 'width': 15, 'wrap_text': False}
>>> [36mDEBUG[0m >>> [style_registry.py:175 in get_style()] Column 'col_qty_sf' style dict: {'format': '#,##0.00', 'alignment': 'center', 'vertical_alignment': None, 'width': 15, 'wrap_text': False}
>>> [36mDEBUG[0m >>> [style_registry.py:177 in get_style()] After column merge: {'format': '#,##0.00', 'alignment': 'center', 'width': 15, 'wrap_text': False}
>>> [36mDEBUG[0m >>> [style_registry.py:175 in get_style()] Column 'col_net' style dict: {'format': '#,##0.00', 'alignment': 'center', 'vertical_alignment': None, 'width': 15, 'wrap_text': False}
>>> [36mDEBUG[0m >>> [style_registry.py:177 in get_style()] After column merge: {'format': '#,##0.00', 'alignment': 'center', 'width': 15, 'wrap_text': False}
>>> [36mDEBUG[0m >>> [style_registry.py:175 in get_style()] Column 'col_gross' style dict: {'format': '#,##0.00', 'alignment': 'center', 'vertical_alignment': None, 'width': 15, 'wrap_text': False}
>>> [36mDEBUG[0m >>> [style_registry.py:177 in get_style()] After column merge: {'format': '#,##0.00', 'alignment': 'center', 'width': 15, 'wrap_text': False}
>>> [36mDEBUG[0m >>> [style_registry.py:175 in get_style()] Column 'col_cbm' style dict: {'format': '0.00', 'alignment': 'center', 'vertical_alignment': None, 'width': 15, 'wrap_text': False}
>>> [36mDEBUG[0m >>> [style_registry.py:177 in get_style()] After column merge: {'format': '0.00', 'alignment': 'center', 'width': 15, 'wrap_text': False}
>>> [36mDEBUG[0m >>> [data_table_builder.py:276 in build()] Applying vertical merges to columns: ['col_desc']
>>> [36mDEBUG[0m >>> [data_table_builder.py:280 in build()]   Merging contiguous cells in column 'col_desc' (index 4) from row 23 to 37
>>> [0mINFO[0m >>> DataTableBuilder completed: 15 data rows written (rows 23-37)
>>> [36mDEBUG[0m >>> [layout_builder.py:500 in build()] DataTableBuilder completed - rows 23-37 (15 rows), footer at row 38
>>> [0mINFO[0m >>> Restoring template header AFTER table build (correct column alignment)
>>> [36mDEBUG[0m >>> [layout_builder.py:512 in build()] Template header will use actual column count: 9
>>> [36mDEBUG[0m >>> [layout_builder.py:513 in build()] Template header ends at row 20
>>> [36mDEBUG[0m >>> [layout_builder.py:514 in build()] Table header row is at: 22
>>> [36mDEBUG[0m >>> [layout_builder.py:515 in build()] These should NOT overlap! (template_end < table_header)
>>> [36mDEBUG[0m >>> [template_state_builder.py:107 in set_column_mapping()] Column mapping set: 9 columns mapped
>>> [36mDEBUG[0m >>> [template_state_builder.py:108 in set_column_mapping()]   Active: {1: 1, 2: 2, 3: 3, 5: 4, 6: 5, 7: 6, 8: 7, 9: 8, 10: 9}
>>> [36mDEBUG[0m >>> [template_state_builder.py:110 in set_column_mapping()]   Skipped template columns: [4]
>>> [0mINFO[0m >>> Applied column mapping to template state for filtered columns
>>> [36mDEBUG[0m >>> [template_state_builder.py:471 in restore_header_only()] Restoring header to new worksheet
>>> [36mDEBUG[0m >>> [template_state_builder.py:472 in restore_header_only()] Header rows: 20, Header merges: 6
>>> [36mDEBUG[0m >>> [template_state_builder.py:475 in restore_header_only()] Dynamic column stretch: Template=20 cols, Actual=9 cols
>>> [36mDEBUG[0m >>> [template_state_builder.py:477 in restore_header_only()] Using column mapping to shift template content
>>> [36mDEBUG[0m >>> [template_state_builder.py:532 in restore_header_only()]   Skipping removed column 4 at row 1 (empty)
>>> [36mDEBUG[0m >>> [template_state_builder.py:532 in restore_header_only()]   Skipping removed column 4 at row 2 (empty)
>>> [36mDEBUG[0m >>> [template_state_builder.py:532 in restore_header_only()]   Skipping removed column 4 at row 3 (empty)
>>> [36mDEBUG[0m >>> [template_state_builder.py:532 in restore_header_only()]   Skipping removed column 4 at row 4 (empty)
>>> [36mDEBUG[0m >>> [template_state_builder.py:532 in restore_header_only()]   Skipping removed column 4 at row 5 (empty)
>>> [36mDEBUG[0m >>> [template_state_builder.py:532 in restore_header_only()]   Skipping removed column 4 at row 6 (empty)
>>> [36mDEBUG[0m >>> [template_state_builder.py:532 in restore_header_only()]   Skipping removed column 4 at row 7 (empty)
>>> [36mDEBUG[0m >>> [template_state_builder.py:541 in restore_header_only()]   Shifted column 9 -> 8 at row 7 (value: 'Ref No.:')
>>> [36mDEBUG[0m >>> [template_state_builder.py:541 in restore_header_only()]   Shifted column 10 -> 9 at row 7 (value: 'JFREF')
>>> [36mDEBUG[0m >>> [template_state_builder.py:532 in restore_header_only()]   Skipping removed column 4 at row 8 (empty)
>>> [36mDEBUG[0m >>> [template_state_builder.py:541 in restore_header_only()]   Shifted column 9 -> 8 at row 8 (value: 'INVOICE NO :')
>>> [36mDEBUG[0m >>> [template_state_builder.py:541 in restore_header_only()]   Shifted column 10 -> 9 at row 8 (value: 'JFINV')
>>> [36mDEBUG[0m >>> [template_state_builder.py:532 in restore_header_only()]   Skipping removed column 4 at row 9 (empty)
>>> [36mDEBUG[0m >>> [template_state_builder.py:541 in restore_header_only()]   Shifted column 9 -> 8 at row 9 (value: 'Date:')
>>> [36mDEBUG[0m >>> [template_state_builder.py:541 in restore_header_only()]   Shifted column 10 -> 9 at row 9 (value: 'JFTIME')
>>> [36mDEBUG[0m >>> [template_state_builder.py:532 in restore_header_only()]   Skipping removed column 4 at row 10 (empty)
>>> [36mDEBUG[0m >>> [template_state_builder.py:541 in restore_header_only()]   Shifted column 9 -> 8 at row 10 (value: 'DAF :')
>>> [36mDEBUG[0m >>> [template_state_builder.py:541 in restore_header_only()]   Shifted column 10 -> 9 at row 10 (value: 'BAVET')
>>> [36mDEBUG[0m >>> [template_state_builder.py:532 in restore_header_only()]   Skipping removed column 4 at row 11 (empty)
>>> [36mDEBUG[0m >>> [template_state_builder.py:532 in restore_header_only()]   Skipping removed column 4 at row 12 (empty)
>>> [36mDEBUG[0m >>> [template_state_builder.py:532 in restore_header_only()]   Skipping removed column 4 at row 13 (empty)
>>> [36mDEBUG[0m >>> [template_state_builder.py:532 in restore_header_only()]   Skipping removed column 4 at row 14 (empty)
>>> [36mDEBUG[0m >>> [template_state_builder.py:532 in restore_header_only()]   Skipping removed column 4 at row 15 (empty)
>>> [36mDEBUG[0m >>> [template_state_builder.py:532 in restore_header_only()]   Skipping removed column 4 at row 16 (empty)
>>> [36mDEBUG[0m >>> [template_state_builder.py:532 in restore_header_only()]   Skipping removed column 4 at row 17 (empty)
>>> [36mDEBUG[0m >>> [template_state_builder.py:532 in restore_header_only()]   Skipping removed column 4 at row 18 (empty)
>>> [36mDEBUG[0m >>> [template_state_builder.py:532 in restore_header_only()]   Skipping removed column 4 at row 19 (empty)
>>> [36mDEBUG[0m >>> [template_state_builder.py:532 in restore_header_only()]   Skipping removed column 4 at row 20 (empty)
>>> [36mDEBUG[0m >>> [template_state_builder.py:599 in restore_header_only()] Merged (shifted): A1:J1 -> A1:I1
>>> [36mDEBUG[0m >>> [template_state_builder.py:599 in restore_header_only()] Merged (shifted): A5:J5 -> A5:I5
>>> [36mDEBUG[0m >>> [template_state_builder.py:599 in restore_header_only()] Merged (shifted): A6:J6 -> A6:I6
>>> [36mDEBUG[0m >>> [template_state_builder.py:599 in restore_header_only()] Merged (shifted): A3:J3 -> A3:I3
>>> [36mDEBUG[0m >>> [template_state_builder.py:599 in restore_header_only()] Merged (shifted): A4:J4 -> A4:I4
>>> [36mDEBUG[0m >>> [template_state_builder.py:599 in restore_header_only()] Merged (shifted): A2:J2 -> A2:I2
>>> [36mDEBUG[0m >>> [template_state_builder.py:622 in restore_header_only()] Header restoration complete
>>> [0mINFO[0m >>> Template header restored successfully with 9 columns (rows 1-20)
>>> [36mDEBUG[0m >>> [layout_builder.py:550 in build()] Checking FooterBuilder - skip_footer_builder=False
>>> [36mDEBUG[0m >>> [layout_builder.py:598 in build()] Creating FooterBuilder at row 38
>>> [36mDEBUG[0m >>> [layout_builder.py:599 in build()] FooterBuilder input - footer_type: regular, add_blank_before: False, pallet_count: 13
>>> [36mDEBUG[0m >>> [style_registry.py:115 in _load_columns()] Loaded column 'col_static': alignment=center, vertical_alignment=None
>>> [36mDEBUG[0m >>> [style_registry.py:115 in _load_columns()] Loaded column 'col_po': alignment=center, vertical_alignment=None
>>> [36mDEBUG[0m >>> [style_registry.py:115 in _load_columns()] Loaded column 'col_item': alignment=center, vertical_alignment=None
>>> [36mDEBUG[0m >>> [style_registry.py:115 in _load_columns()] Loaded column 'col_desc': alignment=center, vertical_alignment=None
>>> [36mDEBUG[0m >>> [style_registry.py:115 in _load_columns()] Loaded column 'col_qty_header': alignment=center, vertical_alignment=None
>>> [36mDEBUG[0m >>> [style_registry.py:115 in _load_columns()] Loaded column 'col_qty_pcs': alignment=center, vertical_alignment=None
>>> [36mDEBUG[0m >>> [style_registry.py:115 in _load_columns()] Loaded column 'col_qty_sf': alignment=center, vertical_alignment=None
>>> [36mDEBUG[0m >>> [style_registry.py:115 in _load_columns()] Loaded column 'col_net': alignment=center, vertical_alignment=None
>>> [36mDEBUG[0m >>> [style_registry.py:115 in _load_columns()] Loaded column 'col_gross': alignment=center, vertical_alignment=None
>>> [36mDEBUG[0m >>> [style_registry.py:115 in _load_columns()] Loaded column 'col_cbm': alignment=center, vertical_alignment=None
>>> [36mDEBUG[0m >>> [style_registry.py:117 in _load_columns()] Loaded 10 column styles: ['col_static', 'col_po', 'col_item', 'col_desc', 'col_qty_header', 'col_qty_pcs', 'col_qty_sf', 'col_net', 'col_gross', 'col_cbm']
>>> [36mDEBUG[0m >>> [style_registry.py:135 in _load_row_contexts()] Loaded 3 row contexts: ['header', 'data', 'footer']
>>> [0mINFO[0m >>> StyleRegistry initialized successfully for FooterBuilder
>>> [36mDEBUG[0m >>> [layout_builder.py:610 in build()] Calling FooterBuilder.build() with footer_row_position=38
>>> [0mINFO[0m >>> [FooterBuilder] build() called - footer_row_num=38
>>> [36mDEBUG[0m >>> [footer_builder.py:203 in build()] [FooterBuilder] footer_config exists: True
>>> [36mDEBUG[0m >>> [footer_builder.py:204 in build()] [FooterBuilder] footer_config keys: ['total_text_column_id', 'pallet_count_column_id', 'sum_column_ids', 'merge_rules', 'add_ons']
>>> [0mINFO[0m >>> [FooterBuilder] Starting footer generation at row 38
>>> [36mDEBUG[0m >>> [footer_builder.py:231 in build()] [DEBUG] footer_config add_ons: {'before_footer': {'enabled': True, 'column_id': 'col_po', 'text': 'LEATHER (HS.CODE: 4107.12.00)', 'merge': 2}, 'weight_summary': {'enabled': False, 'label_col_id': 'col_po', 'value_col_id': 'col_item', 'mode': ['daf', 'standard']}, 'leather_summary': {'enabled': True, 'mode': ['daf', 'standard']}}
>>> [36mDEBUG[0m >>> [footer_builder.py:234 in build()] [DEBUG] before_footer enabled: True
>>> [36mDEBUG[0m >>> [footer_builder.py:238 in build()] Building before_footer row at row 38
>>> [36mDEBUG[0m >>> [footer_builder.py:348 in _build_before_footer()] [FooterBuilder._build_before_footer] Row 38, config={'enabled': True, 'column_id': 'col_po', 'text': 'LEATHER (HS.CODE: 4107.12.00)', 'merge': 2}, footer_type=regular
>>> [0mINFO[0m >>> [FooterBuilder._build_before_footer] Wrote text to B38: 'LEATHER (HS.CODE: 4107.12.00)'
>>> [36mDEBUG[0m >>> [style_registry.py:175 in get_style()] Column 'col_po' style dict: {'format': '@', 'alignment': 'center', 'vertical_alignment': None, 'width': 17, 'wrap_text': True}
>>> [36mDEBUG[0m >>> [style_registry.py:177 in get_style()] After column merge: {'format': '@', 'alignment': 'center', 'width': 17, 'wrap_text': True}
>>> [36mDEBUG[0m >>> [footer_builder.py:158 in _apply_footer_cell_style()] Applied StyleRegistry style to footer cell col_po (borders=yes)
>>> [36mDEBUG[0m >>> [footer_builder.py:166 in _apply_footer_cell_style()] Applied footer row height 27 to row 38
>>> [36mDEBUG[0m >>> [footer_builder.py:400 in _build_before_footer()] [FooterBuilder._build_before_footer] Merged cells: B38:C38 (spanning 2 columns)
>>> [36mDEBUG[0m >>> [style_registry.py:175 in get_style()] Column 'col_static' style dict: {'format': '@', 'alignment': 'center', 'vertical_alignment': None, 'width': 24.71, 'wrap_text': True}
>>> [36mDEBUG[0m >>> [style_registry.py:177 in get_style()] After column merge: {'format': '@', 'alignment': 'center', 'width': 24.71, 'wrap_text': True}
>>> [36mDEBUG[0m >>> [footer_builder.py:158 in _apply_footer_cell_style()] Applied StyleRegistry style to footer cell col_static (borders=yes)
>>> [36mDEBUG[0m >>> [style_registry.py:175 in get_style()] Column 'col_static' style dict: {'format': '@', 'alignment': 'center', 'vertical_alignment': None, 'width': 24.71, 'wrap_text': True}
>>> [36mDEBUG[0m >>> [style_registry.py:177 in get_style()] After column merge: {'format': '@', 'alignment': 'center', 'width': 24.71, 'wrap_text': True}
>>> [36mDEBUG[0m >>> [footer_builder.py:440 in _build_before_footer()] [FooterBuilder._build_before_footer] Applied side-only borders to A38
>>> [36mDEBUG[0m >>> [style_registry.py:175 in get_style()] Column 'col_po' style dict: {'format': '@', 'alignment': 'center', 'vertical_alignment': None, 'width': 17, 'wrap_text': True}
>>> [36mDEBUG[0m >>> [style_registry.py:177 in get_style()] After column merge: {'format': '@', 'alignment': 'center', 'width': 17, 'wrap_text': True}
>>> [36mDEBUG[0m >>> [footer_builder.py:158 in _apply_footer_cell_style()] Applied StyleRegistry style to footer cell col_po (borders=yes)
>>> [36mDEBUG[0m >>> [style_registry.py:175 in get_style()] Column 'col_item' style dict: {'format': '@', 'alignment': 'center', 'vertical_alignment': None, 'width': 22.14, 'wrap_text': True}
>>> [36mDEBUG[0m >>> [style_registry.py:177 in get_style()] After column merge: {'format': '@', 'alignment': 'center', 'width': 22.14, 'wrap_text': True}
>>> [36mDEBUG[0m >>> [footer_builder.py:158 in _apply_footer_cell_style()] Applied StyleRegistry style to footer cell col_item (borders=yes)
>>> [36mDEBUG[0m >>> [style_registry.py:175 in get_style()] Column 'col_desc' style dict: {'format': '@', 'alignment': 'center', 'vertical_alignment': None, 'width': 26, 'wrap_text': True}
>>> [36mDEBUG[0m >>> [style_registry.py:177 in get_style()] After column merge: {'format': '@', 'alignment': 'center', 'width': 26, 'wrap_text': True}
>>> [36mDEBUG[0m >>> [footer_builder.py:158 in _apply_footer_cell_style()] Applied StyleRegistry style to footer cell col_desc (borders=yes)
>>> [36mDEBUG[0m >>> [style_registry.py:175 in get_style()] Column 'col_qty_pcs' style dict: {'format': '#,##0', 'alignment': 'center', 'vertical_alignment': None, 'width': 15, 'wrap_text': False}
>>> [36mDEBUG[0m >>> [style_registry.py:177 in get_style()] After column merge: {'format': '#,##0', 'alignment': 'center', 'width': 15, 'wrap_text': False}
>>> [36mDEBUG[0m >>> [footer_builder.py:158 in _apply_footer_cell_style()] Applied StyleRegistry style to footer cell col_qty_pcs (borders=yes)
>>> [36mDEBUG[0m >>> [style_registry.py:175 in get_style()] Column 'col_qty_sf' style dict: {'format': '#,##0.00', 'alignment': 'center', 'vertical_alignment': None, 'width': 15, 'wrap_text': False}
>>> [36mDEBUG[0m >>> [style_registry.py:177 in get_style()] After column merge: {'format': '#,##0.00', 'alignment': 'center', 'width': 15, 'wrap_text': False}
>>> [36mDEBUG[0m >>> [footer_builder.py:158 in _apply_footer_cell_style()] Applied StyleRegistry style to footer cell col_qty_sf (borders=yes)
>>> [36mDEBUG[0m >>> [style_registry.py:175 in get_style()] Column 'col_net' style dict: {'format': '#,##0.00', 'alignment': 'center', 'vertical_alignment': None, 'width': 15, 'wrap_text': False}
>>> [36mDEBUG[0m >>> [style_registry.py:177 in get_style()] After column merge: {'format': '#,##0.00', 'alignment': 'center', 'width': 15, 'wrap_text': False}
>>> [36mDEBUG[0m >>> [footer_builder.py:158 in _apply_footer_cell_style()] Applied StyleRegistry style to footer cell col_net (borders=yes)
>>> [36mDEBUG[0m >>> [style_registry.py:175 in get_style()] Column 'col_gross' style dict: {'format': '#,##0.00', 'alignment': 'center', 'vertical_alignment': None, 'width': 15, 'wrap_text': False}
>>> [36mDEBUG[0m >>> [style_registry.py:177 in get_style()] After column merge: {'format': '#,##0.00', 'alignment': 'center', 'width': 15, 'wrap_text': False}
>>> [36mDEBUG[0m >>> [footer_builder.py:158 in _apply_footer_cell_style()] Applied StyleRegistry style to footer cell col_gross (borders=yes)
>>> [36mDEBUG[0m >>> [style_registry.py:175 in get_style()] Column 'col_cbm' style dict: {'format': '0.00', 'alignment': 'center', 'vertical_alignment': None, 'width': 15, 'wrap_text': False}
>>> [36mDEBUG[0m >>> [style_registry.py:177 in get_style()] After column merge: {'format': '0.00', 'alignment': 'center', 'width': 15, 'wrap_text': False}
>>> [36mDEBUG[0m >>> [footer_builder.py:158 in _apply_footer_cell_style()] Applied StyleRegistry style to footer cell col_cbm (borders=yes)
>>> [36mDEBUG[0m >>> [footer_builder.py:445 in _build_before_footer()] [FooterBuilder._build_before_footer] Complete
>>> [36mDEBUG[0m >>> [footer_builder.py:240 in build()] before_footer row complete at row 38
>>> [0mINFO[0m >>> [FooterBuilder] Building regular footer at row 39
>>> [36mDEBUG[0m >>> [footer_builder.py:293 in _build_regular_footer()] [FooterBuilder._build_regular_footer] Starting at row 39
>>> [36mDEBUG[0m >>> [footer_builder.py:462 in _build_footer_common()] [FooterBuilder._build_footer_common] Row 39, text='TOTAL:'
>>> [36mDEBUG[0m >>> [footer_builder.py:467 in _build_footer_common()] [FooterBuilder._build_footer_common] num_columns=9, column_map has 10 entries
>>> [0mINFO[0m >>> [FooterBuilder._build_footer_common] TOTAL TEXT DEBUG:
>>> [0mINFO[0m >>>    total_text='TOTAL:'
>>> [0mINFO[0m >>>    total_text_col_id='col_po'
>>> [0mINFO[0m >>>    total_text_col_idx=2
>>> [0mINFO[0m >>>    column_map_by_id={'col_static': 1, 'col_po': 2, 'col_item': 3, 'col_desc': 4, 'col_qty_header': 5, 'col_qty_pcs': 5, 'col_qty_sf': 6, 'col_net': 7, 'col_gross': 8, 'col_cbm': 9}
>>> [36mDEBUG[0m >>> [style_registry.py:175 in get_style()] Column 'col_po' style dict: {'format': '@', 'alignment': 'center', 'vertical_alignment': None, 'width': 17, 'wrap_text': True}
>>> [36mDEBUG[0m >>> [style_registry.py:177 in get_style()] After column merge: {'format': '@', 'alignment': 'center', 'width': 17, 'wrap_text': True}
>>> [36mDEBUG[0m >>> [footer_builder.py:158 in _apply_footer_cell_style()] Applied StyleRegistry style to footer cell col_po (borders=yes)
>>> [36mDEBUG[0m >>> [footer_builder.py:166 in _apply_footer_cell_style()] Applied footer row height 27 to row 39
>>> [0mINFO[0m >>> [FooterBuilder._build_footer_common] WROTE TOTAL TEXT to B39 value='TOTAL:'
>>> [36mDEBUG[0m >>> [footer_builder.py:494 in _build_footer_common()] [FooterBuilder._build_footer_common] Pallet count: 13 at col_id=col_item, col_idx=3
>>> [36mDEBUG[0m >>> [style_registry.py:175 in get_style()] Column 'col_item' style dict: {'format': '@', 'alignment': 'center', 'vertical_alignment': None, 'width': 22.14, 'wrap_text': True}
>>> [36mDEBUG[0m >>> [style_registry.py:177 in get_style()] After column merge: {'format': '@', 'alignment': 'center', 'width': 22.14, 'wrap_text': True}
>>> [36mDEBUG[0m >>> [footer_builder.py:158 in _apply_footer_cell_style()] Applied StyleRegistry style to footer cell col_item (borders=yes)
>>> [36mDEBUG[0m >>> [footer_builder.py:500 in _build_footer_common()] [FooterBuilder._build_footer_common] Wrote pallet text to C39
>>> [36mDEBUG[0m >>> [footer_builder.py:504 in _build_footer_common()] [FooterBuilder._build_footer_common] Sum columns: ['col_qty_pcs', 'col_qty_sf', 'col_net', 'col_gross', 'col_cbm'], sum_ranges: [(23, 37)]
>>> [36mDEBUG[0m >>> [style_registry.py:175 in get_style()] Column 'col_qty_pcs' style dict: {'format': '#,##0', 'alignment': 'center', 'vertical_alignment': None, 'width': 15, 'wrap_text': False}
>>> [36mDEBUG[0m >>> [style_registry.py:177 in get_style()] After column merge: {'format': '#,##0', 'alignment': 'center', 'width': 15, 'wrap_text': False}
>>> [36mDEBUG[0m >>> [footer_builder.py:158 in _apply_footer_cell_style()] Applied StyleRegistry style to footer cell col_qty_pcs (borders=yes)
>>> [36mDEBUG[0m >>> [footer_builder.py:515 in _build_footer_common()] [FooterBuilder._build_footer_common] Wrote formula to E39: =SUM(E23:E37)
>>> [36mDEBUG[0m >>> [style_registry.py:175 in get_style()] Column 'col_qty_sf' style dict: {'format': '#,##0.00', 'alignment': 'center', 'vertical_alignment': None, 'width': 15, 'wrap_text': False}
>>> [36mDEBUG[0m >>> [style_registry.py:177 in get_style()] After column merge: {'format': '#,##0.00', 'alignment': 'center', 'width': 15, 'wrap_text': False}
>>> [36mDEBUG[0m >>> [footer_builder.py:158 in _apply_footer_cell_style()] Applied StyleRegistry style to footer cell col_qty_sf (borders=yes)
>>> [36mDEBUG[0m >>> [footer_builder.py:515 in _build_footer_common()] [FooterBuilder._build_footer_common] Wrote formula to F39: =SUM(F23:F37)
>>> [36mDEBUG[0m >>> [style_registry.py:175 in get_style()] Column 'col_net' style dict: {'format': '#,##0.00', 'alignment': 'center', 'vertical_alignment': None, 'width': 15, 'wrap_text': False}
>>> [36mDEBUG[0m >>> [style_registry.py:177 in get_style()] After column merge: {'format': '#,##0.00', 'alignment': 'center', 'width': 15, 'wrap_text': False}
>>> [36mDEBUG[0m >>> [footer_builder.py:158 in _apply_footer_cell_style()] Applied StyleRegistry style to footer cell col_net (borders=yes)
>>> [36mDEBUG[0m >>> [footer_builder.py:515 in _build_footer_common()] [FooterBuilder._build_footer_common] Wrote formula to G39: =SUM(G23:G37)
>>> [36mDEBUG[0m >>> [style_registry.py:175 in get_style()] Column 'col_gross' style dict: {'format': '#,##0.00', 'alignment': 'center', 'vertical_alignment': None, 'width': 15, 'wrap_text': False}
>>> [36mDEBUG[0m >>> [style_registry.py:177 in get_style()] After column merge: {'format': '#,##0.00', 'alignment': 'center', 'width': 15, 'wrap_text': False}
>>> [36mDEBUG[0m >>> [footer_builder.py:158 in _apply_footer_cell_style()] Applied StyleRegistry style to footer cell col_gross (borders=yes)
>>> [36mDEBUG[0m >>> [footer_builder.py:515 in _build_footer_common()] [FooterBuilder._build_footer_common] Wrote formula to H39: =SUM(H23:H37)
>>> [36mDEBUG[0m >>> [style_registry.py:175 in get_style()] Column 'col_cbm' style dict: {'format': '0.00', 'alignment': 'center', 'vertical_alignment': None, 'width': 15, 'wrap_text': False}
>>> [36mDEBUG[0m >>> [style_registry.py:177 in get_style()] After column merge: {'format': '0.00', 'alignment': 'center', 'width': 15, 'wrap_text': False}
>>> [36mDEBUG[0m >>> [footer_builder.py:158 in _apply_footer_cell_style()] Applied StyleRegistry style to footer cell col_cbm (borders=yes)
>>> [36mDEBUG[0m >>> [footer_builder.py:515 in _build_footer_common()] [FooterBuilder._build_footer_common] Wrote formula to I39: =SUM(I23:I37)
>>> [36mDEBUG[0m >>> [style_registry.py:175 in get_style()] Column 'col_static' style dict: {'format': '@', 'alignment': 'center', 'vertical_alignment': None, 'width': 24.71, 'wrap_text': True}
>>> [36mDEBUG[0m >>> [style_registry.py:177 in get_style()] After column merge: {'format': '@', 'alignment': 'center', 'width': 24.71, 'wrap_text': True}
>>> [36mDEBUG[0m >>> [footer_builder.py:158 in _apply_footer_cell_style()] Applied StyleRegistry style to footer cell col_static (borders=yes)
>>> [36mDEBUG[0m >>> [style_registry.py:175 in get_style()] Column 'col_po' style dict: {'format': '@', 'alignment': 'center', 'vertical_alignment': None, 'width': 17, 'wrap_text': True}
>>> [36mDEBUG[0m >>> [style_registry.py:177 in get_style()] After column merge: {'format': '@', 'alignment': 'center', 'width': 17, 'wrap_text': True}
>>> [36mDEBUG[0m >>> [footer_builder.py:158 in _apply_footer_cell_style()] Applied StyleRegistry style to footer cell col_po (borders=yes)
>>> [36mDEBUG[0m >>> [style_registry.py:175 in get_style()] Column 'col_item' style dict: {'format': '@', 'alignment': 'center', 'vertical_alignment': None, 'width': 22.14, 'wrap_text': True}
>>> [36mDEBUG[0m >>> [style_registry.py:177 in get_style()] After column merge: {'format': '@', 'alignment': 'center', 'width': 22.14, 'wrap_text': True}
>>> [36mDEBUG[0m >>> [footer_builder.py:158 in _apply_footer_cell_style()] Applied StyleRegistry style to footer cell col_item (borders=yes)
>>> [36mDEBUG[0m >>> [style_registry.py:175 in get_style()] Column 'col_desc' style dict: {'format': '@', 'alignment': 'center', 'vertical_alignment': None, 'width': 26, 'wrap_text': True}
>>> [36mDEBUG[0m >>> [style_registry.py:177 in get_style()] After column merge: {'format': '@', 'alignment': 'center', 'width': 26, 'wrap_text': True}
>>> [36mDEBUG[0m >>> [footer_builder.py:158 in _apply_footer_cell_style()] Applied StyleRegistry style to footer cell col_desc (borders=yes)
>>> [36mDEBUG[0m >>> [style_registry.py:175 in get_style()] Column 'col_qty_pcs' style dict: {'format': '#,##0', 'alignment': 'center', 'vertical_alignment': None, 'width': 15, 'wrap_text': False}
>>> [36mDEBUG[0m >>> [style_registry.py:177 in get_style()] After column merge: {'format': '#,##0', 'alignment': 'center', 'width': 15, 'wrap_text': False}
>>> [36mDEBUG[0m >>> [footer_builder.py:158 in _apply_footer_cell_style()] Applied StyleRegistry style to footer cell col_qty_pcs (borders=yes)
>>> [36mDEBUG[0m >>> [style_registry.py:175 in get_style()] Column 'col_qty_sf' style dict: {'format': '#,##0.00', 'alignment': 'center', 'vertical_alignment': None, 'width': 15, 'wrap_text': False}
>>> [36mDEBUG[0m >>> [style_registry.py:177 in get_style()] After column merge: {'format': '#,##0.00', 'alignment': 'center', 'width': 15, 'wrap_text': False}
>>> [36mDEBUG[0m >>> [footer_builder.py:158 in _apply_footer_cell_style()] Applied StyleRegistry style to footer cell col_qty_sf (borders=yes)
>>> [36mDEBUG[0m >>> [style_registry.py:175 in get_style()] Column 'col_net' style dict: {'format': '#,##0.00', 'alignment': 'center', 'vertical_alignment': None, 'width': 15, 'wrap_text': False}
>>> [36mDEBUG[0m >>> [style_registry.py:177 in get_style()] After column merge: {'format': '#,##0.00', 'alignment': 'center', 'width': 15, 'wrap_text': False}
>>> [36mDEBUG[0m >>> [footer_builder.py:158 in _apply_footer_cell_style()] Applied StyleRegistry style to footer cell col_net (borders=yes)
>>> [36mDEBUG[0m >>> [style_registry.py:175 in get_style()] Column 'col_gross' style dict: {'format': '#,##0.00', 'alignment': 'center', 'vertical_alignment': None, 'width': 15, 'wrap_text': False}
>>> [36mDEBUG[0m >>> [style_registry.py:177 in get_style()] After column merge: {'format': '#,##0.00', 'alignment': 'center', 'width': 15, 'wrap_text': False}
>>> [36mDEBUG[0m >>> [footer_builder.py:158 in _apply_footer_cell_style()] Applied StyleRegistry style to footer cell col_gross (borders=yes)
>>> [36mDEBUG[0m >>> [style_registry.py:175 in get_style()] Column 'col_cbm' style dict: {'format': '0.00', 'alignment': 'center', 'vertical_alignment': None, 'width': 15, 'wrap_text': False}
>>> [36mDEBUG[0m >>> [style_registry.py:177 in get_style()] After column merge: {'format': '0.00', 'alignment': 'center', 'width': 15, 'wrap_text': False}
>>> [36mDEBUG[0m >>> [footer_builder.py:158 in _apply_footer_cell_style()] Applied StyleRegistry style to footer cell col_cbm (borders=yes)
>>> [36mDEBUG[0m >>> [footer_builder.py:533 in _build_footer_common()] [FooterBuilder._build_footer_common] Applied styling to 9 cells
>>> [36mDEBUG[0m >>> [footer_builder.py:296 in _build_regular_footer()] [FooterBuilder._build_regular_footer] Complete
>>> [0mINFO[0m >>> [FooterBuilder] Regular footer built successfully at row 39
>>> [36mDEBUG[0m >>> [footer_builder.py:310 in _process_footer_addons()] [_process_footer_addons] Processing add-ons: ['before_footer', 'weight_summary', 'leather_summary']
>>> [36mDEBUG[0m >>> [footer_builder.py:324 in _process_footer_addons()] [_process_footer_addons] leather_summary config: {'enabled': True, 'mode': ['daf', 'standard']}
>>> [36mDEBUG[0m >>> [footer_builder.py:327 in _process_footer_addons()] Building leather_summary add-on at row 40
>>> [0mINFO[0m >>> Building leather summary add-on at row 40
>>> [36mDEBUG[0m >>> [style_registry.py:175 in get_style()] Column 'col_po' style dict: {'format': '@', 'alignment': 'center', 'vertical_alignment': None, 'width': 17, 'wrap_text': True}
>>> [36mDEBUG[0m >>> [style_registry.py:177 in get_style()] After column merge: {'format': '@', 'alignment': 'center', 'width': 17, 'wrap_text': True}
>>> [36mDEBUG[0m >>> [style_registry.py:175 in get_style()] Column 'col_item' style dict: {'format': '@', 'alignment': 'center', 'vertical_alignment': None, 'width': 22.14, 'wrap_text': True}
>>> [36mDEBUG[0m >>> [style_registry.py:177 in get_style()] After column merge: {'format': '@', 'alignment': 'center', 'width': 22.14, 'wrap_text': True}
>>> [36mDEBUG[0m >>> [style_registry.py:175 in get_style()] Column 'col_qty_pcs' style dict: {'format': '#,##0', 'alignment': 'center', 'vertical_alignment': None, 'width': 15, 'wrap_text': False}
>>> [36mDEBUG[0m >>> [style_registry.py:177 in get_style()] After column merge: {'format': '#,##0', 'alignment': 'center', 'width': 15, 'wrap_text': False}
>>> [36mDEBUG[0m >>> [style_registry.py:175 in get_style()] Column 'col_qty_sf' style dict: {'format': '#,##0.00', 'alignment': 'center', 'vertical_alignment': None, 'width': 15, 'wrap_text': False}
>>> [36mDEBUG[0m >>> [style_registry.py:177 in get_style()] After column merge: {'format': '#,##0.00', 'alignment': 'center', 'width': 15, 'wrap_text': False}
>>> [36mDEBUG[0m >>> [style_registry.py:175 in get_style()] Column 'col_net' style dict: {'format': '#,##0.00', 'alignment': 'center', 'vertical_alignment': None, 'width': 15, 'wrap_text': False}
>>> [36mDEBUG[0m >>> [style_registry.py:177 in get_style()] After column merge: {'format': '#,##0.00', 'alignment': 'center', 'width': 15, 'wrap_text': False}
>>> [36mDEBUG[0m >>> [style_registry.py:175 in get_style()] Column 'col_gross' style dict: {'format': '#,##0.00', 'alignment': 'center', 'vertical_alignment': None, 'width': 15, 'wrap_text': False}
>>> [36mDEBUG[0m >>> [style_registry.py:177 in get_style()] After column merge: {'format': '#,##0.00', 'alignment': 'center', 'width': 15, 'wrap_text': False}
>>> [36mDEBUG[0m >>> [style_registry.py:175 in get_style()] Column 'col_cbm' style dict: {'format': '0.00', 'alignment': 'center', 'vertical_alignment': None, 'width': 15, 'wrap_text': False}
>>> [36mDEBUG[0m >>> [style_registry.py:177 in get_style()] After column merge: {'format': '0.00', 'alignment': 'center', 'width': 15, 'wrap_text': False}
>>> [0mINFO[0m >>> Wrote BUFFALO summary row at 40
>>> [36mDEBUG[0m >>> [footer_builder.py:329 in _process_footer_addons()] leather_summary add-on returned row 41
>>> [0mINFO[0m >>> [FooterBuilder] COMPLETE - Started at 38, ended at 40, total rows: 3
>>> [36mDEBUG[0m >>> [layout_builder.py:623 in build()] FooterBuilder completed - rows 38-40 (3 rows), next available: 41
>>> [36mDEBUG[0m >>> [layout_builder.py:709 in _apply_footer_row_height()] Applied footer height 27 to row 38 (NEW format)
>>> [36mDEBUG[0m >>> [layout_builder.py:709 in _apply_footer_row_height()] Applied footer height 27 to row 39 (NEW format)
>>> [36mDEBUG[0m >>> [layout_builder.py:709 in _apply_footer_row_height()] Applied footer height 27 to row 40 (NEW format)
>>> [36mDEBUG[0m >>> [layout_builder.py:687 in build()] Skipping template footer restoration (skip_template_footer_restoration=True)
>>> [0mINFO[0m >>> Layout built successfully for sheet 'Packing list'
>>> [36mDEBUG[0m >>> [multi_table_processor.py:199 in process()] Table '1' complete. Next row: 42, Pallets: 13
>>> [36mDEBUG[0m >>> [multi_table_processor.py:200 in process()]   next_row_after_footer: 41
>>> [36mDEBUG[0m >>> [multi_table_processor.py:201 in process()]   data_start_row: 23
>>> [36mDEBUG[0m >>> [multi_table_processor.py:202 in process()]   data_end_row: 37
>>> [0mINFO[0m >>> Processing table '2' (2/2)
>>> [36mDEBUG[0m >>> [config_loader.py:123 in get_styling_config()] get_styling_config for 'Packing list'
>>> [36mDEBUG[0m >>> [config_loader.py:124 in get_styling_config()] Keys in sheet_styling: ['_comment', 'columns', 'row_contexts', '_legacy_column_specific']
>>> [36mDEBUG[0m >>> [config_loader.py:129 in get_styling_config()] NEW FORMAT detected - returning columns + row_contexts as-is
>>> [0mINFO[0m >>> Filtering out column 'col_blank_test' (skip_in_daf=True, DAF_mode=True)
>>> [36mDEBUG[0m >>> [builder_config_resolver.py:465 in _construct_header_info()] Column filtering: 9 total → 8 after filtering (DAF=True, custom=False)
>>> [0mINFO[0m >>> Merged 4 static values into first 4 data rows
>>> [36mDEBUG[0m >>> [multi_table_processor.py:140 in process()] Resolved 15 data rows for table '2'
>>> [36mDEBUG[0m >>> [multi_table_processor.py:151 in process()] Setting table '2' to start at row 42
>>> [36mDEBUG[0m >>> [layout_builder.py:132 in __init__()] LayoutBuilder initialized: skip_data_table_builder=False
>>> [0mINFO[0m >>> Building layout for sheet 'Packing list'
>>> [36mDEBUG[0m >>> [layout_builder.py:149 in build()] Reading from template, writing to output worksheet
>>> [36mDEBUG[0m >>> [layout_builder.py:178 in build()] [LayoutBuilder DEBUG] sheet_name=Packing list, header_row=1, table_header_row=42
>>> [36mDEBUG[0m >>> [layout_builder.py:179 in build()] [LayoutBuilder DEBUG] all_sheet_configs keys: ['_comment', 'Invoice', 'Contract', 'Packing list']
>>> [36mDEBUG[0m >>> [layout_builder.py:189 in build()] [LayoutBuilder DEBUG] template_header: rows 1-41, table_header: row 42, footer_start: row 46
>>> [0mINFO[0m >>> Using pre-captured template state (multi-table optimization)
>>> [36mDEBUG[0m >>> [layout_builder.py:199 in build()] Reusing template state: 20 header rows, 11 footer rows
>>> [36mDEBUG[0m >>> [layout_builder.py:237 in build()] Deferring template header restoration until after table building
>>> [36mDEBUG[0m >>> [layout_builder.py:248 in build()] Keeping NEW format styling (columns + row_contexts) as dict
>>> [36mDEBUG[0m >>> [layout_builder.py:306 in build()] Column 'col_static': template cols 1-1 → output cols 1-1
>>> [36mDEBUG[0m >>> [layout_builder.py:306 in build()] Column 'col_po': template cols 2-2 → output cols 2-2
>>> [36mDEBUG[0m >>> [layout_builder.py:306 in build()] Column 'col_item': template cols 3-3 → output cols 3-3
>>> [36mDEBUG[0m >>> [layout_builder.py:301 in build()] Column 'col_blank_test' removed: template cols 4-4 → None
>>> [36mDEBUG[0m >>> [layout_builder.py:306 in build()] Column 'col_desc': template cols 5-5 → output cols 4-4
>>> [36mDEBUG[0m >>> [layout_builder.py:306 in build()] Column 'col_qty_header': template cols 6-7 → output cols 5-6
>>> [36mDEBUG[0m >>> [layout_builder.py:306 in build()] Column 'col_net': template cols 8-8 → output cols 7-7
>>> [36mDEBUG[0m >>> [layout_builder.py:306 in build()] Column 'col_gross': template cols 9-9 → output cols 8-8
>>> [36mDEBUG[0m >>> [layout_builder.py:306 in build()] Column 'col_cbm': template cols 10-10 → output cols 9-9
>>> [0mINFO[0m >>> Built column mapping for template shifting: 9 active Excel columns
>>> [0mINFO[0m >>> Filtered bundled_columns: 9 → 8 (DAF=True, custom=False)
>>> [36mDEBUG[0m >>> [layout_builder.py:327 in build()] Creating HeaderBuilder at row 42
>>> [36mDEBUG[0m >>> [layout_builder.py:328 in build()] HeaderBuilder input - bundled_columns: 8, legacy_layout: 0
>>> [36mDEBUG[0m >>> [header_builder.py:47 in __init__()] HeaderBuilder received styling_dict type: <class 'dict'>
>>> [36mDEBUG[0m >>> [header_builder.py:49 in __init__()] Keys in styling_dict: ['columns', 'row_contexts']
>>> [36mDEBUG[0m >>> [style_registry.py:115 in _load_columns()] Loaded column 'col_static': alignment=center, vertical_alignment=None
>>> [36mDEBUG[0m >>> [style_registry.py:115 in _load_columns()] Loaded column 'col_po': alignment=center, vertical_alignment=None
>>> [36mDEBUG[0m >>> [style_registry.py:115 in _load_columns()] Loaded column 'col_item': alignment=center, vertical_alignment=None
>>> [36mDEBUG[0m >>> [style_registry.py:115 in _load_columns()] Loaded column 'col_desc': alignment=center, vertical_alignment=None
>>> [36mDEBUG[0m >>> [style_registry.py:115 in _load_columns()] Loaded column 'col_qty_header': alignment=center, vertical_alignment=None
>>> [36mDEBUG[0m >>> [style_registry.py:115 in _load_columns()] Loaded column 'col_qty_pcs': alignment=center, vertical_alignment=None
>>> [36mDEBUG[0m >>> [style_registry.py:115 in _load_columns()] Loaded column 'col_qty_sf': alignment=center, vertical_alignment=None
>>> [36mDEBUG[0m >>> [style_registry.py:115 in _load_columns()] Loaded column 'col_net': alignment=center, vertical_alignment=None
>>> [36mDEBUG[0m >>> [style_registry.py:115 in _load_columns()] Loaded column 'col_gross': alignment=center, vertical_alignment=None
>>> [36mDEBUG[0m >>> [style_registry.py:115 in _load_columns()] Loaded column 'col_cbm': alignment=center, vertical_alignment=None
>>> [36mDEBUG[0m >>> [style_registry.py:117 in _load_columns()] Loaded 10 column styles: ['col_static', 'col_po', 'col_item', 'col_desc', 'col_qty_header', 'col_qty_pcs', 'col_qty_sf', 'col_net', 'col_gross', 'col_cbm']
>>> [36mDEBUG[0m >>> [style_registry.py:135 in _load_row_contexts()] Loaded 3 row contexts: ['header', 'data', 'footer']
>>> [0mINFO[0m >>> StyleRegistry initialized successfully for HeaderBuilder
>>> [0mINFO[0m >>> Using BUNDLED config (columns=8)
>>> [36mDEBUG[0m >>> [header_builder.py:69 in __init__()] Sample bundled column: id='col_static', header='Mark & N?', format='None'
>>> [36mDEBUG[0m >>> [header_builder.py:71 in __init__()] Converted to 10 header cells
>>> [36mDEBUG[0m >>> [layout_builder.py:336 in build()] Calling HeaderBuilder.build() starting at row 42
>>> [36mDEBUG[0m >>> [style_registry.py:175 in get_style()] Column 'col_static' style dict: {'format': '@', 'alignment': 'center', 'vertical_alignment': None, 'width': 24.71, 'wrap_text': True}
>>> [36mDEBUG[0m >>> [style_registry.py:177 in get_style()] After column merge: {'format': '@', 'alignment': 'center', 'width': 24.71, 'wrap_text': True}
>>> [36mDEBUG[0m >>> [header_builder.py:137 in build()] Applied StyleRegistry style to header cell col_static
>>> [36mDEBUG[0m >>> [header_builder.py:144 in build()] Applied header row height 27 to row 42
>>> [36mDEBUG[0m >>> [style_registry.py:175 in get_style()] Column 'col_po' style dict: {'format': '@', 'alignment': 'center', 'vertical_alignment': None, 'width': 17, 'wrap_text': True}
>>> [36mDEBUG[0m >>> [style_registry.py:177 in get_style()] After column merge: {'format': '@', 'alignment': 'center', 'width': 17, 'wrap_text': True}
>>> [36mDEBUG[0m >>> [header_builder.py:137 in build()] Applied StyleRegistry style to header cell col_po
>>> [36mDEBUG[0m >>> [style_registry.py:175 in get_style()] Column 'col_item' style dict: {'format': '@', 'alignment': 'center', 'vertical_alignment': None, 'width': 22.14, 'wrap_text': True}
>>> [36mDEBUG[0m >>> [style_registry.py:177 in get_style()] After column merge: {'format': '@', 'alignment': 'center', 'width': 22.14, 'wrap_text': True}
>>> [36mDEBUG[0m >>> [header_builder.py:137 in build()] Applied StyleRegistry style to header cell col_item
>>> [36mDEBUG[0m >>> [style_registry.py:175 in get_style()] Column 'col_desc' style dict: {'format': '@', 'alignment': 'center', 'vertical_alignment': None, 'width': 26, 'wrap_text': True}
>>> [36mDEBUG[0m >>> [style_registry.py:177 in get_style()] After column merge: {'format': '@', 'alignment': 'center', 'width': 26, 'wrap_text': True}
>>> [36mDEBUG[0m >>> [header_builder.py:137 in build()] Applied StyleRegistry style to header cell col_desc
>>> [36mDEBUG[0m >>> [style_registry.py:175 in get_style()] Column 'col_qty_header' style dict: {'format': '@', 'alignment': 'center', 'vertical_alignment': None, 'width': 15, 'wrap_text': True}
>>> [36mDEBUG[0m >>> [style_registry.py:177 in get_style()] After column merge: {'format': '@', 'alignment': 'center', 'width': 15, 'wrap_text': True}
>>> [36mDEBUG[0m >>> [header_builder.py:137 in build()] Applied StyleRegistry style to header cell col_qty_header
>>> [36mDEBUG[0m >>> [style_registry.py:175 in get_style()] Column 'col_qty_pcs' style dict: {'format': '#,##0', 'alignment': 'center', 'vertical_alignment': None, 'width': 15, 'wrap_text': False}
>>> [36mDEBUG[0m >>> [style_registry.py:177 in get_style()] After column merge: {'format': '#,##0', 'alignment': 'center', 'width': 15, 'wrap_text': False}
>>> [36mDEBUG[0m >>> [header_builder.py:137 in build()] Applied StyleRegistry style to header cell col_qty_pcs
>>> [36mDEBUG[0m >>> [header_builder.py:144 in build()] Applied header row height 27 to row 43
>>> [36mDEBUG[0m >>> [style_registry.py:175 in get_style()] Column 'col_qty_sf' style dict: {'format': '#,##0.00', 'alignment': 'center', 'vertical_alignment': None, 'width': 15, 'wrap_text': False}
>>> [36mDEBUG[0m >>> [style_registry.py:177 in get_style()] After column merge: {'format': '#,##0.00', 'alignment': 'center', 'width': 15, 'wrap_text': False}
>>> [36mDEBUG[0m >>> [header_builder.py:137 in build()] Applied StyleRegistry style to header cell col_qty_sf
>>> [36mDEBUG[0m >>> [style_registry.py:175 in get_style()] Column 'col_net' style dict: {'format': '#,##0.00', 'alignment': 'center', 'vertical_alignment': None, 'width': 15, 'wrap_text': False}
>>> [36mDEBUG[0m >>> [style_registry.py:177 in get_style()] After column merge: {'format': '#,##0.00', 'alignment': 'center', 'width': 15, 'wrap_text': False}
>>> [36mDEBUG[0m >>> [header_builder.py:137 in build()] Applied StyleRegistry style to header cell col_net
>>> [36mDEBUG[0m >>> [style_registry.py:175 in get_style()] Column 'col_gross' style dict: {'format': '#,##0.00', 'alignment': 'center', 'vertical_alignment': None, 'width': 15, 'wrap_text': False}
>>> [36mDEBUG[0m >>> [style_registry.py:177 in get_style()] After column merge: {'format': '#,##0.00', 'alignment': 'center', 'width': 15, 'wrap_text': False}
>>> [36mDEBUG[0m >>> [header_builder.py:137 in build()] Applied StyleRegistry style to header cell col_gross
>>> [36mDEBUG[0m >>> [style_registry.py:175 in get_style()] Column 'col_cbm' style dict: {'format': '0.00', 'alignment': 'center', 'vertical_alignment': None, 'width': 15, 'wrap_text': False}
>>> [36mDEBUG[0m >>> [style_registry.py:177 in get_style()] After column merge: {'format': '0.00', 'alignment': 'center', 'width': 15, 'wrap_text': False}
>>> [36mDEBUG[0m >>> [header_builder.py:137 in build()] Applied StyleRegistry style to header cell col_cbm
>>> [36mDEBUG[0m >>> [layout_builder.py:346 in build()] HeaderBuilder completed - rows 42-43, 10 columns
>>> [36mDEBUG[0m >>> [layout_builder.py:351 in build()] POST-HeaderBuilder - Cell(42,1) font: name=Times New Roman, size=12.0, bold=True
>>> [36mDEBUG[0m >>> [layout_builder.py:369 in build()] skip_data_table_builder = False
>>> [0mINFO[0m >>> Entering data table builder block
>>> [36mDEBUG[0m >>> [layout_builder.py:386 in build()] [LayoutBuilder DEBUG] self.provided_resolved_data = True
>>> [36mDEBUG[0m >>> [layout_builder.py:387 in build()] [LayoutBuilder DEBUG] self.provided_data_source_type = None
>>> [36mDEBUG[0m >>> [layout_builder.py:388 in build()] [LayoutBuilder DEBUG] self.provided_data_source = None
>>> [0mINFO[0m >>> Using resolver-provided resolved_data (modern approach)
>>> [36mDEBUG[0m >>> [layout_builder.py:473 in build()] Creating DataTableBuilder - Expected to start at row 44
>>> [36mDEBUG[0m >>> [layout_builder.py:474 in build()] DataTableBuilder input - data_source_type: None, has_data: False
>>> [36mDEBUG[0m >>> [style_registry.py:115 in _load_columns()] Loaded column 'col_static': alignment=center, vertical_alignment=None
>>> [36mDEBUG[0m >>> [style_registry.py:115 in _load_columns()] Loaded column 'col_po': alignment=center, vertical_alignment=None
>>> [36mDEBUG[0m >>> [style_registry.py:115 in _load_columns()] Loaded column 'col_item': alignment=center, vertical_alignment=None
>>> [36mDEBUG[0m >>> [style_registry.py:115 in _load_columns()] Loaded column 'col_desc': alignment=center, vertical_alignment=None
>>> [36mDEBUG[0m >>> [style_registry.py:115 in _load_columns()] Loaded column 'col_qty_header': alignment=center, vertical_alignment=None
>>> [36mDEBUG[0m >>> [style_registry.py:115 in _load_columns()] Loaded column 'col_qty_pcs': alignment=center, vertical_alignment=None
>>> [36mDEBUG[0m >>> [style_registry.py:115 in _load_columns()] Loaded column 'col_qty_sf': alignment=center, vertical_alignment=None
>>> [36mDEBUG[0m >>> [style_registry.py:115 in _load_columns()] Loaded column 'col_net': alignment=center, vertical_alignment=None
>>> [36mDEBUG[0m >>> [style_registry.py:115 in _load_columns()] Loaded column 'col_gross': alignment=center, vertical_alignment=None
>>> [36mDEBUG[0m >>> [style_registry.py:115 in _load_columns()] Loaded column 'col_cbm': alignment=center, vertical_alignment=None
>>> [36mDEBUG[0m >>> [style_registry.py:117 in _load_columns()] Loaded 10 column styles: ['col_static', 'col_po', 'col_item', 'col_desc', 'col_qty_header', 'col_qty_pcs', 'col_qty_sf', 'col_net', 'col_gross', 'col_cbm']
>>> [36mDEBUG[0m >>> [style_registry.py:135 in _load_row_contexts()] Loaded 3 row contexts: ['header', 'data', 'footer']
>>> [0mINFO[0m >>> StyleRegistry initialized successfully for DataTableBuilder
>>> [36mDEBUG[0m >>> [data_table_builder.py:93 in __init__()] DataTableBuilder initialized with 15 total rows (including any static rows)
>>> [36mDEBUG[0m >>> [layout_builder.py:484 in build()] Calling DataTableBuilder.build()
>>> [36mDEBUG[0m >>> [data_table_builder.py:115 in _update_leather_summary()] Checking row description: 'L LEESWORTH BUFFALO OCEAN U43809'
>>> [36mDEBUG[0m >>> [data_table_builder.py:124 in _update_leather_summary()] Found BUFFALO leather row: L LEESWORTH BUFFALO OCEAN U43809
>>> [36mDEBUG[0m >>> [data_table_builder.py:146 in _update_leather_summary()] Added 140491 to BUFFALO col_item. New total: 140491
>>> [36mDEBUG[0m >>> [data_table_builder.py:146 in _update_leather_summary()] Added 290 to BUFFALO col_qty_pcs. New total: 290
>>> [36mDEBUG[0m >>> [data_table_builder.py:146 in _update_leather_summary()] Added 11036.9 to BUFFALO col_qty_sf. New total: 11036.9
>>> [36mDEBUG[0m >>> [data_table_builder.py:146 in _update_leather_summary()] Added 718.5 to BUFFALO col_net. New total: 718.5
>>> [36mDEBUG[0m >>> [data_table_builder.py:146 in _update_leather_summary()] Added 763.5 to BUFFALO col_gross. New total: 763.5
>>> [36mDEBUG[0m >>> [data_table_builder.py:146 in _update_leather_summary()] Added 2.574 to BUFFALO col_cbm. New total: 2.574
>>> [36mDEBUG[0m >>> [style_registry.py:175 in get_style()] Column 'col_po' style dict: {'format': '@', 'alignment': 'center', 'vertical_alignment': None, 'width': 17, 'wrap_text': True}
>>> [36mDEBUG[0m >>> [style_registry.py:177 in get_style()] After column merge: {'format': '@', 'alignment': 'center', 'width': 17, 'wrap_text': True}
>>> [36mDEBUG[0m >>> [data_table_builder.py:233 in build()] Applied row height 27 to row 44
>>> [36mDEBUG[0m >>> [style_registry.py:175 in get_style()] Column 'col_item' style dict: {'format': '@', 'alignment': 'center', 'vertical_alignment': None, 'width': 22.14, 'wrap_text': True}
>>> [36mDEBUG[0m >>> [style_registry.py:177 in get_style()] After column merge: {'format': '@', 'alignment': 'center', 'width': 22.14, 'wrap_text': True}
>>> [36mDEBUG[0m >>> [style_registry.py:175 in get_style()] Column 'col_desc' style dict: {'format': '@', 'alignment': 'center', 'vertical_alignment': None, 'width': 26, 'wrap_text': True}
>>> [36mDEBUG[0m >>> [style_registry.py:177 in get_style()] After column merge: {'format': '@', 'alignment': 'center', 'width': 26, 'wrap_text': True}
>>> [36mDEBUG[0m >>> [style_registry.py:175 in get_style()] Column 'col_qty_pcs' style dict: {'format': '#,##0', 'alignment': 'center', 'vertical_alignment': None, 'width': 15, 'wrap_text': False}
>>> [36mDEBUG[0m >>> [style_registry.py:177 in get_style()] After column merge: {'format': '#,##0', 'alignment': 'center', 'width': 15, 'wrap_text': False}
>>> [36mDEBUG[0m >>> [style_registry.py:175 in get_style()] Column 'col_qty_sf' style dict: {'format': '#,##0.00', 'alignment': 'center', 'vertical_alignment': None, 'width': 15, 'wrap_text': False}
>>> [36mDEBUG[0m >>> [style_registry.py:177 in get_style()] After column merge: {'format': '#,##0.00', 'alignment': 'center', 'width': 15, 'wrap_text': False}
>>> [36mDEBUG[0m >>> [style_registry.py:175 in get_style()] Column 'col_net' style dict: {'format': '#,##0.00', 'alignment': 'center', 'vertical_alignment': None, 'width': 15, 'wrap_text': False}
>>> [36mDEBUG[0m >>> [style_registry.py:177 in get_style()] After column merge: {'format': '#,##0.00', 'alignment': 'center', 'width': 15, 'wrap_text': False}
>>> [36mDEBUG[0m >>> [style_registry.py:175 in get_style()] Column 'col_gross' style dict: {'format': '#,##0.00', 'alignment': 'center', 'vertical_alignment': None, 'width': 15, 'wrap_text': False}
>>> [36mDEBUG[0m >>> [style_registry.py:177 in get_style()] After column merge: {'format': '#,##0.00', 'alignment': 'center', 'width': 15, 'wrap_text': False}
>>> [36mDEBUG[0m >>> [style_registry.py:175 in get_style()] Column 'col_cbm' style dict: {'format': '0.00', 'alignment': 'center', 'vertical_alignment': None, 'width': 15, 'wrap_text': False}
>>> [36mDEBUG[0m >>> [style_registry.py:177 in get_style()] After column merge: {'format': '0.00', 'alignment': 'center', 'width': 15, 'wrap_text': False}
>>> [36mDEBUG[0m >>> [style_registry.py:175 in get_style()] Column 'col_static' style dict: {'format': '@', 'alignment': 'center', 'vertical_alignment': None, 'width': 24.71, 'wrap_text': True}
>>> [36mDEBUG[0m >>> [style_registry.py:177 in get_style()] After column merge: {'format': '@', 'alignment': 'center', 'width': 24.71, 'wrap_text': True}
>>> [36mDEBUG[0m >>> [data_table_builder.py:115 in _update_leather_summary()] Checking row description: 'L LEESWORTH BUFFALO OCEAN U43809'
>>> [36mDEBUG[0m >>> [data_table_builder.py:124 in _update_leather_summary()] Found BUFFALO leather row: L LEESWORTH BUFFALO OCEAN U43809
>>> [36mDEBUG[0m >>> [data_table_builder.py:146 in _update_leather_summary()] Added 140491 to BUFFALO col_item. New total: 280982
>>> [36mDEBUG[0m >>> [data_table_builder.py:146 in _update_leather_summary()] Added 289 to BUFFALO col_qty_pcs. New total: 579
>>> [36mDEBUG[0m >>> [data_table_builder.py:146 in _update_leather_summary()] Added 11022.9 to BUFFALO col_qty_sf. New total: 22059.8
>>> [36mDEBUG[0m >>> [data_table_builder.py:146 in _update_leather_summary()] Added 726 to BUFFALO col_net. New total: 1444.5
>>> [36mDEBUG[0m >>> [data_table_builder.py:146 in _update_leather_summary()] Added 771 to BUFFALO col_gross. New total: 1534.5
>>> [36mDEBUG[0m >>> [data_table_builder.py:146 in _update_leather_summary()] Added 2.574 to BUFFALO col_cbm. New total: 5.148
>>> [36mDEBUG[0m >>> [style_registry.py:175 in get_style()] Column 'col_po' style dict: {'format': '@', 'alignment': 'center', 'vertical_alignment': None, 'width': 17, 'wrap_text': True}
>>> [36mDEBUG[0m >>> [style_registry.py:177 in get_style()] After column merge: {'format': '@', 'alignment': 'center', 'width': 17, 'wrap_text': True}
>>> [36mDEBUG[0m >>> [data_table_builder.py:233 in build()] Applied row height 27 to row 45
>>> [36mDEBUG[0m >>> [style_registry.py:175 in get_style()] Column 'col_item' style dict: {'format': '@', 'alignment': 'center', 'vertical_alignment': None, 'width': 22.14, 'wrap_text': True}
>>> [36mDEBUG[0m >>> [style_registry.py:177 in get_style()] After column merge: {'format': '@', 'alignment': 'center', 'width': 22.14, 'wrap_text': True}
>>> [36mDEBUG[0m >>> [style_registry.py:175 in get_style()] Column 'col_desc' style dict: {'format': '@', 'alignment': 'center', 'vertical_alignment': None, 'width': 26, 'wrap_text': True}
>>> [36mDEBUG[0m >>> [style_registry.py:177 in get_style()] After column merge: {'format': '@', 'alignment': 'center', 'width': 26, 'wrap_text': True}
>>> [36mDEBUG[0m >>> [style_registry.py:175 in get_style()] Column 'col_qty_pcs' style dict: {'format': '#,##0', 'alignment': 'center', 'vertical_alignment': None, 'width': 15, 'wrap_text': False}
>>> [36mDEBUG[0m >>> [style_registry.py:177 in get_style()] After column merge: {'format': '#,##0', 'alignment': 'center', 'width': 15, 'wrap_text': False}
>>> [36mDEBUG[0m >>> [style_registry.py:175 in get_style()] Column 'col_qty_sf' style dict: {'format': '#,##0.00', 'alignment': 'center', 'vertical_alignment': None, 'width': 15, 'wrap_text': False}
>>> [36mDEBUG[0m >>> [style_registry.py:177 in get_style()] After column merge: {'format': '#,##0.00', 'alignment': 'center', 'width': 15, 'wrap_text': False}
>>> [36mDEBUG[0m >>> [style_registry.py:175 in get_style()] Column 'col_net' style dict: {'format': '#,##0.00', 'alignment': 'center', 'vertical_alignment': None, 'width': 15, 'wrap_text': False}
>>> [36mDEBUG[0m >>> [style_registry.py:177 in get_style()] After column merge: {'format': '#,##0.00', 'alignment': 'center', 'width': 15, 'wrap_text': False}
>>> [36mDEBUG[0m >>> [style_registry.py:175 in get_style()] Column 'col_gross' style dict: {'format': '#,##0.00', 'alignment': 'center', 'vertical_alignment': None, 'width': 15, 'wrap_text': False}
>>> [36mDEBUG[0m >>> [style_registry.py:177 in get_style()] After column merge: {'format': '#,##0.00', 'alignment': 'center', 'width': 15, 'wrap_text': False}
>>> [36mDEBUG[0m >>> [style_registry.py:175 in get_style()] Column 'col_cbm' style dict: {'format': '0.00', 'alignment': 'center', 'vertical_alignment': None, 'width': 15, 'wrap_text': False}
>>> [36mDEBUG[0m >>> [style_registry.py:177 in get_style()] After column merge: {'format': '0.00', 'alignment': 'center', 'width': 15, 'wrap_text': False}
>>> [36mDEBUG[0m >>> [style_registry.py:175 in get_style()] Column 'col_static' style dict: {'format': '@', 'alignment': 'center', 'vertical_alignment': None, 'width': 24.71, 'wrap_text': True}
>>> [36mDEBUG[0m >>> [style_registry.py:177 in get_style()] After column merge: {'format': '@', 'alignment': 'center', 'width': 24.71, 'wrap_text': True}
>>> [36mDEBUG[0m >>> [data_table_builder.py:115 in _update_leather_summary()] Checking row description: 'L LEESWORTH BUFFALO OCEAN U43809'
>>> [36mDEBUG[0m >>> [data_table_builder.py:124 in _update_leather_summary()] Found BUFFALO leather row: L LEESWORTH BUFFALO OCEAN U43809
>>> [36mDEBUG[0m >>> [data_table_builder.py:146 in _update_leather_summary()] Added 140491 to BUFFALO col_item. New total: 421473
>>> [36mDEBUG[0m >>> [data_table_builder.py:146 in _update_leather_summary()] Added 277 to BUFFALO col_qty_pcs. New total: 856
>>> [36mDEBUG[0m >>> [data_table_builder.py:146 in _update_leather_summary()] Added 10326.1 to BUFFALO col_qty_sf. New total: 32385.9
>>> [36mDEBUG[0m >>> [data_table_builder.py:146 in _update_leather_summary()] Added 680.5 to BUFFALO col_net. New total: 2125.0
>>> [36mDEBUG[0m >>> [data_table_builder.py:146 in _update_leather_summary()] Added 725.5 to BUFFALO col_gross. New total: 2260.0
>>> [36mDEBUG[0m >>> [data_table_builder.py:146 in _update_leather_summary()] Added 2.574 to BUFFALO col_cbm. New total: 7.7219999999999995
>>> [36mDEBUG[0m >>> [style_registry.py:175 in get_style()] Column 'col_po' style dict: {'format': '@', 'alignment': 'center', 'vertical_alignment': None, 'width': 17, 'wrap_text': True}
>>> [36mDEBUG[0m >>> [style_registry.py:177 in get_style()] After column merge: {'format': '@', 'alignment': 'center', 'width': 17, 'wrap_text': True}
>>> [36mDEBUG[0m >>> [data_table_builder.py:233 in build()] Applied row height 27 to row 46
>>> [36mDEBUG[0m >>> [style_registry.py:175 in get_style()] Column 'col_item' style dict: {'format': '@', 'alignment': 'center', 'vertical_alignment': None, 'width': 22.14, 'wrap_text': True}
>>> [36mDEBUG[0m >>> [style_registry.py:177 in get_style()] After column merge: {'format': '@', 'alignment': 'center', 'width': 22.14, 'wrap_text': True}
>>> [36mDEBUG[0m >>> [style_registry.py:175 in get_style()] Column 'col_desc' style dict: {'format': '@', 'alignment': 'center', 'vertical_alignment': None, 'width': 26, 'wrap_text': True}
>>> [36mDEBUG[0m >>> [style_registry.py:177 in get_style()] After column merge: {'format': '@', 'alignment': 'center', 'width': 26, 'wrap_text': True}
>>> [36mDEBUG[0m >>> [style_registry.py:175 in get_style()] Column 'col_qty_pcs' style dict: {'format': '#,##0', 'alignment': 'center', 'vertical_alignment': None, 'width': 15, 'wrap_text': False}
>>> [36mDEBUG[0m >>> [style_registry.py:177 in get_style()] After column merge: {'format': '#,##0', 'alignment': 'center', 'width': 15, 'wrap_text': False}
>>> [36mDEBUG[0m >>> [style_registry.py:175 in get_style()] Column 'col_qty_sf' style dict: {'format': '#,##0.00', 'alignment': 'center', 'vertical_alignment': None, 'width': 15, 'wrap_text': False}
>>> [36mDEBUG[0m >>> [style_registry.py:177 in get_style()] After column merge: {'format': '#,##0.00', 'alignment': 'center', 'width': 15, 'wrap_text': False}
>>> [36mDEBUG[0m >>> [style_registry.py:175 in get_style()] Column 'col_net' style dict: {'format': '#,##0.00', 'alignment': 'center', 'vertical_alignment': None, 'width': 15, 'wrap_text': False}
>>> [36mDEBUG[0m >>> [style_registry.py:177 in get_style()] After column merge: {'format': '#,##0.00', 'alignment': 'center', 'width': 15, 'wrap_text': False}
>>> [36mDEBUG[0m >>> [style_registry.py:175 in get_style()] Column 'col_gross' style dict: {'format': '#,##0.00', 'alignment': 'center', 'vertical_alignment': None, 'width': 15, 'wrap_text': False}
>>> [36mDEBUG[0m >>> [style_registry.py:177 in get_style()] After column merge: {'format': '#,##0.00', 'alignment': 'center', 'width': 15, 'wrap_text': False}
>>> [36mDEBUG[0m >>> [style_registry.py:175 in get_style()] Column 'col_cbm' style dict: {'format': '0.00', 'alignment': 'center', 'vertical_alignment': None, 'width': 15, 'wrap_text': False}
>>> [36mDEBUG[0m >>> [style_registry.py:177 in get_style()] After column merge: {'format': '0.00', 'alignment': 'center', 'width': 15, 'wrap_text': False}
>>> [36mDEBUG[0m >>> [style_registry.py:175 in get_style()] Column 'col_static' style dict: {'format': '@', 'alignment': 'center', 'vertical_alignment': None, 'width': 24.71, 'wrap_text': True}
>>> [36mDEBUG[0m >>> [style_registry.py:177 in get_style()] After column merge: {'format': '@', 'alignment': 'center', 'width': 24.71, 'wrap_text': True}
>>> [36mDEBUG[0m >>> [data_table_builder.py:115 in _update_leather_summary()] Checking row description: 'L LEESWORTH BUFFALO OCEAN U43809'
>>> [36mDEBUG[0m >>> [data_table_builder.py:124 in _update_leather_summary()] Found BUFFALO leather row: L LEESWORTH BUFFALO OCEAN U43809
>>> [36mDEBUG[0m >>> [data_table_builder.py:146 in _update_leather_summary()] Added 140491 to BUFFALO col_item. New total: 561964
>>> [36mDEBUG[0m >>> [data_table_builder.py:146 in _update_leather_summary()] Added 145 to BUFFALO col_qty_pcs. New total: 1001
>>> [36mDEBUG[0m >>> [data_table_builder.py:146 in _update_leather_summary()] Added 5335.1 to BUFFALO col_qty_sf. New total: 37721.0
>>> [36mDEBUG[0m >>> [data_table_builder.py:146 in _update_leather_summary()] Added 344.6279 to BUFFALO col_net. New total: 2469.6279
>>> [36mDEBUG[0m >>> [data_table_builder.py:146 in _update_leather_summary()] Added 374.9767 to BUFFALO col_gross. New total: 2634.9767
>>> [36mDEBUG[0m >>> [data_table_builder.py:146 in _update_leather_summary()] Added 1.3888 to BUFFALO col_cbm. New total: 9.1108
>>> [36mDEBUG[0m >>> [style_registry.py:175 in get_style()] Column 'col_po' style dict: {'format': '@', 'alignment': 'center', 'vertical_alignment': None, 'width': 17, 'wrap_text': True}
>>> [36mDEBUG[0m >>> [style_registry.py:177 in get_style()] After column merge: {'format': '@', 'alignment': 'center', 'width': 17, 'wrap_text': True}
>>> [36mDEBUG[0m >>> [data_table_builder.py:233 in build()] Applied row height 27 to row 47
>>> [36mDEBUG[0m >>> [style_registry.py:175 in get_style()] Column 'col_item' style dict: {'format': '@', 'alignment': 'center', 'vertical_alignment': None, 'width': 22.14, 'wrap_text': True}
>>> [36mDEBUG[0m >>> [style_registry.py:177 in get_style()] After column merge: {'format': '@', 'alignment': 'center', 'width': 22.14, 'wrap_text': True}
>>> [36mDEBUG[0m >>> [style_registry.py:175 in get_style()] Column 'col_desc' style dict: {'format': '@', 'alignment': 'center', 'vertical_alignment': None, 'width': 26, 'wrap_text': True}
>>> [36mDEBUG[0m >>> [style_registry.py:177 in get_style()] After column merge: {'format': '@', 'alignment': 'center', 'width': 26, 'wrap_text': True}
>>> [36mDEBUG[0m >>> [style_registry.py:175 in get_style()] Column 'col_qty_pcs' style dict: {'format': '#,##0', 'alignment': 'center', 'vertical_alignment': None, 'width': 15, 'wrap_text': False}
>>> [36mDEBUG[0m >>> [style_registry.py:177 in get_style()] After column merge: {'format': '#,##0', 'alignment': 'center', 'width': 15, 'wrap_text': False}
>>> [36mDEBUG[0m >>> [style_registry.py:175 in get_style()] Column 'col_qty_sf' style dict: {'format': '#,##0.00', 'alignment': 'center', 'vertical_alignment': None, 'width': 15, 'wrap_text': False}
>>> [36mDEBUG[0m >>> [style_registry.py:177 in get_style()] After column merge: {'format': '#,##0.00', 'alignment': 'center', 'width': 15, 'wrap_text': False}
>>> [36mDEBUG[0m >>> [style_registry.py:175 in get_style()] Column 'col_net' style dict: {'format': '#,##0.00', 'alignment': 'center', 'vertical_alignment': None, 'width': 15, 'wrap_text': False}
>>> [36mDEBUG[0m >>> [style_registry.py:177 in get_style()] After column merge: {'format': '#,##0.00', 'alignment': 'center', 'width': 15, 'wrap_text': False}
>>> [36mDEBUG[0m >>> [style_registry.py:175 in get_style()] Column 'col_gross' style dict: {'format': '#,##0.00', 'alignment': 'center', 'vertical_alignment': None, 'width': 15, 'wrap_text': False}
>>> [36mDEBUG[0m >>> [style_registry.py:177 in get_style()] After column merge: {'format': '#,##0.00', 'alignment': 'center', 'width': 15, 'wrap_text': False}
>>> [36mDEBUG[0m >>> [style_registry.py:175 in get_style()] Column 'col_cbm' style dict: {'format': '0.00', 'alignment': 'center', 'vertical_alignment': None, 'width': 15, 'wrap_text': False}
>>> [36mDEBUG[0m >>> [style_registry.py:177 in get_style()] After column merge: {'format': '0.00', 'alignment': 'center', 'width': 15, 'wrap_text': False}
>>> [36mDEBUG[0m >>> [style_registry.py:175 in get_style()] Column 'col_static' style dict: {'format': '@', 'alignment': 'center', 'vertical_alignment': None, 'width': 24.71, 'wrap_text': True}
>>> [36mDEBUG[0m >>> [style_registry.py:177 in get_style()] After column merge: {'format': '@', 'alignment': 'center', 'width': 24.71, 'wrap_text': True}
>>> [36mDEBUG[0m >>> [data_table_builder.py:115 in _update_leather_summary()] Checking row description: 'L LEESWORTH BUFFALO OCEAN U43809'
>>> [36mDEBUG[0m >>> [data_table_builder.py:124 in _update_leather_summary()] Found BUFFALO leather row: L LEESWORTH BUFFALO OCEAN U43809
>>> [36mDEBUG[0m >>> [data_table_builder.py:146 in _update_leather_summary()] Added 140491 to BUFFALO col_item. New total: 702455
>>> [36mDEBUG[0m >>> [data_table_builder.py:146 in _update_leather_summary()] Added 70 to BUFFALO col_qty_pcs. New total: 1071
>>> [36mDEBUG[0m >>> [data_table_builder.py:146 in _update_leather_summary()] Added 2421.4 to BUFFALO col_qty_sf. New total: 40142.4
>>> [36mDEBUG[0m >>> [data_table_builder.py:146 in _update_leather_summary()] Added 166.3721 to BUFFALO col_net. New total: 2636.0
>>> [36mDEBUG[0m >>> [data_table_builder.py:146 in _update_leather_summary()] Added 181.0233 to BUFFALO col_gross. New total: 2816.0
>>> [36mDEBUG[0m >>> [data_table_builder.py:146 in _update_leather_summary()] Added 0.6704 to BUFFALO col_cbm. New total: 9.7812
>>> [36mDEBUG[0m >>> [style_registry.py:175 in get_style()] Column 'col_po' style dict: {'format': '@', 'alignment': 'center', 'vertical_alignment': None, 'width': 17, 'wrap_text': True}
>>> [36mDEBUG[0m >>> [style_registry.py:177 in get_style()] After column merge: {'format': '@', 'alignment': 'center', 'width': 17, 'wrap_text': True}
>>> [36mDEBUG[0m >>> [data_table_builder.py:233 in build()] Applied row height 27 to row 48
>>> [36mDEBUG[0m >>> [style_registry.py:175 in get_style()] Column 'col_item' style dict: {'format': '@', 'alignment': 'center', 'vertical_alignment': None, 'width': 22.14, 'wrap_text': True}
>>> [36mDEBUG[0m >>> [style_registry.py:177 in get_style()] After column merge: {'format': '@', 'alignment': 'center', 'width': 22.14, 'wrap_text': True}
>>> [36mDEBUG[0m >>> [style_registry.py:175 in get_style()] Column 'col_desc' style dict: {'format': '@', 'alignment': 'center', 'vertical_alignment': None, 'width': 26, 'wrap_text': True}
>>> [36mDEBUG[0m >>> [style_registry.py:177 in get_style()] After column merge: {'format': '@', 'alignment': 'center', 'width': 26, 'wrap_text': True}
>>> [36mDEBUG[0m >>> [style_registry.py:175 in get_style()] Column 'col_qty_pcs' style dict: {'format': '#,##0', 'alignment': 'center', 'vertical_alignment': None, 'width': 15, 'wrap_text': False}
>>> [36mDEBUG[0m >>> [style_registry.py:177 in get_style()] After column merge: {'format': '#,##0', 'alignment': 'center', 'width': 15, 'wrap_text': False}
>>> [36mDEBUG[0m >>> [style_registry.py:175 in get_style()] Column 'col_qty_sf' style dict: {'format': '#,##0.00', 'alignment': 'center', 'vertical_alignment': None, 'width': 15, 'wrap_text': False}
>>> [36mDEBUG[0m >>> [style_registry.py:177 in get_style()] After column merge: {'format': '#,##0.00', 'alignment': 'center', 'width': 15, 'wrap_text': False}
>>> [36mDEBUG[0m >>> [style_registry.py:175 in get_style()] Column 'col_net' style dict: {'format': '#,##0.00', 'alignment': 'center', 'vertical_alignment': None, 'width': 15, 'wrap_text': False}
>>> [36mDEBUG[0m >>> [style_registry.py:177 in get_style()] After column merge: {'format': '#,##0.00', 'alignment': 'center', 'width': 15, 'wrap_text': False}
>>> [36mDEBUG[0m >>> [style_registry.py:175 in get_style()] Column 'col_gross' style dict: {'format': '#,##0.00', 'alignment': 'center', 'vertical_alignment': None, 'width': 15, 'wrap_text': False}
>>> [36mDEBUG[0m >>> [style_registry.py:177 in get_style()] After column merge: {'format': '#,##0.00', 'alignment': 'center', 'width': 15, 'wrap_text': False}
>>> [36mDEBUG[0m >>> [style_registry.py:175 in get_style()] Column 'col_cbm' style dict: {'format': '0.00', 'alignment': 'center', 'vertical_alignment': None, 'width': 15, 'wrap_text': False}
>>> [36mDEBUG[0m >>> [style_registry.py:177 in get_style()] After column merge: {'format': '0.00', 'alignment': 'center', 'width': 15, 'wrap_text': False}
>>> [36mDEBUG[0m >>> [data_table_builder.py:115 in _update_leather_summary()] Checking row description: 'L LEESWORTH BUFFALO OCEAN U43809'
>>> [36mDEBUG[0m >>> [data_table_builder.py:124 in _update_leather_summary()] Found BUFFALO leather row: L LEESWORTH BUFFALO OCEAN U43809
>>> [36mDEBUG[0m >>> [data_table_builder.py:146 in _update_leather_summary()] Added 140491 to BUFFALO col_item. New total: 842946
>>> [36mDEBUG[0m >>> [data_table_builder.py:146 in _update_leather_summary()] Added 270 to BUFFALO col_qty_pcs. New total: 1341
>>> [36mDEBUG[0m >>> [data_table_builder.py:146 in _update_leather_summary()] Added 10179.4 to BUFFALO col_qty_sf. New total: 50321.8
>>> [36mDEBUG[0m >>> [data_table_builder.py:146 in _update_leather_summary()] Added 668.5 to BUFFALO col_net. New total: 3304.5
>>> [36mDEBUG[0m >>> [data_table_builder.py:146 in _update_leather_summary()] Added 713.5 to BUFFALO col_gross. New total: 3529.5
>>> [36mDEBUG[0m >>> [data_table_builder.py:146 in _update_leather_summary()] Added 2.4948 to BUFFALO col_cbm. New total: 12.276
>>> [36mDEBUG[0m >>> [style_registry.py:175 in get_style()] Column 'col_po' style dict: {'format': '@', 'alignment': 'center', 'vertical_alignment': None, 'width': 17, 'wrap_text': True}
>>> [36mDEBUG[0m >>> [style_registry.py:177 in get_style()] After column merge: {'format': '@', 'alignment': 'center', 'width': 17, 'wrap_text': True}
>>> [36mDEBUG[0m >>> [data_table_builder.py:233 in build()] Applied row height 27 to row 49
>>> [36mDEBUG[0m >>> [style_registry.py:175 in get_style()] Column 'col_item' style dict: {'format': '@', 'alignment': 'center', 'vertical_alignment': None, 'width': 22.14, 'wrap_text': True}
>>> [36mDEBUG[0m >>> [style_registry.py:177 in get_style()] After column merge: {'format': '@', 'alignment': 'center', 'width': 22.14, 'wrap_text': True}
>>> [36mDEBUG[0m >>> [style_registry.py:175 in get_style()] Column 'col_desc' style dict: {'format': '@', 'alignment': 'center', 'vertical_alignment': None, 'width': 26, 'wrap_text': True}
>>> [36mDEBUG[0m >>> [style_registry.py:177 in get_style()] After column merge: {'format': '@', 'alignment': 'center', 'width': 26, 'wrap_text': True}
>>> [36mDEBUG[0m >>> [style_registry.py:175 in get_style()] Column 'col_qty_pcs' style dict: {'format': '#,##0', 'alignment': 'center', 'vertical_alignment': None, 'width': 15, 'wrap_text': False}
>>> [36mDEBUG[0m >>> [style_registry.py:177 in get_style()] After column merge: {'format': '#,##0', 'alignment': 'center', 'width': 15, 'wrap_text': False}
>>> [36mDEBUG[0m >>> [style_registry.py:175 in get_style()] Column 'col_qty_sf' style dict: {'format': '#,##0.00', 'alignment': 'center', 'vertical_alignment': None, 'width': 15, 'wrap_text': False}
>>> [36mDEBUG[0m >>> [style_registry.py:177 in get_style()] After column merge: {'format': '#,##0.00', 'alignment': 'center', 'width': 15, 'wrap_text': False}
>>> [36mDEBUG[0m >>> [style_registry.py:175 in get_style()] Column 'col_net' style dict: {'format': '#,##0.00', 'alignment': 'center', 'vertical_alignment': None, 'width': 15, 'wrap_text': False}
>>> [36mDEBUG[0m >>> [style_registry.py:177 in get_style()] After column merge: {'format': '#,##0.00', 'alignment': 'center', 'width': 15, 'wrap_text': False}
>>> [36mDEBUG[0m >>> [style_registry.py:175 in get_style()] Column 'col_gross' style dict: {'format': '#,##0.00', 'alignment': 'center', 'vertical_alignment': None, 'width': 15, 'wrap_text': False}
>>> [36mDEBUG[0m >>> [style_registry.py:177 in get_style()] After column merge: {'format': '#,##0.00', 'alignment': 'center', 'width': 15, 'wrap_text': False}
>>> [36mDEBUG[0m >>> [style_registry.py:175 in get_style()] Column 'col_cbm' style dict: {'format': '0.00', 'alignment': 'center', 'vertical_alignment': None, 'width': 15, 'wrap_text': False}
>>> [36mDEBUG[0m >>> [style_registry.py:177 in get_style()] After column merge: {'format': '0.00', 'alignment': 'center', 'width': 15, 'wrap_text': False}
>>> [36mDEBUG[0m >>> [data_table_builder.py:115 in _update_leather_summary()] Checking row description: 'L LEESWORTH BUFFALO OCEAN U43809'
>>> [36mDEBUG[0m >>> [data_table_builder.py:124 in _update_leather_summary()] Found BUFFALO leather row: L LEESWORTH BUFFALO OCEAN U43809
>>> [36mDEBUG[0m >>> [data_table_builder.py:146 in _update_leather_summary()] Added 140491 to BUFFALO col_item. New total: 983437
>>> [36mDEBUG[0m >>> [data_table_builder.py:146 in _update_leather_summary()] Added 140 to BUFFALO col_qty_pcs. New total: 1481
>>> [36mDEBUG[0m >>> [data_table_builder.py:146 in _update_leather_summary()] Added 5360.4 to BUFFALO col_qty_sf. New total: 55682.200000000004
>>> [36mDEBUG[0m >>> [data_table_builder.py:146 in _update_leather_summary()] Added 351 to BUFFALO col_net. New total: 3655.5
>>> [36mDEBUG[0m >>> [data_table_builder.py:146 in _update_leather_summary()] Added 396 to BUFFALO col_gross. New total: 3925.5
>>> [36mDEBUG[0m >>> [data_table_builder.py:146 in _update_leather_summary()] Added 1.7424 to BUFFALO col_cbm. New total: 14.0184
>>> [36mDEBUG[0m >>> [style_registry.py:175 in get_style()] Column 'col_po' style dict: {'format': '@', 'alignment': 'center', 'vertical_alignment': None, 'width': 17, 'wrap_text': True}
>>> [36mDEBUG[0m >>> [style_registry.py:177 in get_style()] After column merge: {'format': '@', 'alignment': 'center', 'width': 17, 'wrap_text': True}
>>> [36mDEBUG[0m >>> [data_table_builder.py:233 in build()] Applied row height 27 to row 50
>>> [36mDEBUG[0m >>> [style_registry.py:175 in get_style()] Column 'col_item' style dict: {'format': '@', 'alignment': 'center', 'vertical_alignment': None, 'width': 22.14, 'wrap_text': True}
>>> [36mDEBUG[0m >>> [style_registry.py:177 in get_style()] After column merge: {'format': '@', 'alignment': 'center', 'width': 22.14, 'wrap_text': True}
>>> [36mDEBUG[0m >>> [style_registry.py:175 in get_style()] Column 'col_desc' style dict: {'format': '@', 'alignment': 'center', 'vertical_alignment': None, 'width': 26, 'wrap_text': True}
>>> [36mDEBUG[0m >>> [style_registry.py:177 in get_style()] After column merge: {'format': '@', 'alignment': 'center', 'width': 26, 'wrap_text': True}
>>> [36mDEBUG[0m >>> [style_registry.py:175 in get_style()] Column 'col_qty_pcs' style dict: {'format': '#,##0', 'alignment': 'center', 'vertical_alignment': None, 'width': 15, 'wrap_text': False}
>>> [36mDEBUG[0m >>> [style_registry.py:177 in get_style()] After column merge: {'format': '#,##0', 'alignment': 'center', 'width': 15, 'wrap_text': False}
>>> [36mDEBUG[0m >>> [style_registry.py:175 in get_style()] Column 'col_qty_sf' style dict: {'format': '#,##0.00', 'alignment': 'center', 'vertical_alignment': None, 'width': 15, 'wrap_text': False}
>>> [36mDEBUG[0m >>> [style_registry.py:177 in get_style()] After column merge: {'format': '#,##0.00', 'alignment': 'center', 'width': 15, 'wrap_text': False}
>>> [36mDEBUG[0m >>> [style_registry.py:175 in get_style()] Column 'col_net' style dict: {'format': '#,##0.00', 'alignment': 'center', 'vertical_alignment': None, 'width': 15, 'wrap_text': False}
>>> [36mDEBUG[0m >>> [style_registry.py:177 in get_style()] After column merge: {'format': '#,##0.00', 'alignment': 'center', 'width': 15, 'wrap_text': False}
>>> [36mDEBUG[0m >>> [style_registry.py:175 in get_style()] Column 'col_gross' style dict: {'format': '#,##0.00', 'alignment': 'center', 'vertical_alignment': None, 'width': 15, 'wrap_text': False}
>>> [36mDEBUG[0m >>> [style_registry.py:177 in get_style()] After column merge: {'format': '#,##0.00', 'alignment': 'center', 'width': 15, 'wrap_text': False}
>>> [36mDEBUG[0m >>> [style_registry.py:175 in get_style()] Column 'col_cbm' style dict: {'format': '0.00', 'alignment': 'center', 'vertical_alignment': None, 'width': 15, 'wrap_text': False}
>>> [36mDEBUG[0m >>> [style_registry.py:177 in get_style()] After column merge: {'format': '0.00', 'alignment': 'center', 'width': 15, 'wrap_text': False}
>>> [36mDEBUG[0m >>> [data_table_builder.py:115 in _update_leather_summary()] Checking row description: 'L MINDANAO BUFFALO COCONUT'
>>> [36mDEBUG[0m >>> [data_table_builder.py:124 in _update_leather_summary()] Found BUFFALO leather row: L MINDANAO BUFFALO COCONUT
>>> [36mDEBUG[0m >>> [data_table_builder.py:146 in _update_leather_summary()] Added 140488 to BUFFALO col_item. New total: 1123925
>>> [36mDEBUG[0m >>> [data_table_builder.py:146 in _update_leather_summary()] Added 171 to BUFFALO col_qty_pcs. New total: 1652
>>> [36mDEBUG[0m >>> [data_table_builder.py:146 in _update_leather_summary()] Added 6406.3 to BUFFALO col_qty_sf. New total: 62088.50000000001
>>> [36mDEBUG[0m >>> [data_table_builder.py:146 in _update_leather_summary()] Added 409.7081 to BUFFALO col_net. New total: 4065.2081
>>> [36mDEBUG[0m >>> [data_table_builder.py:146 in _update_leather_summary()] Added 454.1879 to BUFFALO col_gross. New total: 4379.6879
>>> [36mDEBUG[0m >>> [data_table_builder.py:146 in _update_leather_summary()] Added 1.8788 to BUFFALO col_cbm. New total: 15.8972
>>> [36mDEBUG[0m >>> [style_registry.py:175 in get_style()] Column 'col_po' style dict: {'format': '@', 'alignment': 'center', 'vertical_alignment': None, 'width': 17, 'wrap_text': True}
>>> [36mDEBUG[0m >>> [style_registry.py:177 in get_style()] After column merge: {'format': '@', 'alignment': 'center', 'width': 17, 'wrap_text': True}
>>> [36mDEBUG[0m >>> [data_table_builder.py:233 in build()] Applied row height 27 to row 51
>>> [36mDEBUG[0m >>> [style_registry.py:175 in get_style()] Column 'col_item' style dict: {'format': '@', 'alignment': 'center', 'vertical_alignment': None, 'width': 22.14, 'wrap_text': True}
>>> [36mDEBUG[0m >>> [style_registry.py:177 in get_style()] After column merge: {'format': '@', 'alignment': 'center', 'width': 22.14, 'wrap_text': True}
>>> [36mDEBUG[0m >>> [style_registry.py:175 in get_style()] Column 'col_desc' style dict: {'format': '@', 'alignment': 'center', 'vertical_alignment': None, 'width': 26, 'wrap_text': True}
>>> [36mDEBUG[0m >>> [style_registry.py:177 in get_style()] After column merge: {'format': '@', 'alignment': 'center', 'width': 26, 'wrap_text': True}
>>> [36mDEBUG[0m >>> [style_registry.py:175 in get_style()] Column 'col_qty_pcs' style dict: {'format': '#,##0', 'alignment': 'center', 'vertical_alignment': None, 'width': 15, 'wrap_text': False}
>>> [36mDEBUG[0m >>> [style_registry.py:177 in get_style()] After column merge: {'format': '#,##0', 'alignment': 'center', 'width': 15, 'wrap_text': False}
>>> [36mDEBUG[0m >>> [style_registry.py:175 in get_style()] Column 'col_qty_sf' style dict: {'format': '#,##0.00', 'alignment': 'center', 'vertical_alignment': None, 'width': 15, 'wrap_text': False}
>>> [36mDEBUG[0m >>> [style_registry.py:177 in get_style()] After column merge: {'format': '#,##0.00', 'alignment': 'center', 'width': 15, 'wrap_text': False}
>>> [36mDEBUG[0m >>> [style_registry.py:175 in get_style()] Column 'col_net' style dict: {'format': '#,##0.00', 'alignment': 'center', 'vertical_alignment': None, 'width': 15, 'wrap_text': False}
>>> [36mDEBUG[0m >>> [style_registry.py:177 in get_style()] After column merge: {'format': '#,##0.00', 'alignment': 'center', 'width': 15, 'wrap_text': False}
>>> [36mDEBUG[0m >>> [style_registry.py:175 in get_style()] Column 'col_gross' style dict: {'format': '#,##0.00', 'alignment': 'center', 'vertical_alignment': None, 'width': 15, 'wrap_text': False}
>>> [36mDEBUG[0m >>> [style_registry.py:177 in get_style()] After column merge: {'format': '#,##0.00', 'alignment': 'center', 'width': 15, 'wrap_text': False}
>>> [36mDEBUG[0m >>> [style_registry.py:175 in get_style()] Column 'col_cbm' style dict: {'format': '0.00', 'alignment': 'center', 'vertical_alignment': None, 'width': 15, 'wrap_text': False}
>>> [36mDEBUG[0m >>> [style_registry.py:177 in get_style()] After column merge: {'format': '0.00', 'alignment': 'center', 'width': 15, 'wrap_text': False}
>>> [36mDEBUG[0m >>> [data_table_builder.py:115 in _update_leather_summary()] Checking row description: 'L MINDANAO BUFFALO COCONUT'
>>> [36mDEBUG[0m >>> [data_table_builder.py:124 in _update_leather_summary()] Found BUFFALO leather row: L MINDANAO BUFFALO COCONUT
>>> [36mDEBUG[0m >>> [data_table_builder.py:146 in _update_leather_summary()] Added 140488 to BUFFALO col_item. New total: 1264413
>>> [36mDEBUG[0m >>> [data_table_builder.py:146 in _update_leather_summary()] Added 2 to BUFFALO col_qty_pcs. New total: 1654
>>> [36mDEBUG[0m >>> [data_table_builder.py:146 in _update_leather_summary()] Added 44.4 to BUFFALO col_qty_sf. New total: 62132.90000000001
>>> [36mDEBUG[0m >>> [data_table_builder.py:146 in _update_leather_summary()] Added 4.7919 to BUFFALO col_net. New total: 4070.0
>>> [36mDEBUG[0m >>> [data_table_builder.py:146 in _update_leather_summary()] Added 5.3121 to BUFFALO col_gross. New total: 4385.0
>>> [36mDEBUG[0m >>> [data_table_builder.py:146 in _update_leather_summary()] Added 0.022 to BUFFALO col_cbm. New total: 15.9192
>>> [36mDEBUG[0m >>> [style_registry.py:175 in get_style()] Column 'col_po' style dict: {'format': '@', 'alignment': 'center', 'vertical_alignment': None, 'width': 17, 'wrap_text': True}
>>> [36mDEBUG[0m >>> [style_registry.py:177 in get_style()] After column merge: {'format': '@', 'alignment': 'center', 'width': 17, 'wrap_text': True}
>>> [36mDEBUG[0m >>> [data_table_builder.py:233 in build()] Applied row height 27 to row 52
>>> [36mDEBUG[0m >>> [style_registry.py:175 in get_style()] Column 'col_item' style dict: {'format': '@', 'alignment': 'center', 'vertical_alignment': None, 'width': 22.14, 'wrap_text': True}
>>> [36mDEBUG[0m >>> [style_registry.py:177 in get_style()] After column merge: {'format': '@', 'alignment': 'center', 'width': 22.14, 'wrap_text': True}
>>> [36mDEBUG[0m >>> [style_registry.py:175 in get_style()] Column 'col_desc' style dict: {'format': '@', 'alignment': 'center', 'vertical_alignment': None, 'width': 26, 'wrap_text': True}
>>> [36mDEBUG[0m >>> [style_registry.py:177 in get_style()] After column merge: {'format': '@', 'alignment': 'center', 'width': 26, 'wrap_text': True}
>>> [36mDEBUG[0m >>> [style_registry.py:175 in get_style()] Column 'col_qty_pcs' style dict: {'format': '#,##0', 'alignment': 'center', 'vertical_alignment': None, 'width': 15, 'wrap_text': False}
>>> [36mDEBUG[0m >>> [style_registry.py:177 in get_style()] After column merge: {'format': '#,##0', 'alignment': 'center', 'width': 15, 'wrap_text': False}
>>> [36mDEBUG[0m >>> [style_registry.py:175 in get_style()] Column 'col_qty_sf' style dict: {'format': '#,##0.00', 'alignment': 'center', 'vertical_alignment': None, 'width': 15, 'wrap_text': False}
>>> [36mDEBUG[0m >>> [style_registry.py:177 in get_style()] After column merge: {'format': '#,##0.00', 'alignment': 'center', 'width': 15, 'wrap_text': False}
>>> [36mDEBUG[0m >>> [style_registry.py:175 in get_style()] Column 'col_net' style dict: {'format': '#,##0.00', 'alignment': 'center', 'vertical_alignment': None, 'width': 15, 'wrap_text': False}
>>> [36mDEBUG[0m >>> [style_registry.py:177 in get_style()] After column merge: {'format': '#,##0.00', 'alignment': 'center', 'width': 15, 'wrap_text': False}
>>> [36mDEBUG[0m >>> [style_registry.py:175 in get_style()] Column 'col_gross' style dict: {'format': '#,##0.00', 'alignment': 'center', 'vertical_alignment': None, 'width': 15, 'wrap_text': False}
>>> [36mDEBUG[0m >>> [style_registry.py:177 in get_style()] After column merge: {'format': '#,##0.00', 'alignment': 'center', 'width': 15, 'wrap_text': False}
>>> [36mDEBUG[0m >>> [style_registry.py:175 in get_style()] Column 'col_cbm' style dict: {'format': '0.00', 'alignment': 'center', 'vertical_alignment': None, 'width': 15, 'wrap_text': False}
>>> [36mDEBUG[0m >>> [style_registry.py:177 in get_style()] After column merge: {'format': '0.00', 'alignment': 'center', 'width': 15, 'wrap_text': False}
>>> [36mDEBUG[0m >>> [data_table_builder.py:115 in _update_leather_summary()] Checking row description: 'L MINDANAO BUFFALO COCONUT'
>>> [36mDEBUG[0m >>> [data_table_builder.py:124 in _update_leather_summary()] Found BUFFALO leather row: L MINDANAO BUFFALO COCONUT
>>> [36mDEBUG[0m >>> [data_table_builder.py:146 in _update_leather_summary()] Added 140488 to BUFFALO col_item. New total: 1404901
>>> [36mDEBUG[0m >>> [data_table_builder.py:146 in _update_leather_summary()] Added 310 to BUFFALO col_qty_pcs. New total: 1964
>>> [36mDEBUG[0m >>> [data_table_builder.py:146 in _update_leather_summary()] Added 11418.9 to BUFFALO col_qty_sf. New total: 73551.8
>>> [36mDEBUG[0m >>> [data_table_builder.py:146 in _update_leather_summary()] Added 755 to BUFFALO col_net. New total: 4825.0
>>> [36mDEBUG[0m >>> [data_table_builder.py:146 in _update_leather_summary()] Added 800 to BUFFALO col_gross. New total: 5185.0
>>> [36mDEBUG[0m >>> [data_table_builder.py:146 in _update_leather_summary()] Added 2.4552 to BUFFALO col_cbm. New total: 18.3744
>>> [36mDEBUG[0m >>> [style_registry.py:175 in get_style()] Column 'col_po' style dict: {'format': '@', 'alignment': 'center', 'vertical_alignment': None, 'width': 17, 'wrap_text': True}
>>> [36mDEBUG[0m >>> [style_registry.py:177 in get_style()] After column merge: {'format': '@', 'alignment': 'center', 'width': 17, 'wrap_text': True}
>>> [36mDEBUG[0m >>> [data_table_builder.py:233 in build()] Applied row height 27 to row 53
>>> [36mDEBUG[0m >>> [style_registry.py:175 in get_style()] Column 'col_item' style dict: {'format': '@', 'alignment': 'center', 'vertical_alignment': None, 'width': 22.14, 'wrap_text': True}
>>> [36mDEBUG[0m >>> [style_registry.py:177 in get_style()] After column merge: {'format': '@', 'alignment': 'center', 'width': 22.14, 'wrap_text': True}
>>> [36mDEBUG[0m >>> [style_registry.py:175 in get_style()] Column 'col_desc' style dict: {'format': '@', 'alignment': 'center', 'vertical_alignment': None, 'width': 26, 'wrap_text': True}
>>> [36mDEBUG[0m >>> [style_registry.py:177 in get_style()] After column merge: {'format': '@', 'alignment': 'center', 'width': 26, 'wrap_text': True}
>>> [36mDEBUG[0m >>> [style_registry.py:175 in get_style()] Column 'col_qty_pcs' style dict: {'format': '#,##0', 'alignment': 'center', 'vertical_alignment': None, 'width': 15, 'wrap_text': False}
>>> [36mDEBUG[0m >>> [style_registry.py:177 in get_style()] After column merge: {'format': '#,##0', 'alignment': 'center', 'width': 15, 'wrap_text': False}
>>> [36mDEBUG[0m >>> [style_registry.py:175 in get_style()] Column 'col_qty_sf' style dict: {'format': '#,##0.00', 'alignment': 'center', 'vertical_alignment': None, 'width': 15, 'wrap_text': False}
>>> [36mDEBUG[0m >>> [style_registry.py:177 in get_style()] After column merge: {'format': '#,##0.00', 'alignment': 'center', 'width': 15, 'wrap_text': False}
>>> [36mDEBUG[0m >>> [style_registry.py:175 in get_style()] Column 'col_net' style dict: {'format': '#,##0.00', 'alignment': 'center', 'vertical_alignment': None, 'width': 15, 'wrap_text': False}
>>> [36mDEBUG[0m >>> [style_registry.py:177 in get_style()] After column merge: {'format': '#,##0.00', 'alignment': 'center', 'width': 15, 'wrap_text': False}
>>> [36mDEBUG[0m >>> [style_registry.py:175 in get_style()] Column 'col_gross' style dict: {'format': '#,##0.00', 'alignment': 'center', 'vertical_alignment': None, 'width': 15, 'wrap_text': False}
>>> [36mDEBUG[0m >>> [style_registry.py:177 in get_style()] After column merge: {'format': '#,##0.00', 'alignment': 'center', 'width': 15, 'wrap_text': False}
>>> [36mDEBUG[0m >>> [style_registry.py:175 in get_style()] Column 'col_cbm' style dict: {'format': '0.00', 'alignment': 'center', 'vertical_alignment': None, 'width': 15, 'wrap_text': False}
>>> [36mDEBUG[0m >>> [style_registry.py:177 in get_style()] After column merge: {'format': '0.00', 'alignment': 'center', 'width': 15, 'wrap_text': False}
>>> [36mDEBUG[0m >>> [data_table_builder.py:115 in _update_leather_summary()] Checking row description: 'L MINDANAO BUFFALO COCONUT'
>>> [36mDEBUG[0m >>> [data_table_builder.py:124 in _update_leather_summary()] Found BUFFALO leather row: L MINDANAO BUFFALO COCONUT
>>> [36mDEBUG[0m >>> [data_table_builder.py:146 in _update_leather_summary()] Added 140488 to BUFFALO col_item. New total: 1545389
>>> [36mDEBUG[0m >>> [data_table_builder.py:146 in _update_leather_summary()] Added 310 to BUFFALO col_qty_pcs. New total: 2274
>>> [36mDEBUG[0m >>> [data_table_builder.py:146 in _update_leather_summary()] Added 11702.5 to BUFFALO col_qty_sf. New total: 85254.3
>>> [36mDEBUG[0m >>> [data_table_builder.py:146 in _update_leather_summary()] Added 760.5 to BUFFALO col_net. New total: 5585.5
>>> [36mDEBUG[0m >>> [data_table_builder.py:146 in _update_leather_summary()] Added 805.5 to BUFFALO col_gross. New total: 5990.5
>>> [36mDEBUG[0m >>> [data_table_builder.py:146 in _update_leather_summary()] Added 2.574 to BUFFALO col_cbm. New total: 20.9484
>>> [36mDEBUG[0m >>> [style_registry.py:175 in get_style()] Column 'col_po' style dict: {'format': '@', 'alignment': 'center', 'vertical_alignment': None, 'width': 17, 'wrap_text': True}
>>> [36mDEBUG[0m >>> [style_registry.py:177 in get_style()] After column merge: {'format': '@', 'alignment': 'center', 'width': 17, 'wrap_text': True}
>>> [36mDEBUG[0m >>> [data_table_builder.py:233 in build()] Applied row height 27 to row 54
>>> [36mDEBUG[0m >>> [style_registry.py:175 in get_style()] Column 'col_item' style dict: {'format': '@', 'alignment': 'center', 'vertical_alignment': None, 'width': 22.14, 'wrap_text': True}
>>> [36mDEBUG[0m >>> [style_registry.py:177 in get_style()] After column merge: {'format': '@', 'alignment': 'center', 'width': 22.14, 'wrap_text': True}
>>> [36mDEBUG[0m >>> [style_registry.py:175 in get_style()] Column 'col_desc' style dict: {'format': '@', 'alignment': 'center', 'vertical_alignment': None, 'width': 26, 'wrap_text': True}
>>> [36mDEBUG[0m >>> [style_registry.py:177 in get_style()] After column merge: {'format': '@', 'alignment': 'center', 'width': 26, 'wrap_text': True}
>>> [36mDEBUG[0m >>> [style_registry.py:175 in get_style()] Column 'col_qty_pcs' style dict: {'format': '#,##0', 'alignment': 'center', 'vertical_alignment': None, 'width': 15, 'wrap_text': False}
>>> [36mDEBUG[0m >>> [style_registry.py:177 in get_style()] After column merge: {'format': '#,##0', 'alignment': 'center', 'width': 15, 'wrap_text': False}
>>> [36mDEBUG[0m >>> [style_registry.py:175 in get_style()] Column 'col_qty_sf' style dict: {'format': '#,##0.00', 'alignment': 'center', 'vertical_alignment': None, 'width': 15, 'wrap_text': False}
>>> [36mDEBUG[0m >>> [style_registry.py:177 in get_style()] After column merge: {'format': '#,##0.00', 'alignment': 'center', 'width': 15, 'wrap_text': False}
>>> [36mDEBUG[0m >>> [style_registry.py:175 in get_style()] Column 'col_net' style dict: {'format': '#,##0.00', 'alignment': 'center', 'vertical_alignment': None, 'width': 15, 'wrap_text': False}
>>> [36mDEBUG[0m >>> [style_registry.py:177 in get_style()] After column merge: {'format': '#,##0.00', 'alignment': 'center', 'width': 15, 'wrap_text': False}
>>> [36mDEBUG[0m >>> [style_registry.py:175 in get_style()] Column 'col_gross' style dict: {'format': '#,##0.00', 'alignment': 'center', 'vertical_alignment': None, 'width': 15, 'wrap_text': False}
>>> [36mDEBUG[0m >>> [style_registry.py:177 in get_style()] After column merge: {'format': '#,##0.00', 'alignment': 'center', 'width': 15, 'wrap_text': False}
>>> [36mDEBUG[0m >>> [style_registry.py:175 in get_style()] Column 'col_cbm' style dict: {'format': '0.00', 'alignment': 'center', 'vertical_alignment': None, 'width': 15, 'wrap_text': False}
>>> [36mDEBUG[0m >>> [style_registry.py:177 in get_style()] After column merge: {'format': '0.00', 'alignment': 'center', 'width': 15, 'wrap_text': False}
>>> [36mDEBUG[0m >>> [data_table_builder.py:115 in _update_leather_summary()] Checking row description: 'L MINDANAO BUFFALO COCONUT'
>>> [36mDEBUG[0m >>> [data_table_builder.py:124 in _update_leather_summary()] Found BUFFALO leather row: L MINDANAO BUFFALO COCONUT
>>> [36mDEBUG[0m >>> [data_table_builder.py:146 in _update_leather_summary()] Added 140488 to BUFFALO col_item. New total: 1685877
>>> [36mDEBUG[0m >>> [data_table_builder.py:146 in _update_leather_summary()] Added 190 to BUFFALO col_qty_pcs. New total: 2464
>>> [36mDEBUG[0m >>> [data_table_builder.py:146 in _update_leather_summary()] Added 7025.8 to BUFFALO col_qty_sf. New total: 92280.1
>>> [36mDEBUG[0m >>> [data_table_builder.py:146 in _update_leather_summary()] Added 471 to BUFFALO col_net. New total: 6056.5
>>> [36mDEBUG[0m >>> [data_table_builder.py:146 in _update_leather_summary()] Added 516 to BUFFALO col_gross. New total: 6506.5
>>> [36mDEBUG[0m >>> [data_table_builder.py:146 in _update_leather_summary()] Added 1.8216 to BUFFALO col_cbm. New total: 22.77
>>> [36mDEBUG[0m >>> [style_registry.py:175 in get_style()] Column 'col_po' style dict: {'format': '@', 'alignment': 'center', 'vertical_alignment': None, 'width': 17, 'wrap_text': True}
>>> [36mDEBUG[0m >>> [style_registry.py:177 in get_style()] After column merge: {'format': '@', 'alignment': 'center', 'width': 17, 'wrap_text': True}
>>> [36mDEBUG[0m >>> [data_table_builder.py:233 in build()] Applied row height 27 to row 55
>>> [36mDEBUG[0m >>> [style_registry.py:175 in get_style()] Column 'col_item' style dict: {'format': '@', 'alignment': 'center', 'vertical_alignment': None, 'width': 22.14, 'wrap_text': True}
>>> [36mDEBUG[0m >>> [style_registry.py:177 in get_style()] After column merge: {'format': '@', 'alignment': 'center', 'width': 22.14, 'wrap_text': True}
>>> [36mDEBUG[0m >>> [style_registry.py:175 in get_style()] Column 'col_desc' style dict: {'format': '@', 'alignment': 'center', 'vertical_alignment': None, 'width': 26, 'wrap_text': True}
>>> [36mDEBUG[0m >>> [style_registry.py:177 in get_style()] After column merge: {'format': '@', 'alignment': 'center', 'width': 26, 'wrap_text': True}
>>> [36mDEBUG[0m >>> [style_registry.py:175 in get_style()] Column 'col_qty_pcs' style dict: {'format': '#,##0', 'alignment': 'center', 'vertical_alignment': None, 'width': 15, 'wrap_text': False}
>>> [36mDEBUG[0m >>> [style_registry.py:177 in get_style()] After column merge: {'format': '#,##0', 'alignment': 'center', 'width': 15, 'wrap_text': False}
>>> [36mDEBUG[0m >>> [style_registry.py:175 in get_style()] Column 'col_qty_sf' style dict: {'format': '#,##0.00', 'alignment': 'center', 'vertical_alignment': None, 'width': 15, 'wrap_text': False}
>>> [36mDEBUG[0m >>> [style_registry.py:177 in get_style()] After column merge: {'format': '#,##0.00', 'alignment': 'center', 'width': 15, 'wrap_text': False}
>>> [36mDEBUG[0m >>> [style_registry.py:175 in get_style()] Column 'col_net' style dict: {'format': '#,##0.00', 'alignment': 'center', 'vertical_alignment': None, 'width': 15, 'wrap_text': False}
>>> [36mDEBUG[0m >>> [style_registry.py:177 in get_style()] After column merge: {'format': '#,##0.00', 'alignment': 'center', 'width': 15, 'wrap_text': False}
>>> [36mDEBUG[0m >>> [style_registry.py:175 in get_style()] Column 'col_gross' style dict: {'format': '#,##0.00', 'alignment': 'center', 'vertical_alignment': None, 'width': 15, 'wrap_text': False}
>>> [36mDEBUG[0m >>> [style_registry.py:177 in get_style()] After column merge: {'format': '#,##0.00', 'alignment': 'center', 'width': 15, 'wrap_text': False}
>>> [36mDEBUG[0m >>> [style_registry.py:175 in get_style()] Column 'col_cbm' style dict: {'format': '0.00', 'alignment': 'center', 'vertical_alignment': None, 'width': 15, 'wrap_text': False}
>>> [36mDEBUG[0m >>> [style_registry.py:177 in get_style()] After column merge: {'format': '0.00', 'alignment': 'center', 'width': 15, 'wrap_text': False}
>>> [36mDEBUG[0m >>> [data_table_builder.py:115 in _update_leather_summary()] Checking row description: 'L MINDANAO BUFFALO STEELU59504'
>>> [36mDEBUG[0m >>> [data_table_builder.py:124 in _update_leather_summary()] Found BUFFALO leather row: L MINDANAO BUFFALO STEELU59504
>>> [36mDEBUG[0m >>> [data_table_builder.py:146 in _update_leather_summary()] Added 140489 to BUFFALO col_item. New total: 1826366
>>> [36mDEBUG[0m >>> [data_table_builder.py:146 in _update_leather_summary()] Added 250 to BUFFALO col_qty_pcs. New total: 2714
>>> [36mDEBUG[0m >>> [data_table_builder.py:146 in _update_leather_summary()] Added 9678.2 to BUFFALO col_qty_sf. New total: 101958.3
>>> [36mDEBUG[0m >>> [data_table_builder.py:146 in _update_leather_summary()] Added 640 to BUFFALO col_net. New total: 6696.5
>>> [36mDEBUG[0m >>> [data_table_builder.py:146 in _update_leather_summary()] Added 685 to BUFFALO col_gross. New total: 7191.5
>>> [36mDEBUG[0m >>> [data_table_builder.py:146 in _update_leather_summary()] Added 2.4948 to BUFFALO col_cbm. New total: 25.2648
>>> [36mDEBUG[0m >>> [style_registry.py:175 in get_style()] Column 'col_po' style dict: {'format': '@', 'alignment': 'center', 'vertical_alignment': None, 'width': 17, 'wrap_text': True}
>>> [36mDEBUG[0m >>> [style_registry.py:177 in get_style()] After column merge: {'format': '@', 'alignment': 'center', 'width': 17, 'wrap_text': True}
>>> [36mDEBUG[0m >>> [data_table_builder.py:233 in build()] Applied row height 27 to row 56
>>> [36mDEBUG[0m >>> [style_registry.py:175 in get_style()] Column 'col_item' style dict: {'format': '@', 'alignment': 'center', 'vertical_alignment': None, 'width': 22.14, 'wrap_text': True}
>>> [36mDEBUG[0m >>> [style_registry.py:177 in get_style()] After column merge: {'format': '@', 'alignment': 'center', 'width': 22.14, 'wrap_text': True}
>>> [36mDEBUG[0m >>> [style_registry.py:175 in get_style()] Column 'col_desc' style dict: {'format': '@', 'alignment': 'center', 'vertical_alignment': None, 'width': 26, 'wrap_text': True}
>>> [36mDEBUG[0m >>> [style_registry.py:177 in get_style()] After column merge: {'format': '@', 'alignment': 'center', 'width': 26, 'wrap_text': True}
>>> [36mDEBUG[0m >>> [style_registry.py:175 in get_style()] Column 'col_qty_pcs' style dict: {'format': '#,##0', 'alignment': 'center', 'vertical_alignment': None, 'width': 15, 'wrap_text': False}
>>> [36mDEBUG[0m >>> [style_registry.py:177 in get_style()] After column merge: {'format': '#,##0', 'alignment': 'center', 'width': 15, 'wrap_text': False}
>>> [36mDEBUG[0m >>> [style_registry.py:175 in get_style()] Column 'col_qty_sf' style dict: {'format': '#,##0.00', 'alignment': 'center', 'vertical_alignment': None, 'width': 15, 'wrap_text': False}
>>> [36mDEBUG[0m >>> [style_registry.py:177 in get_style()] After column merge: {'format': '#,##0.00', 'alignment': 'center', 'width': 15, 'wrap_text': False}
>>> [36mDEBUG[0m >>> [style_registry.py:175 in get_style()] Column 'col_net' style dict: {'format': '#,##0.00', 'alignment': 'center', 'vertical_alignment': None, 'width': 15, 'wrap_text': False}
>>> [36mDEBUG[0m >>> [style_registry.py:177 in get_style()] After column merge: {'format': '#,##0.00', 'alignment': 'center', 'width': 15, 'wrap_text': False}
>>> [36mDEBUG[0m >>> [style_registry.py:175 in get_style()] Column 'col_gross' style dict: {'format': '#,##0.00', 'alignment': 'center', 'vertical_alignment': None, 'width': 15, 'wrap_text': False}
>>> [36mDEBUG[0m >>> [style_registry.py:177 in get_style()] After column merge: {'format': '#,##0.00', 'alignment': 'center', 'width': 15, 'wrap_text': False}
>>> [36mDEBUG[0m >>> [style_registry.py:175 in get_style()] Column 'col_cbm' style dict: {'format': '0.00', 'alignment': 'center', 'vertical_alignment': None, 'width': 15, 'wrap_text': False}
>>> [36mDEBUG[0m >>> [style_registry.py:177 in get_style()] After column merge: {'format': '0.00', 'alignment': 'center', 'width': 15, 'wrap_text': False}
>>> [36mDEBUG[0m >>> [data_table_builder.py:115 in _update_leather_summary()] Checking row description: 'L MINDANAO BUFFALO STEELU59504'
>>> [36mDEBUG[0m >>> [data_table_builder.py:124 in _update_leather_summary()] Found BUFFALO leather row: L MINDANAO BUFFALO STEELU59504
>>> [36mDEBUG[0m >>> [data_table_builder.py:146 in _update_leather_summary()] Added 140489 to BUFFALO col_item. New total: 1966855
>>> [36mDEBUG[0m >>> [data_table_builder.py:146 in _update_leather_summary()] Added 199 to BUFFALO col_qty_pcs. New total: 2913
>>> [36mDEBUG[0m >>> [data_table_builder.py:146 in _update_leather_summary()] Added 7696 to BUFFALO col_qty_sf. New total: 109654.3
>>> [36mDEBUG[0m >>> [data_table_builder.py:146 in _update_leather_summary()] Added 503.5 to BUFFALO col_net. New total: 7200.0
>>> [36mDEBUG[0m >>> [data_table_builder.py:146 in _update_leather_summary()] Added 548.5 to BUFFALO col_gross. New total: 7740.0
>>> [36mDEBUG[0m >>> [data_table_builder.py:146 in _update_leather_summary()] Added 2.178 to BUFFALO col_cbm. New total: 27.442800000000002
>>> [36mDEBUG[0m >>> [style_registry.py:175 in get_style()] Column 'col_po' style dict: {'format': '@', 'alignment': 'center', 'vertical_alignment': None, 'width': 17, 'wrap_text': True}
>>> [36mDEBUG[0m >>> [style_registry.py:177 in get_style()] After column merge: {'format': '@', 'alignment': 'center', 'width': 17, 'wrap_text': True}
>>> [36mDEBUG[0m >>> [data_table_builder.py:233 in build()] Applied row height 27 to row 57
>>> [36mDEBUG[0m >>> [style_registry.py:175 in get_style()] Column 'col_item' style dict: {'format': '@', 'alignment': 'center', 'vertical_alignment': None, 'width': 22.14, 'wrap_text': True}
>>> [36mDEBUG[0m >>> [style_registry.py:177 in get_style()] After column merge: {'format': '@', 'alignment': 'center', 'width': 22.14, 'wrap_text': True}
>>> [36mDEBUG[0m >>> [style_registry.py:175 in get_style()] Column 'col_desc' style dict: {'format': '@', 'alignment': 'center', 'vertical_alignment': None, 'width': 26, 'wrap_text': True}
>>> [36mDEBUG[0m >>> [style_registry.py:177 in get_style()] After column merge: {'format': '@', 'alignment': 'center', 'width': 26, 'wrap_text': True}
>>> [36mDEBUG[0m >>> [style_registry.py:175 in get_style()] Column 'col_qty_pcs' style dict: {'format': '#,##0', 'alignment': 'center', 'vertical_alignment': None, 'width': 15, 'wrap_text': False}
>>> [36mDEBUG[0m >>> [style_registry.py:177 in get_style()] After column merge: {'format': '#,##0', 'alignment': 'center', 'width': 15, 'wrap_text': False}
>>> [36mDEBUG[0m >>> [style_registry.py:175 in get_style()] Column 'col_qty_sf' style dict: {'format': '#,##0.00', 'alignment': 'center', 'vertical_alignment': None, 'width': 15, 'wrap_text': False}
>>> [36mDEBUG[0m >>> [style_registry.py:177 in get_style()] After column merge: {'format': '#,##0.00', 'alignment': 'center', 'width': 15, 'wrap_text': False}
>>> [36mDEBUG[0m >>> [style_registry.py:175 in get_style()] Column 'col_net' style dict: {'format': '#,##0.00', 'alignment': 'center', 'vertical_alignment': None, 'width': 15, 'wrap_text': False}
>>> [36mDEBUG[0m >>> [style_registry.py:177 in get_style()] After column merge: {'format': '#,##0.00', 'alignment': 'center', 'width': 15, 'wrap_text': False}
>>> [36mDEBUG[0m >>> [style_registry.py:175 in get_style()] Column 'col_gross' style dict: {'format': '#,##0.00', 'alignment': 'center', 'vertical_alignment': None, 'width': 15, 'wrap_text': False}
>>> [36mDEBUG[0m >>> [style_registry.py:177 in get_style()] After column merge: {'format': '#,##0.00', 'alignment': 'center', 'width': 15, 'wrap_text': False}
>>> [36mDEBUG[0m >>> [style_registry.py:175 in get_style()] Column 'col_cbm' style dict: {'format': '0.00', 'alignment': 'center', 'vertical_alignment': None, 'width': 15, 'wrap_text': False}
>>> [36mDEBUG[0m >>> [style_registry.py:177 in get_style()] After column merge: {'format': '0.00', 'alignment': 'center', 'width': 15, 'wrap_text': False}
>>> [36mDEBUG[0m >>> [data_table_builder.py:115 in _update_leather_summary()] Checking row description: 'L MINDANAO BUFFALO STEELU59504'
>>> [36mDEBUG[0m >>> [data_table_builder.py:124 in _update_leather_summary()] Found BUFFALO leather row: L MINDANAO BUFFALO STEELU59504
>>> [36mDEBUG[0m >>> [data_table_builder.py:146 in _update_leather_summary()] Added 140489 to BUFFALO col_item. New total: 2107344
>>> [36mDEBUG[0m >>> [data_table_builder.py:146 in _update_leather_summary()] Added 239 to BUFFALO col_qty_pcs. New total: 3152
>>> [36mDEBUG[0m >>> [data_table_builder.py:146 in _update_leather_summary()] Added 9285.5 to BUFFALO col_qty_sf. New total: 118939.8
>>> [36mDEBUG[0m >>> [data_table_builder.py:146 in _update_leather_summary()] Added 622 to BUFFALO col_net. New total: 7822.0
>>> [36mDEBUG[0m >>> [data_table_builder.py:146 in _update_leather_summary()] Added 667 to BUFFALO col_gross. New total: 8407.0
>>> [36mDEBUG[0m >>> [data_table_builder.py:146 in _update_leather_summary()] Added 2.2968 to BUFFALO col_cbm. New total: 29.739600000000003
>>> [36mDEBUG[0m >>> [style_registry.py:175 in get_style()] Column 'col_po' style dict: {'format': '@', 'alignment': 'center', 'vertical_alignment': None, 'width': 17, 'wrap_text': True}
>>> [36mDEBUG[0m >>> [style_registry.py:177 in get_style()] After column merge: {'format': '@', 'alignment': 'center', 'width': 17, 'wrap_text': True}
>>> [36mDEBUG[0m >>> [data_table_builder.py:233 in build()] Applied row height 27 to row 58
>>> [36mDEBUG[0m >>> [style_registry.py:175 in get_style()] Column 'col_item' style dict: {'format': '@', 'alignment': 'center', 'vertical_alignment': None, 'width': 22.14, 'wrap_text': True}
>>> [36mDEBUG[0m >>> [style_registry.py:177 in get_style()] After column merge: {'format': '@', 'alignment': 'center', 'width': 22.14, 'wrap_text': True}
>>> [36mDEBUG[0m >>> [style_registry.py:175 in get_style()] Column 'col_desc' style dict: {'format': '@', 'alignment': 'center', 'vertical_alignment': None, 'width': 26, 'wrap_text': True}
>>> [36mDEBUG[0m >>> [style_registry.py:177 in get_style()] After column merge: {'format': '@', 'alignment': 'center', 'width': 26, 'wrap_text': True}
>>> [36mDEBUG[0m >>> [style_registry.py:175 in get_style()] Column 'col_qty_pcs' style dict: {'format': '#,##0', 'alignment': 'center', 'vertical_alignment': None, 'width': 15, 'wrap_text': False}
>>> [36mDEBUG[0m >>> [style_registry.py:177 in get_style()] After column merge: {'format': '#,##0', 'alignment': 'center', 'width': 15, 'wrap_text': False}
>>> [36mDEBUG[0m >>> [style_registry.py:175 in get_style()] Column 'col_qty_sf' style dict: {'format': '#,##0.00', 'alignment': 'center', 'vertical_alignment': None, 'width': 15, 'wrap_text': False}
>>> [36mDEBUG[0m >>> [style_registry.py:177 in get_style()] After column merge: {'format': '#,##0.00', 'alignment': 'center', 'width': 15, 'wrap_text': False}
>>> [36mDEBUG[0m >>> [style_registry.py:175 in get_style()] Column 'col_net' style dict: {'format': '#,##0.00', 'alignment': 'center', 'vertical_alignment': None, 'width': 15, 'wrap_text': False}
>>> [36mDEBUG[0m >>> [style_registry.py:177 in get_style()] After column merge: {'format': '#,##0.00', 'alignment': 'center', 'width': 15, 'wrap_text': False}
>>> [36mDEBUG[0m >>> [style_registry.py:175 in get_style()] Column 'col_gross' style dict: {'format': '#,##0.00', 'alignment': 'center', 'vertical_alignment': None, 'width': 15, 'wrap_text': False}
>>> [36mDEBUG[0m >>> [style_registry.py:177 in get_style()] After column merge: {'format': '#,##0.00', 'alignment': 'center', 'width': 15, 'wrap_text': False}
>>> [36mDEBUG[0m >>> [style_registry.py:175 in get_style()] Column 'col_cbm' style dict: {'format': '0.00', 'alignment': 'center', 'vertical_alignment': None, 'width': 15, 'wrap_text': False}
